<?xml version='1.0' encoding='utf-8'?>
<ns0:TestRun xmlns:ns0="http://microsoft.com/schemas/VisualStudio/TeamTest/2010" id="139e989f-aae3-4f2f-8cf1-b0decdac6897" name="@wanghongyideMacBook-Pro 2026-10-03 18:09:16">
  <ns0:Times creation="2026-10-03T18:09:16.8069470+08:00" queuing="2026-10-03T18:09:16.8069470+08:00" start="2026-10-03T18:09:16.5617420+08:00" finish="2026-10-03T18:09:26.1330490+08:00" />
  <ns0:TestSettings name="default" id="bc882b5e-da72-42c7-b679-3c109b81f7d2">
    <ns0:Deployment runDeploymentRoot="_wanghongyideMacBook-Pro_2026-10-03_18_09_16" />
  </ns0:TestSettings>
  <ns0:Results>
    <ns0:UnitTestResult executionId="6bb8f280-c2bb-43c4-a9d9-7d2091e7dee2" testId="2050529e-09a0-eba2-3716-94f8b10dc222" testName="W.DmProvider.SecurityTests.TlsTransportTests.WrongHostFailsEvenWithTrustedCa" computerName="wanghongyideMacBook-Pro" duration="00:00:00.4683422" startTime="2026-10-03T18:09:22.1093630+08:00" endTime="2026-10-03T18:09:22.1093630+08:00" testType="13cdc9d9-ddb5-4fa4-a97d-d965ccfc6d4b" outcome="Passed" testListId="8c84fa94-04c1-424b-9868-57a2d4851a1d" relativeResultsDirectory="6bb8f280-c2bb-43c4-a9d9-7d2091e7dee2" />
    <ns0:UnitTestResult executionId="e7b7ac02-8d50-4ef8-8069-7a9d7aa88fc7" testId="ffa8c015-1b5f-6df4-eb1d-c07b25f0e9fb" testName="W.DmProvider.SecurityTests.TlsTransportTests.UnknownCaFailsClosedWithoutSuccessfulUpgrade" computerName="wanghongyideMacBook-Pro" duration="00:00:00.6759935" startTime="2026-10-03T18:09:20.8041620+08:00" endTime="2026-10-03T18:09:20.8041620+08:00" testType="13cdc9d9-ddb5-4fa4-a97d-d965ccfc6d4b" outcome="Passed" testListId="8c84fa94-04c1-424b-9868-57a2d4851a1d" relativeResultsDirectory="e7b7ac02-8d50-4ef8-8069-7a9d7aa88fc7" />
    <ns0:UnitTestResult executionId="bd6d7726-2f14-4b3e-bade-bf4e6364d5ed" testId="32e1a5a9-e2b2-336f-f9d2-56994b3aba3a" testName="W.DmProvider.SecurityTests.TlsTransportTests.MutualTlsRejectsMissingClientCertificate" computerName="wanghongyideMacBook-Pro" duration="00:00:00.3051045" startTime="2026-10-03T18:09:22.6036000+08:00" endTime="2026-10-03T18:09:22.6036000+08:00" testType="13cdc9d9-ddb5-4fa4-a97d-d965ccfc6d4b" outcome="Passed" testListId="8c84fa94-04c1-424b-9868-57a2d4851a1d" relativeResultsDirectory="bd6d7726-2f14-4b3e-bade-bf4e6364d5ed" />
    <ns0:UnitTestResult executionId="747022a1-6235-436f-b4f3-392ea5342fd1" testId="f6c00162-7eee-3786-786f-868f81e4d515" testName="W.DmProvider.SecurityTests.TlsTransportTests.PlatformScopedPfxStillRejectsUnknownServerCaAndCloses" computerName="wanghongyideMacBook-Pro" duration="00:00:01.1760930" startTime="2026-10-03T18:09:17.9644190+08:00" endTime="2026-10-03T18:09:17.9644190+08:00" testType="13cdc9d9-ddb5-4fa4-a97d-d965ccfc6d4b" outcome="Passed" testListId="8c84fa94-04c1-424b-9868-57a2d4851a1d" relativeResultsDirectory="747022a1-6235-436f-b4f3-392ea5342fd1" />
    <ns0:UnitTestResult executionId="f3cfe576-4e1f-4937-85ca-1822cf1627d8" testId="752eb6fd-80fd-15b0-1371-18c8edcb5253" testName="W.DmProvider.SecurityTests.NegotiationPolicyTests.AuthenticationOnlyAndUnsupportedModesFailBeforeLogin" computerName="wanghongyideMacBook-Pro" duration="00:00:00.0000449" startTime="2026-10-03T18:09:16.7874650+08:00" endTime="2026-10-03T18:09:16.7874660+08:00" testType="13cdc9d9-ddb5-4fa4-a97d-d965ccfc6d4b" outcome="Passed" testListId="8c84fa94-04c1-424b-9868-57a2d4851a1d" relativeResultsDirectory="f3cfe576-4e1f-4937-85ca-1822cf1627d8" />
    <ns0:UnitTestResult executionId="9a971f20-05d9-4acc-84ad-f063cce22a7c" testId="3463e555-1b44-3c6b-2e15-d721f966a75f" testName="W.DmProvider.SecurityTests.NegotiationPolicyTests.AuthenticationOnlyAndUnsupportedModesFailBeforeLogin" computerName="wanghongyideMacBook-Pro" duration="00:00:00.0000070" startTime="2026-10-03T18:09:16.7874770+08:00" endTime="2026-10-03T18:09:16.7874770+08:00" testType="13cdc9d9-ddb5-4fa4-a97d-d965ccfc6d4b" outcome="Passed" testListId="8c84fa94-04c1-424b-9868-57a2d4851a1d" relativeResultsDirectory="9a971f20-05d9-4acc-84ad-f063cce22a7c" />
    <ns0:UnitTestResult executionId="934d5754-4a3f-410b-a0fc-445144afa92f" testId="981331c6-629b-96cc-89b4-d46a6705f120" testName="W.DmProvider.SecurityTests.TlsOptionsTests.ClientCertificatePasswordIsRedactedAcrossSnapshotAndBaseSetterPoison" computerName="wanghongyideMacBook-Pro" duration="00:00:00.0003993" startTime="2026-10-03T18:09:22.6145920+08:00" endTime="2026-10-03T18:09:22.6145920+08:00" testType="13cdc9d9-ddb5-4fa4-a97d-d965ccfc6d4b" outcome="Passed" testListId="8c84fa94-04c1-424b-9868-57a2d4851a1d" relativeResultsDirectory="934d5754-4a3f-410b-a0fc-445144afa92f" />
    <ns0:UnitTestResult executionId="a858ef7d-f6bf-43ae-a013-ac40045db5bf" testId="d950d80f-54a5-a03b-1289-9bb5c847ed44" testName="W.DmProvider.SecurityTests.TlsOptionsTests.ExplicitNoCheckChangesOnlyRevocationPolicy" computerName="wanghongyideMacBook-Pro" duration="00:00:00.1326971" startTime="2026-10-03T18:09:23.1063880+08:00" endTime="2026-10-03T18:09:23.1063890+08:00" testType="13cdc9d9-ddb5-4fa4-a97d-d965ccfc6d4b" outcome="Passed" testListId="8c84fa94-04c1-424b-9868-57a2d4851a1d" relativeResultsDirectory="a858ef7d-f6bf-43ae-a013-ac40045db5bf" />
    <ns0:UnitTestResult executionId="00c818b6-49ea-48dc-9153-29dbf4e50cb1" testId="cbbcc1d3-4d96-11ea-4f1c-18cc05676615" testName="W.DmProvider.SecurityTests.NativeLibraryTests.NativeInitializationFailureStillReleasesHandleOnce" computerName="wanghongyideMacBook-Pro" duration="00:00:00.0001781" startTime="2026-10-03T18:09:22.6136840+08:00" endTime="2026-10-03T18:09:22.6136840+08:00" testType="13cdc9d9-ddb5-4fa4-a97d-d965ccfc6d4b" outcome="Passed" testListId="8c84fa94-04c1-424b-9868-57a2d4851a1d" relativeResultsDirectory="00c818b6-49ea-48dc-9153-29dbf4e50cb1" />
    <ns0:UnitTestResult executionId="f8bc92e5-923c-4414-b37c-03a4e14beeda" testId="dbc0457a-487c-54a7-225a-4097ec4fedf3" testName="W.DmProvider.SecurityTests.AsyncTlsValidationTests.TrustedMatchingCertificateAuthenticatesThroughAsyncUpgrade" computerName="wanghongyideMacBook-Pro" duration="00:00:00.4882436" startTime="2026-10-03T18:09:23.5949310+08:00" endTime="2026-10-03T18:09:23.5949310+08:00" testType="13cdc9d9-ddb5-4fa4-a97d-d965ccfc6d4b" outcome="Passed" testListId="8c84fa94-04c1-424b-9868-57a2d4851a1d" relativeResultsDirectory="f8bc92e5-923c-4414-b37c-03a4e14beeda" />
    <ns0:UnitTestResult executionId="56aba26c-fd5f-49d4-ac4f-07b7c61e3037" testId="c2e588d7-c5ab-a805-daf0-77721f823204" testName="W.DmProvider.SecurityTests.TlsOptionsTests.OptionsKeepConfiguredTargetAndOnlineRevocationDefault" computerName="wanghongyideMacBook-Pro" duration="00:00:00.2005653" startTime="2026-10-03T18:09:22.9736100+08:00" endTime="2026-10-03T18:09:22.9736100+08:00" testType="13cdc9d9-ddb5-4fa4-a97d-d965ccfc6d4b" outcome="Passed" testListId="8c84fa94-04c1-424b-9868-57a2d4851a1d" relativeResultsDirectory="56aba26c-fd5f-49d4-ac4f-07b7c61e3037" />
    <ns0:UnitTestResult executionId="225980a6-e16b-4ea4-a66f-20e22e21e6fc" testId="eb164ca8-3483-50b7-e8bc-41d3010dbb66" testName="W.DmProvider.SecurityTests.NegotiationPolicyTests.AuthenticationOnlyAndUnsupportedModesFailBeforeLogin" computerName="wanghongyideMacBook-Pro" duration="00:00:00.0001332" startTime="2026-10-03T18:09:16.7874140+08:00" endTime="2026-10-03T18:09:16.7874140+08:00" testType="13cdc9d9-ddb5-4fa4-a97d-d965ccfc6d4b" outcome="Passed" testListId="8c84fa94-04c1-424b-9868-57a2d4851a1d" relativeResultsDirectory="225980a6-e16b-4ea4-a66f-20e22e21e6fc" />
    <ns0:UnitTestResult executionId="c167b824-acc4-4f55-bb99-2fceea8d7bad" testId="b3295c2a-4d0a-ea15-0eee-3b3a74bc0db9" testName="W.DmProvider.SecurityTests.NativeLibraryTests.UntrustedRelativePathRejectsBeforeLoad" computerName="wanghongyideMacBook-Pro" duration="00:00:00.0001294" startTime="2026-10-03T18:09:22.6133520+08:00" endTime="2026-10-03T18:09:22.6133520+08:00" testType="13cdc9d9-ddb5-4fa4-a97d-d965ccfc6d4b" outcome="Passed" testListId="8c84fa94-04c1-424b-9868-57a2d4851a1d" relativeResultsDirectory="c167b824-acc4-4f55-bb99-2fceea8d7bad" />
    <ns0:UnitTestResult executionId="518b50dc-05df-4de2-bcea-d7473e2433ff" testId="32412b20-55cb-2db2-c5cf-f187f986f237" testName="W.DmProvider.SecurityTests.NativeLibraryTests.DeclaredExportIsScopedAndDisposeIsIdempotent" computerName="wanghongyideMacBook-Pro" duration="00:00:00.0001700" startTime="2026-10-03T18:09:22.6138160+08:00" endTime="2026-10-03T18:09:22.6138160+08:00" testType="13cdc9d9-ddb5-4fa4-a97d-d965ccfc6d4b" outcome="Passed" testListId="8c84fa94-04c1-424b-9868-57a2d4851a1d" relativeResultsDirectory="518b50dc-05df-4de2-bcea-d7473e2433ff" />
    <ns0:UnitTestResult executionId="d59cade4-1226-4c86-a1e6-43fab0e8d3ac" testId="719042bb-0383-bde5-0833-d0ec751e2cab" testName="W.DmProvider.SecurityTests.NativeLibraryTests.WrongArchitectureReportsSanitizedFailure" computerName="wanghongyideMacBook-Pro" duration="00:00:00.0000853" startTime="2026-10-03T18:09:22.6140050+08:00" endTime="2026-10-03T18:09:22.6140050+08:00" testType="13cdc9d9-ddb5-4fa4-a97d-d965ccfc6d4b" outcome="Passed" testListId="8c84fa94-04c1-424b-9868-57a2d4851a1d" relativeResultsDirectory="d59cade4-1226-4c86-a1e6-43fab0e8d3ac" />
    <ns0:UnitTestResult executionId="923da656-1c9b-44db-af56-9645d539e30a" testId="0755ab7d-4285-6bd9-d50d-437a9a762292" testName="W.DmProvider.SecurityTests.TlsTransportTests.ValidCaAndMatchingDnsOrIpSanUpgradeTls" computerName="wanghongyideMacBook-Pro" duration="00:00:00.4010091" startTime="2026-10-03T18:09:19.7502650+08:00" endTime="2026-10-03T18:09:19.7502650+08:00" testType="13cdc9d9-ddb5-4fa4-a97d-d965ccfc6d4b" outcome="Passed" testListId="8c84fa94-04c1-424b-9868-57a2d4851a1d" relativeResultsDirectory="923da656-1c9b-44db-af56-9645d539e30a" />
    <ns0:UnitTestResult executionId="31b5c5f0-0e66-4a7c-8767-85322a05a717" testId="07fef50d-e839-46f1-d928-3333192e3e05" testName="W.DmProvider.SecurityTests.NativeLibraryTests.UntrustedRelativePathRejectsBeforeLoad" computerName="wanghongyideMacBook-Pro" duration="00:00:00.0000674" startTime="2026-10-03T18:09:22.6134360+08:00" endTime="2026-10-03T18:09:22.6134360+08:00" testType="13cdc9d9-ddb5-4fa4-a97d-d965ccfc6d4b" outcome="Passed" testListId="8c84fa94-04c1-424b-9868-57a2d4851a1d" relativeResultsDirectory="31b5c5f0-0e66-4a7c-8767-85322a05a717" />
    <ns0:UnitTestResult executionId="e6684fa4-1db7-460d-941e-393530da6df4" testId="533aac9f-5ad9-aaf1-c67e-9e6192acefd1" testName="W.DmProvider.SecurityTests.NegotiationPolicyTests.PlaintextModeRequiresExplicitPolicy" computerName="wanghongyideMacBook-Pro" duration="00:00:00.0000742" startTime="2026-10-03T18:09:16.7875870+08:00" endTime="2026-10-03T18:09:16.7875870+08:00" testType="13cdc9d9-ddb5-4fa4-a97d-d965ccfc6d4b" outcome="Passed" testListId="8c84fa94-04c1-424b-9868-57a2d4851a1d" relativeResultsDirectory="e6684fa4-1db7-460d-941e-393530da6df4" />
    <ns0:UnitTestResult executionId="fda056ab-2691-45ef-bb19-62a16a27d0cd" testId="2111c572-24d9-5985-2a05-00e4a448a567" testName="W.DmProvider.SecurityTests.TlsTransportTests.MutualTlsAcceptsPasswordProtectedPlatformScopedPfx" computerName="wanghongyideMacBook-Pro" duration="00:00:00.8348535" startTime="2026-10-03T18:09:21.6404160+08:00" endTime="2026-10-03T18:09:21.6404160+08:00" testType="13cdc9d9-ddb5-4fa4-a97d-d965ccfc6d4b" outcome="Passed" testListId="8c84fa94-04c1-424b-9868-57a2d4851a1d" relativeResultsDirectory="fda056ab-2691-45ef-bb19-62a16a27d0cd" />
    <ns0:UnitTestResult executionId="61970727-cbe1-4c0f-8072-b265bf62d933" testId="4cc3d041-bb8d-5ada-06b4-1815177fc9e8" testName="W.DmProvider.SecurityTests.NegotiationPolicyTests.FullStreamTlsModesAlwaysRequireCertificateValidatedUpgrade" computerName="wanghongyideMacBook-Pro" duration="00:00:00.0000413" startTime="2026-10-03T18:09:16.7829470+08:00" endTime="2026-10-03T18:09:16.7829470+08:00" testType="13cdc9d9-ddb5-4fa4-a97d-d965ccfc6d4b" outcome="Passed" testListId="8c84fa94-04c1-424b-9868-57a2d4851a1d" relativeResultsDirectory="61970727-cbe1-4c0f-8072-b265bf62d933" />
    <ns0:UnitTestResult executionId="e4c73a84-8cbe-4eec-a9e5-bbbe54bf9699" testId="9a709573-0898-71a2-1408-75ab7e886ec9" testName="W.DmProvider.SecurityTests.TlsTransportTests.ExpiredServerCertificateFailsClosed" computerName="wanghongyideMacBook-Pro" duration="00:00:00.3777228" startTime="2026-10-03T18:09:20.1280740+08:00" endTime="2026-10-03T18:09:20.1280740+08:00" testType="13cdc9d9-ddb5-4fa4-a97d-d965ccfc6d4b" outcome="Passed" testListId="8c84fa94-04c1-424b-9868-57a2d4851a1d" relativeResultsDirectory="e4c73a84-8cbe-4eec-a9e5-bbbe54bf9699" />
    <ns0:UnitTestResult executionId="9d0be72b-01a0-43b4-84f7-fbb0e1b64ac6" testId="c0a58523-3721-e6de-00c8-89df61d600a9" testName="W.DmProvider.SecurityTests.NegotiationPolicyTests.AuthenticationOnlyAndUnsupportedModesFailBeforeLogin" computerName="wanghongyideMacBook-Pro" duration="00:00:00.0000068" startTime="2026-10-03T18:09:16.7874920+08:00" endTime="2026-10-03T18:09:16.7874920+08:00" testType="13cdc9d9-ddb5-4fa4-a97d-d965ccfc6d4b" outcome="Passed" testListId="8c84fa94-04c1-424b-9868-57a2d4851a1d" relativeResultsDirectory="9d0be72b-01a0-43b4-84f7-fbb0e1b64ac6" />
    <ns0:UnitTestResult executionId="de0db1ef-c655-4104-971a-663a88b9685a" testId="5e31de7c-4179-0927-4701-dd9750fc3b24" testName="W.DmProvider.SecurityTests.FixtureVectorTests.FixtureNegotiatedModesExecuteAgainstPolicyGuard" computerName="wanghongyideMacBook-Pro" duration="00:00:00.0056791" startTime="2026-10-03T18:09:22.6103170+08:00" endTime="2026-10-03T18:09:22.6103170+08:00" testType="13cdc9d9-ddb5-4fa4-a97d-d965ccfc6d4b" outcome="Passed" testListId="8c84fa94-04c1-424b-9868-57a2d4851a1d" relativeResultsDirectory="de0db1ef-c655-4104-971a-663a88b9685a" />
    <ns0:UnitTestResult executionId="3e5dc995-7b8e-43f8-8ea5-c4da31ff6d11" testId="62fc4ca7-4547-2435-c81f-76b9c740d025" testName="W.DmProvider.SecurityTests.TlsLifecycleTests.CloseAbortsBlockedTlsReadAndDisposesSocketOnce" computerName="wanghongyideMacBook-Pro" duration="00:00:00.4326817" startTime="2026-10-03T18:09:25.5254980+08:00" endTime="2026-10-03T18:09:25.5254980+08:00" testType="13cdc9d9-ddb5-4fa4-a97d-d965ccfc6d4b" outcome="Passed" testListId="8c84fa94-04c1-424b-9868-57a2d4851a1d" relativeResultsDirectory="3e5dc995-7b8e-43f8-8ea5-c4da31ff6d11" />
    <ns0:UnitTestResult executionId="ded04b80-f75c-4e4d-be0f-814df074f637" testId="5e88a0e5-0693-1b61-df6a-0e031ba92b69" testName="W.DmProvider.SecurityTests.TlsLifecycleTests.AbsoluteConnectDeadlineIncludesPendingTlsHandshake" computerName="wanghongyideMacBook-Pro" duration="00:00:00.4312950" startTime="2026-10-03T18:09:25.9569080+08:00" endTime="2026-10-03T18:09:25.9569080+08:00" testType="13cdc9d9-ddb5-4fa4-a97d-d965ccfc6d4b" outcome="Passed" testListId="8c84fa94-04c1-424b-9868-57a2d4851a1d" relativeResultsDirectory="ded04b80-f75c-4e4d-be0f-814df074f637" />
    <ns0:UnitTestResult executionId="a6febd18-2783-4101-8750-193d4df30af6" testId="8e414bf6-c357-b6ff-7d94-b21ed5fca0ff" testName="W.DmProvider.SecurityTests.FixtureVectorTests.SyntheticManifestHasUniqueCasesAndNoCredentialMaterial" computerName="wanghongyideMacBook-Pro" duration="00:00:00.0007579" startTime="2026-10-03T18:09:22.6110860+08:00" endTime="2026-10-03T18:09:22.6110860+08:00" testType="13cdc9d9-ddb5-4fa4-a97d-d965ccfc6d4b" outcome="Passed" testListId="8c84fa94-04c1-424b-9868-57a2d4851a1d" relativeResultsDirectory="a6febd18-2783-4101-8750-193d4df30af6" />
    <ns0:UnitTestResult executionId="d781674c-29d7-417b-9ce2-79a5d96a6af4" testId="1f1a7e11-1342-b49b-52a9-11ab1d1521aa" testName="W.DmProvider.SecurityTests.NativeLibraryTests.DisposeWaitsForActiveExportCallbackBeforeFreeing" computerName="wanghongyideMacBook-Pro" duration="00:00:00.0018742" startTime="2026-10-03T18:09:22.6131620+08:00" endTime="2026-10-03T18:09:22.6131620+08:00" testType="13cdc9d9-ddb5-4fa4-a97d-d965ccfc6d4b" outcome="Passed" testListId="8c84fa94-04c1-424b-9868-57a2d4851a1d" relativeResultsDirectory="d781674c-29d7-417b-9ce2-79a5d96a6af4" />
    <ns0:UnitTestResult executionId="919e3f76-7d11-463f-b279-d0988ffb4139" testId="ca2ff1a3-5a53-b40d-abae-38f33479a5db" testName="W.DmProvider.SecurityTests.NativeLibraryTests.MissingExportReleasesLoadedLibraryExactlyOnce" computerName="wanghongyideMacBook-Pro" duration="00:00:00.0000826" startTime="2026-10-03T18:09:22.6139050+08:00" endTime="2026-10-03T18:09:22.6139050+08:00" testType="13cdc9d9-ddb5-4fa4-a97d-d965ccfc6d4b" outcome="Passed" testListId="8c84fa94-04c1-424b-9868-57a2d4851a1d" relativeResultsDirectory="919e3f76-7d11-463f-b279-d0988ffb4139" />
    <ns0:UnitTestResult executionId="fdf8d823-6f0d-4fb8-8d5b-f7eee0057498" testId="d544fa27-8f7b-f2f1-d4d2-cb31d692a632" testName="W.DmProvider.SecurityTests.TlsOptionsTests.EphemeralAuthorityAndServerCarryExpectedConstraintsAndSan" computerName="wanghongyideMacBook-Pro" duration="00:00:00.1583295" startTime="2026-10-03T18:09:22.7729700+08:00" endTime="2026-10-03T18:09:22.7729700+08:00" testType="13cdc9d9-ddb5-4fa4-a97d-d965ccfc6d4b" outcome="Passed" testListId="8c84fa94-04c1-424b-9868-57a2d4851a1d" relativeResultsDirectory="fdf8d823-6f0d-4fb8-8d5b-f7eee0057498" />
    <ns0:UnitTestResult executionId="3d17a6b0-a757-4885-aebe-ce7472039546" testId="3769e0a3-057b-95a0-4030-ba582b7af85f" testName="W.DmProvider.SecurityTests.TlsLifecycleTests.CloseAbortsPendingTlsAuthenticationAndDisposesSocketOnce" computerName="wanghongyideMacBook-Pro" duration="00:00:00.1542784" startTime="2026-10-03T18:09:26.1113840+08:00" endTime="2026-10-03T18:09:26.1113840+08:00" testType="13cdc9d9-ddb5-4fa4-a97d-d965ccfc6d4b" outcome="Passed" testListId="8c84fa94-04c1-424b-9868-57a2d4851a1d" relativeResultsDirectory="3d17a6b0-a757-4885-aebe-ce7472039546" />
    <ns0:UnitTestResult executionId="6e261477-a203-429b-9ddf-4f7c3969d833" testId="00143dfc-666b-f13a-51c5-1481d5385060" testName="W.DmProvider.SecurityTests.NegotiationPolicyTests.AuthenticationOnlyAndUnsupportedModesFailBeforeLogin" computerName="wanghongyideMacBook-Pro" duration="00:00:00.0000059" startTime="2026-10-03T18:09:16.7875050+08:00" endTime="2026-10-03T18:09:16.7875050+08:00" testType="13cdc9d9-ddb5-4fa4-a97d-d965ccfc6d4b" outcome="Passed" testListId="8c84fa94-04c1-424b-9868-57a2d4851a1d" relativeResultsDirectory="6e261477-a203-429b-9ddf-4f7c3969d833" />
    <ns0:UnitTestResult executionId="cd9d928b-3f93-43cb-b61e-9579bb0dde35" testId="634dad1c-5ae4-d06f-6b4a-da9a9c0cb189" testName="W.DmProvider.SecurityTests.AsyncTlsValidationTests.InvalidTrustOrHostnameRejectsAsyncUpgradeAndPreventsRawFallback" computerName="wanghongyideMacBook-Pro" duration="00:00:00.6723325" startTime="2026-10-03T18:09:25.0925500+08:00" endTime="2026-10-03T18:09:25.0925500+08:00" testType="13cdc9d9-ddb5-4fa4-a97d-d965ccfc6d4b" outcome="Passed" testListId="8c84fa94-04c1-424b-9868-57a2d4851a1d" relativeResultsDirectory="cd9d928b-3f93-43cb-b61e-9579bb0dde35" />
    <ns0:UnitTestResult executionId="b413dd10-3830-47ad-8075-d7b4ec1e51e1" testId="96d37f10-55cc-f2db-ca13-918a64e26e92" testName="W.DmProvider.SecurityTests.NativeLibraryTests.MissingLibraryReportsSanitizedFailureWithoutFreeingAbsentHandle" computerName="wanghongyideMacBook-Pro" duration="00:00:00.0000771" startTime="2026-10-03T18:09:22.6140980+08:00" endTime="2026-10-03T18:09:22.6140980+08:00" testType="13cdc9d9-ddb5-4fa4-a97d-d965ccfc6d4b" outcome="Passed" testListId="8c84fa94-04c1-424b-9868-57a2d4851a1d" relativeResultsDirectory="b413dd10-3830-47ad-8075-d7b4ec1e51e1" />
    <ns0:UnitTestResult executionId="c33db152-f097-4fed-9a77-2d1a9cc55a03" testId="b4d4b230-39e9-c383-f1e9-0e20f3e9c4f0" testName="W.DmProvider.SecurityTests.NegotiationPolicyTests.FullStreamTlsModesAlwaysRequireCertificateValidatedUpgrade" computerName="wanghongyideMacBook-Pro" duration="00:00:00.0018302" startTime="2026-10-03T18:09:16.7819130+08:00" endTime="2026-10-03T18:09:16.7819200+08:00" testType="13cdc9d9-ddb5-4fa4-a97d-d965ccfc6d4b" outcome="Passed" testListId="8c84fa94-04c1-424b-9868-57a2d4851a1d" relativeResultsDirectory="c33db152-f097-4fed-9a77-2d1a9cc55a03" />
    <ns0:UnitTestResult executionId="0b03d2ea-759b-4197-8182-6093dbefe3da" testId="c255853a-7a5c-81f9-8917-4665709afdd9" testName="W.DmProvider.SecurityTests.TlsTransportTests.ClientAuthOnlyLeafCannotMasqueradeAsServer" computerName="wanghongyideMacBook-Pro" duration="00:00:00.1889466" startTime="2026-10-03T18:09:22.2984110+08:00" endTime="2026-10-03T18:09:22.2984110+08:00" testType="13cdc9d9-ddb5-4fa4-a97d-d965ccfc6d4b" outcome="Passed" testListId="8c84fa94-04c1-424b-9868-57a2d4851a1d" relativeResultsDirectory="0b03d2ea-759b-4197-8182-6093dbefe3da" />
    <ns0:UnitTestResult executionId="7105670a-e7ac-406d-9da3-547f715ac32f" testId="de70bb76-193e-6a88-cc9e-d7ca85af1f86" testName="W.DmProvider.SecurityTests.TlsTransportTests.MutualTlsAcceptsExplicitClientCertificate" computerName="wanghongyideMacBook-Pro" duration="00:00:00.9302855" startTime="2026-10-03T18:09:18.8947910+08:00" endTime="2026-10-03T18:09:18.8947910+08:00" testType="13cdc9d9-ddb5-4fa4-a97d-d965ccfc6d4b" outcome="Passed" testListId="8c84fa94-04c1-424b-9868-57a2d4851a1d" relativeResultsDirectory="7105670a-e7ac-406d-9da3-547f715ac32f" />
    <ns0:UnitTestResult executionId="460f817f-c335-4432-82eb-00ad442581ad" testId="09e1589e-484a-0450-bfad-8a8789fc9d6b" testName="W.DmProvider.SecurityTests.NegotiationPolicyTests.NativeMessageEncryptionNeverFallsBackToPlaintext" computerName="wanghongyideMacBook-Pro" duration="00:00:00.0053952" startTime="2026-10-03T18:09:16.7872670+08:00" endTime="2026-10-03T18:09:16.7872670+08:00" testType="13cdc9d9-ddb5-4fa4-a97d-d965ccfc6d4b" outcome="Passed" testListId="8c84fa94-04c1-424b-9868-57a2d4851a1d" relativeResultsDirectory="460f817f-c335-4432-82eb-00ad442581ad" />
    <ns0:UnitTestResult executionId="d4e76ced-c672-4de8-bcc3-908bb8c59e60" testId="703d5ae8-995f-4c6e-d3d8-9ac371c824f0" testName="W.DmProvider.SecurityTests.TlsTransportTests.ValidCaAndMatchingDnsOrIpSanUpgradeTls" computerName="wanghongyideMacBook-Pro" duration="00:00:00.4542796" startTime="2026-10-03T18:09:19.3491700+08:00" endTime="2026-10-03T18:09:19.3491700+08:00" testType="13cdc9d9-ddb5-4fa4-a97d-d965ccfc6d4b" outcome="Passed" testListId="8c84fa94-04c1-424b-9868-57a2d4851a1d" relativeResultsDirectory="d4e76ced-c672-4de8-bcc3-908bb8c59e60" />
    <ns0:UnitTestResult executionId="6313ed57-1120-4072-b560-2034f4d9b12d" testId="6743f84c-2790-1570-06b5-a4177c9dff5a" testName="W.DmProvider.SecurityTests.AsyncTlsValidationTests.InvalidTrustOrHostnameRejectsAsyncUpgradeAndPreventsRawFallback" computerName="wanghongyideMacBook-Pro" duration="00:00:00.8247251" startTime="2026-10-03T18:09:24.4199910+08:00" endTime="2026-10-03T18:09:24.4199910+08:00" testType="13cdc9d9-ddb5-4fa4-a97d-d965ccfc6d4b" outcome="Passed" testListId="8c84fa94-04c1-424b-9868-57a2d4851a1d" relativeResultsDirectory="6313ed57-1120-4072-b560-2034f4d9b12d" />
  </ns0:Results>
  <ns0:TestDefinitions>
    <ns0:UnitTest name="W.DmProvider.SecurityTests.TlsTransportTests.ExpiredServerCertificateFailsClosed" storage="/users/wanghongyi/projects/w.dmprovider/.local/verification/r3/t19/runs/0.1.0-r3.20261003100900/private/source/tests/w.dmprovider.securitytests/bin/release/net10.0/w.dmprovider.securitytests.dll" id="9a709573-0898-71a2-1408-75ab7e886ec9">
      <ns0:Execution id="e4c73a84-8cbe-4eec-a9e5-bbbe54bf9699" />
      <ns0:TestMethod codeBase="[repo]/.local/verification/r3/t19/runs/0.1.0-r3.20261003100900/private/source/tests/W.DmProvider.SecurityTests/bin/Release/net10.0/W.DmProvider.SecurityTests.dll" adapterTypeName="executor://xunit/VsTestRunner2/netcoreapp" className="W.DmProvider.SecurityTests.TlsTransportTests" name="ExpiredServerCertificateFailsClosed" />
    </ns0:UnitTest>
    <ns0:UnitTest name="W.DmProvider.SecurityTests.FixtureVectorTests.SyntheticManifestHasUniqueCasesAndNoCredentialMaterial" storage="/users/wanghongyi/projects/w.dmprovider/.local/verification/r3/t19/runs/0.1.0-r3.20261003100900/private/source/tests/w.dmprovider.securitytests/bin/release/net10.0/w.dmprovider.securitytests.dll" id="8e414bf6-c357-b6ff-7d94-b21ed5fca0ff">
      <ns0:Execution id="a6febd18-2783-4101-8750-193d4df30af6" />
      <ns0:TestMethod codeBase="[repo]/.local/verification/r3/t19/runs/0.1.0-r3.20261003100900/private/source/tests/W.DmProvider.SecurityTests/bin/Release/net10.0/W.DmProvider.SecurityTests.dll" adapterTypeName="executor://xunit/VsTestRunner2/netcoreapp" className="W.DmProvider.SecurityTests.FixtureVectorTests" name="SyntheticManifestHasUniqueCasesAndNoCredentialMaterial" />
    </ns0:UnitTest>
    <ns0:UnitTest name="W.DmProvider.SecurityTests.TlsTransportTests.WrongHostFailsEvenWithTrustedCa" storage="/users/wanghongyi/projects/w.dmprovider/.local/verification/r3/t19/runs/0.1.0-r3.20261003100900/private/source/tests/w.dmprovider.securitytests/bin/release/net10.0/w.dmprovider.securitytests.dll" id="2050529e-09a0-eba2-3716-94f8b10dc222">
      <ns0:Execution id="6bb8f280-c2bb-43c4-a9d9-7d2091e7dee2" />
      <ns0:TestMethod codeBase="[repo]/.local/verification/r3/t19/runs/0.1.0-r3.20261003100900/private/source/tests/W.DmProvider.SecurityTests/bin/Release/net10.0/W.DmProvider.SecurityTests.dll" adapterTypeName="executor://xunit/VsTestRunner2/netcoreapp" className="W.DmProvider.SecurityTests.TlsTransportTests" name="WrongHostFailsEvenWithTrustedCa" />
    </ns0:UnitTest>
    <ns0:UnitTest name="W.DmProvider.SecurityTests.NegotiationPolicyTests.AuthenticationOnlyAndUnsupportedModesFailBeforeLogin" storage="/users/wanghongyi/projects/w.dmprovider/.local/verification/r3/t19/runs/0.1.0-r3.20261003100900/private/source/tests/w.dmprovider.securitytests/bin/release/net10.0/w.dmprovider.securitytests.dll" id="752eb6fd-80fd-15b0-1371-18c8edcb5253">
      <ns0:Execution id="f3cfe576-4e1f-4937-85ca-1822cf1627d8" />
      <ns0:TestMethod codeBase="[repo]/.local/verification/r3/t19/runs/0.1.0-r3.20261003100900/private/source/tests/W.DmProvider.SecurityTests/bin/Release/net10.0/W.DmProvider.SecurityTests.dll" adapterTypeName="executor://xunit/VsTestRunner2/netcoreapp" className="W.DmProvider.SecurityTests.NegotiationPolicyTests" name="AuthenticationOnlyAndUnsupportedModesFailBeforeLogin" />
    </ns0:UnitTest>
    <ns0:UnitTest name="W.DmProvider.SecurityTests.AsyncTlsValidationTests.InvalidTrustOrHostnameRejectsAsyncUpgradeAndPreventsRawFallback" storage="/users/wanghongyi/projects/w.dmprovider/.local/verification/r3/t19/runs/0.1.0-r3.20261003100900/private/source/tests/w.dmprovider.securitytests/bin/release/net10.0/w.dmprovider.securitytests.dll" id="6743f84c-2790-1570-06b5-a4177c9dff5a">
      <ns0:Execution id="6313ed57-1120-4072-b560-2034f4d9b12d" />
      <ns0:TestMethod codeBase="[repo]/.local/verification/r3/t19/runs/0.1.0-r3.20261003100900/private/source/tests/W.DmProvider.SecurityTests/bin/Release/net10.0/W.DmProvider.SecurityTests.dll" adapterTypeName="executor://xunit/VsTestRunner2/netcoreapp" className="W.DmProvider.SecurityTests.AsyncTlsValidationTests" name="InvalidTrustOrHostnameRejectsAsyncUpgradeAndPreventsRawFallback" />
    </ns0:UnitTest>
    <ns0:UnitTest name="W.DmProvider.SecurityTests.NativeLibraryTests.UntrustedRelativePathRejectsBeforeLoad" storage="/users/wanghongyi/projects/w.dmprovider/.local/verification/r3/t19/runs/0.1.0-r3.20261003100900/private/source/tests/w.dmprovider.securitytests/bin/release/net10.0/w.dmprovider.securitytests.dll" id="07fef50d-e839-46f1-d928-3333192e3e05">
      <ns0:Execution id="31b5c5f0-0e66-4a7c-8767-85322a05a717" />
      <ns0:TestMethod codeBase="[repo]/.local/verification/r3/t19/runs/0.1.0-r3.20261003100900/private/source/tests/W.DmProvider.SecurityTests/bin/Release/net10.0/W.DmProvider.SecurityTests.dll" adapterTypeName="executor://xunit/VsTestRunner2/netcoreapp" className="W.DmProvider.SecurityTests.NativeLibraryTests" name="UntrustedRelativePathRejectsBeforeLoad" />
    </ns0:UnitTest>
    <ns0:UnitTest name="W.DmProvider.SecurityTests.TlsTransportTests.ValidCaAndMatchingDnsOrIpSanUpgradeTls" storage="/users/wanghongyi/projects/w.dmprovider/.local/verification/r3/t19/runs/0.1.0-r3.20261003100900/private/source/tests/w.dmprovider.securitytests/bin/release/net10.0/w.dmprovider.securitytests.dll" id="703d5ae8-995f-4c6e-d3d8-9ac371c824f0">
      <ns0:Execution id="d4e76ced-c672-4de8-bcc3-908bb8c59e60" />
      <ns0:TestMethod codeBase="[repo]/.local/verification/r3/t19/runs/0.1.0-r3.20261003100900/private/source/tests/W.DmProvider.SecurityTests/bin/Release/net10.0/W.DmProvider.SecurityTests.dll" adapterTypeName="executor://xunit/VsTestRunner2/netcoreapp" className="W.DmProvider.SecurityTests.TlsTransportTests" name="ValidCaAndMatchingDnsOrIpSanUpgradeTls" />
    </ns0:UnitTest>
    <ns0:UnitTest name="W.DmProvider.SecurityTests.TlsTransportTests.PlatformScopedPfxStillRejectsUnknownServerCaAndCloses" storage="/users/wanghongyi/projects/w.dmprovider/.local/verification/r3/t19/runs/0.1.0-r3.20261003100900/private/source/tests/w.dmprovider.securitytests/bin/release/net10.0/w.dmprovider.securitytests.dll" id="f6c00162-7eee-3786-786f-868f81e4d515">
      <ns0:Execution id="747022a1-6235-436f-b4f3-392ea5342fd1" />
      <ns0:TestMethod codeBase="[repo]/.local/verification/r3/t19/runs/0.1.0-r3.20261003100900/private/source/tests/W.DmProvider.SecurityTests/bin/Release/net10.0/W.DmProvider.SecurityTests.dll" adapterTypeName="executor://xunit/VsTestRunner2/netcoreapp" className="W.DmProvider.SecurityTests.TlsTransportTests" name="PlatformScopedPfxStillRejectsUnknownServerCaAndCloses" />
    </ns0:UnitTest>
    <ns0:UnitTest name="W.DmProvider.SecurityTests.TlsOptionsTests.ExplicitNoCheckChangesOnlyRevocationPolicy" storage="/users/wanghongyi/projects/w.dmprovider/.local/verification/r3/t19/runs/0.1.0-r3.20261003100900/private/source/tests/w.dmprovider.securitytests/bin/release/net10.0/w.dmprovider.securitytests.dll" id="d950d80f-54a5-a03b-1289-9bb5c847ed44">
      <ns0:Execution id="a858ef7d-f6bf-43ae-a013-ac40045db5bf" />
      <ns0:TestMethod codeBase="[repo]/.local/verification/r3/t19/runs/0.1.0-r3.20261003100900/private/source/tests/W.DmProvider.SecurityTests/bin/Release/net10.0/W.DmProvider.SecurityTests.dll" adapterTypeName="executor://xunit/VsTestRunner2/netcoreapp" className="W.DmProvider.SecurityTests.TlsOptionsTests" name="ExplicitNoCheckChangesOnlyRevocationPolicy" />
    </ns0:UnitTest>
    <ns0:UnitTest name="W.DmProvider.SecurityTests.TlsOptionsTests.EphemeralAuthorityAndServerCarryExpectedConstraintsAndSan" storage="/users/wanghongyi/projects/w.dmprovider/.local/verification/r3/t19/runs/0.1.0-r3.20261003100900/private/source/tests/w.dmprovider.securitytests/bin/release/net10.0/w.dmprovider.securitytests.dll" id="d544fa27-8f7b-f2f1-d4d2-cb31d692a632">
      <ns0:Execution id="fdf8d823-6f0d-4fb8-8d5b-f7eee0057498" />
      <ns0:TestMethod codeBase="[repo]/.local/verification/r3/t19/runs/0.1.0-r3.20261003100900/private/source/tests/W.DmProvider.SecurityTests/bin/Release/net10.0/W.DmProvider.SecurityTests.dll" adapterTypeName="executor://xunit/VsTestRunner2/netcoreapp" className="W.DmProvider.SecurityTests.TlsOptionsTests" name="EphemeralAuthorityAndServerCarryExpectedConstraintsAndSan" />
    </ns0:UnitTest>
    <ns0:UnitTest name="W.DmProvider.SecurityTests.TlsTransportTests.ClientAuthOnlyLeafCannotMasqueradeAsServer" storage="/users/wanghongyi/projects/w.dmprovider/.local/verification/r3/t19/runs/0.1.0-r3.20261003100900/private/source/tests/w.dmprovider.securitytests/bin/release/net10.0/w.dmprovider.securitytests.dll" id="c255853a-7a5c-81f9-8917-4665709afdd9">
      <ns0:Execution id="0b03d2ea-759b-4197-8182-6093dbefe3da" />
      <ns0:TestMethod codeBase="[repo]/.local/verification/r3/t19/runs/0.1.0-r3.20261003100900/private/source/tests/W.DmProvider.SecurityTests/bin/Release/net10.0/W.DmProvider.SecurityTests.dll" adapterTypeName="executor://xunit/VsTestRunner2/netcoreapp" className="W.DmProvider.SecurityTests.TlsTransportTests" name="ClientAuthOnlyLeafCannotMasqueradeAsServer" />
    </ns0:UnitTest>
    <ns0:UnitTest name="W.DmProvider.SecurityTests.AsyncTlsValidationTests.InvalidTrustOrHostnameRejectsAsyncUpgradeAndPreventsRawFallback" storage="/users/wanghongyi/projects/w.dmprovider/.local/verification/r3/t19/runs/0.1.0-r3.20261003100900/private/source/tests/w.dmprovider.securitytests/bin/release/net10.0/w.dmprovider.securitytests.dll" id="634dad1c-5ae4-d06f-6b4a-da9a9c0cb189">
      <ns0:Execution id="cd9d928b-3f93-43cb-b61e-9579bb0dde35" />
      <ns0:TestMethod codeBase="[repo]/.local/verification/r3/t19/runs/0.1.0-r3.20261003100900/private/source/tests/W.DmProvider.SecurityTests/bin/Release/net10.0/W.DmProvider.SecurityTests.dll" adapterTypeName="executor://xunit/VsTestRunner2/netcoreapp" className="W.DmProvider.SecurityTests.AsyncTlsValidationTests" name="InvalidTrustOrHostnameRejectsAsyncUpgradeAndPreventsRawFallback" />
    </ns0:UnitTest>
    <ns0:UnitTest name="W.DmProvider.SecurityTests.TlsTransportTests.MutualTlsRejectsMissingClientCertificate" storage="/users/wanghongyi/projects/w.dmprovider/.local/verification/r3/t19/runs/0.1.0-r3.20261003100900/private/source/tests/w.dmprovider.securitytests/bin/release/net10.0/w.dmprovider.securitytests.dll" id="32e1a5a9-e2b2-336f-f9d2-56994b3aba3a">
      <ns0:Execution id="bd6d7726-2f14-4b3e-bade-bf4e6364d5ed" />
      <ns0:TestMethod codeBase="[repo]/.local/verification/r3/t19/runs/0.1.0-r3.20261003100900/private/source/tests/W.DmProvider.SecurityTests/bin/Release/net10.0/W.DmProvider.SecurityTests.dll" adapterTypeName="executor://xunit/VsTestRunner2/netcoreapp" className="W.DmProvider.SecurityTests.TlsTransportTests" name="MutualTlsRejectsMissingClientCertificate" />
    </ns0:UnitTest>
    <ns0:UnitTest name="W.DmProvider.SecurityTests.TlsOptionsTests.OptionsKeepConfiguredTargetAndOnlineRevocationDefault" storage="/users/wanghongyi/projects/w.dmprovider/.local/verification/r3/t19/runs/0.1.0-r3.20261003100900/private/source/tests/w.dmprovider.securitytests/bin/release/net10.0/w.dmprovider.securitytests.dll" id="c2e588d7-c5ab-a805-daf0-77721f823204">
      <ns0:Execution id="56aba26c-fd5f-49d4-ac4f-07b7c61e3037" />
      <ns0:TestMethod codeBase="[repo]/.local/verification/r3/t19/runs/0.1.0-r3.20261003100900/private/source/tests/W.DmProvider.SecurityTests/bin/Release/net10.0/W.DmProvider.SecurityTests.dll" adapterTypeName="executor://xunit/VsTestRunner2/netcoreapp" className="W.DmProvider.SecurityTests.TlsOptionsTests" name="OptionsKeepConfiguredTargetAndOnlineRevocationDefault" />
    </ns0:UnitTest>
    <ns0:UnitTest name="W.DmProvider.SecurityTests.NegotiationPolicyTests.FullStreamTlsModesAlwaysRequireCertificateValidatedUpgrade" storage="/users/wanghongyi/projects/w.dmprovider/.local/verification/r3/t19/runs/0.1.0-r3.20261003100900/private/source/tests/w.dmprovider.securitytests/bin/release/net10.0/w.dmprovider.securitytests.dll" id="4cc3d041-bb8d-5ada-06b4-1815177fc9e8">
      <ns0:Execution id="61970727-cbe1-4c0f-8072-b265bf62d933" />
      <ns0:TestMethod codeBase="[repo]/.local/verification/r3/t19/runs/0.1.0-r3.20261003100900/private/source/tests/W.DmProvider.SecurityTests/bin/Release/net10.0/W.DmProvider.SecurityTests.dll" adapterTypeName="executor://xunit/VsTestRunner2/netcoreapp" className="W.DmProvider.SecurityTests.NegotiationPolicyTests" name="FullStreamTlsModesAlwaysRequireCertificateValidatedUpgrade" />
    </ns0:UnitTest>
    <ns0:UnitTest name="W.DmProvider.SecurityTests.TlsTransportTests.MutualTlsAcceptsPasswordProtectedPlatformScopedPfx" storage="/users/wanghongyi/projects/w.dmprovider/.local/verification/r3/t19/runs/0.1.0-r3.20261003100900/private/source/tests/w.dmprovider.securitytests/bin/release/net10.0/w.dmprovider.securitytests.dll" id="2111c572-24d9-5985-2a05-00e4a448a567">
      <ns0:Execution id="fda056ab-2691-45ef-bb19-62a16a27d0cd" />
      <ns0:TestMethod codeBase="[repo]/.local/verification/r3/t19/runs/0.1.0-r3.20261003100900/private/source/tests/W.DmProvider.SecurityTests/bin/Release/net10.0/W.DmProvider.SecurityTests.dll" adapterTypeName="executor://xunit/VsTestRunner2/netcoreapp" className="W.DmProvider.SecurityTests.TlsTransportTests" name="MutualTlsAcceptsPasswordProtectedPlatformScopedPfx" />
    </ns0:UnitTest>
    <ns0:UnitTest name="W.DmProvider.SecurityTests.TlsOptionsTests.ClientCertificatePasswordIsRedactedAcrossSnapshotAndBaseSetterPoison" storage="/users/wanghongyi/projects/w.dmprovider/.local/verification/r3/t19/runs/0.1.0-r3.20261003100900/private/source/tests/w.dmprovider.securitytests/bin/release/net10.0/w.dmprovider.securitytests.dll" id="981331c6-629b-96cc-89b4-d46a6705f120">
      <ns0:Execution id="934d5754-4a3f-410b-a0fc-445144afa92f" />
      <ns0:TestMethod codeBase="[repo]/.local/verification/r3/t19/runs/0.1.0-r3.20261003100900/private/source/tests/W.DmProvider.SecurityTests/bin/Release/net10.0/W.DmProvider.SecurityTests.dll" adapterTypeName="executor://xunit/VsTestRunner2/netcoreapp" className="W.DmProvider.SecurityTests.TlsOptionsTests" name="ClientCertificatePasswordIsRedactedAcrossSnapshotAndBaseSetterPoison" />
    </ns0:UnitTest>
    <ns0:UnitTest name="W.DmProvider.SecurityTests.NegotiationPolicyTests.AuthenticationOnlyAndUnsupportedModesFailBeforeLogin" storage="/users/wanghongyi/projects/w.dmprovider/.local/verification/r3/t19/runs/0.1.0-r3.20261003100900/private/source/tests/w.dmprovider.securitytests/bin/release/net10.0/w.dmprovider.securitytests.dll" id="00143dfc-666b-f13a-51c5-1481d5385060">
      <ns0:Execution id="6e261477-a203-429b-9ddf-4f7c3969d833" />
      <ns0:TestMethod codeBase="[repo]/.local/verification/r3/t19/runs/0.1.0-r3.20261003100900/private/source/tests/W.DmProvider.SecurityTests/bin/Release/net10.0/W.DmProvider.SecurityTests.dll" adapterTypeName="executor://xunit/VsTestRunner2/netcoreapp" className="W.DmProvider.SecurityTests.NegotiationPolicyTests" name="AuthenticationOnlyAndUnsupportedModesFailBeforeLogin" />
    </ns0:UnitTest>
    <ns0:UnitTest name="W.DmProvider.SecurityTests.TlsTransportTests.MutualTlsAcceptsExplicitClientCertificate" storage="/users/wanghongyi/projects/w.dmprovider/.local/verification/r3/t19/runs/0.1.0-r3.20261003100900/private/source/tests/w.dmprovider.securitytests/bin/release/net10.0/w.dmprovider.securitytests.dll" id="de70bb76-193e-6a88-cc9e-d7ca85af1f86">
      <ns0:Execution id="7105670a-e7ac-406d-9da3-547f715ac32f" />
      <ns0:TestMethod codeBase="[repo]/.local/verification/r3/t19/runs/0.1.0-r3.20261003100900/private/source/tests/W.DmProvider.SecurityTests/bin/Release/net10.0/W.DmProvider.SecurityTests.dll" adapterTypeName="executor://xunit/VsTestRunner2/netcoreapp" className="W.DmProvider.SecurityTests.TlsTransportTests" name="MutualTlsAcceptsExplicitClientCertificate" />
    </ns0:UnitTest>
    <ns0:UnitTest name="W.DmProvider.SecurityTests.TlsLifecycleTests.CloseAbortsPendingTlsAuthenticationAndDisposesSocketOnce" storage="/users/wanghongyi/projects/w.dmprovider/.local/verification/r3/t19/runs/0.1.0-r3.20261003100900/private/source/tests/w.dmprovider.securitytests/bin/release/net10.0/w.dmprovider.securitytests.dll" id="3769e0a3-057b-95a0-4030-ba582b7af85f">
      <ns0:Execution id="3d17a6b0-a757-4885-aebe-ce7472039546" />
      <ns0:TestMethod codeBase="[repo]/.local/verification/r3/t19/runs/0.1.0-r3.20261003100900/private/source/tests/W.DmProvider.SecurityTests/bin/Release/net10.0/W.DmProvider.SecurityTests.dll" adapterTypeName="executor://xunit/VsTestRunner2/netcoreapp" className="W.DmProvider.SecurityTests.TlsLifecycleTests" name="CloseAbortsPendingTlsAuthenticationAndDisposesSocketOnce" />
    </ns0:UnitTest>
    <ns0:UnitTest name="W.DmProvider.SecurityTests.NegotiationPolicyTests.PlaintextModeRequiresExplicitPolicy" storage="/users/wanghongyi/projects/w.dmprovider/.local/verification/r3/t19/runs/0.1.0-r3.20261003100900/private/source/tests/w.dmprovider.securitytests/bin/release/net10.0/w.dmprovider.securitytests.dll" id="533aac9f-5ad9-aaf1-c67e-9e6192acefd1">
      <ns0:Execution id="e6684fa4-1db7-460d-941e-393530da6df4" />
      <ns0:TestMethod codeBase="[repo]/.local/verification/r3/t19/runs/0.1.0-r3.20261003100900/private/source/tests/W.DmProvider.SecurityTests/bin/Release/net10.0/W.DmProvider.SecurityTests.dll" adapterTypeName="executor://xunit/VsTestRunner2/netcoreapp" className="W.DmProvider.SecurityTests.NegotiationPolicyTests" name="PlaintextModeRequiresExplicitPolicy" />
    </ns0:UnitTest>
    <ns0:UnitTest name="W.DmProvider.SecurityTests.NativeLibraryTests.UntrustedRelativePathRejectsBeforeLoad" storage="/users/wanghongyi/projects/w.dmprovider/.local/verification/r3/t19/runs/0.1.0-r3.20261003100900/private/source/tests/w.dmprovider.securitytests/bin/release/net10.0/w.dmprovider.securitytests.dll" id="b3295c2a-4d0a-ea15-0eee-3b3a74bc0db9">
      <ns0:Execution id="c167b824-acc4-4f55-bb99-2fceea8d7bad" />
      <ns0:TestMethod codeBase="[repo]/.local/verification/r3/t19/runs/0.1.0-r3.20261003100900/private/source/tests/W.DmProvider.SecurityTests/bin/Release/net10.0/W.DmProvider.SecurityTests.dll" adapterTypeName="executor://xunit/VsTestRunner2/netcoreapp" className="W.DmProvider.SecurityTests.NativeLibraryTests" name="UntrustedRelativePathRejectsBeforeLoad" />
    </ns0:UnitTest>
    <ns0:UnitTest name="W.DmProvider.SecurityTests.NativeLibraryTests.NativeInitializationFailureStillReleasesHandleOnce" storage="/users/wanghongyi/projects/w.dmprovider/.local/verification/r3/t19/runs/0.1.0-r3.20261003100900/private/source/tests/w.dmprovider.securitytests/bin/release/net10.0/w.dmprovider.securitytests.dll" id="cbbcc1d3-4d96-11ea-4f1c-18cc05676615">
      <ns0:Execution id="00c818b6-49ea-48dc-9153-29dbf4e50cb1" />
      <ns0:TestMethod codeBase="[repo]/.local/verification/r3/t19/runs/0.1.0-r3.20261003100900/private/source/tests/W.DmProvider.SecurityTests/bin/Release/net10.0/W.DmProvider.SecurityTests.dll" adapterTypeName="executor://xunit/VsTestRunner2/netcoreapp" className="W.DmProvider.SecurityTests.NativeLibraryTests" name="NativeInitializationFailureStillReleasesHandleOnce" />
    </ns0:UnitTest>
    <ns0:UnitTest name="W.DmProvider.SecurityTests.NativeLibraryTests.MissingExportReleasesLoadedLibraryExactlyOnce" storage="/users/wanghongyi/projects/w.dmprovider/.local/verification/r3/t19/runs/0.1.0-r3.20261003100900/private/source/tests/w.dmprovider.securitytests/bin/release/net10.0/w.dmprovider.securitytests.dll" id="ca2ff1a3-5a53-b40d-abae-38f33479a5db">
      <ns0:Execution id="919e3f76-7d11-463f-b279-d0988ffb4139" />
      <ns0:TestMethod codeBase="[repo]/.local/verification/r3/t19/runs/0.1.0-r3.20261003100900/private/source/tests/W.DmProvider.SecurityTests/bin/Release/net10.0/W.DmProvider.SecurityTests.dll" adapterTypeName="executor://xunit/VsTestRunner2/netcoreapp" className="W.DmProvider.SecurityTests.NativeLibraryTests" name="MissingExportReleasesLoadedLibraryExactlyOnce" />
    </ns0:UnitTest>
    <ns0:UnitTest name="W.DmProvider.SecurityTests.NegotiationPolicyTests.AuthenticationOnlyAndUnsupportedModesFailBeforeLogin" storage="/users/wanghongyi/projects/w.dmprovider/.local/verification/r3/t19/runs/0.1.0-r3.20261003100900/private/source/tests/w.dmprovider.securitytests/bin/release/net10.0/w.dmprovider.securitytests.dll" id="3463e555-1b44-3c6b-2e15-d721f966a75f">
      <ns0:Execution id="9a971f20-05d9-4acc-84ad-f063cce22a7c" />
      <ns0:TestMethod codeBase="[repo]/.local/verification/r3/t19/runs/0.1.0-r3.20261003100900/private/source/tests/W.DmProvider.SecurityTests/bin/Release/net10.0/W.DmProvider.SecurityTests.dll" adapterTypeName="executor://xunit/VsTestRunner2/netcoreapp" className="W.DmProvider.SecurityTests.NegotiationPolicyTests" name="AuthenticationOnlyAndUnsupportedModesFailBeforeLogin" />
    </ns0:UnitTest>
    <ns0:UnitTest name="W.DmProvider.SecurityTests.TlsLifecycleTests.CloseAbortsBlockedTlsReadAndDisposesSocketOnce" storage="/users/wanghongyi/projects/w.dmprovider/.local/verification/r3/t19/runs/0.1.0-r3.20261003100900/private/source/tests/w.dmprovider.securitytests/bin/release/net10.0/w.dmprovider.securitytests.dll" id="62fc4ca7-4547-2435-c81f-76b9c740d025">
      <ns0:Execution id="3e5dc995-7b8e-43f8-8ea5-c4da31ff6d11" />
      <ns0:TestMethod codeBase="[repo]/.local/verification/r3/t19/runs/0.1.0-r3.20261003100900/private/source/tests/W.DmProvider.SecurityTests/bin/Release/net10.0/W.DmProvider.SecurityTests.dll" adapterTypeName="executor://xunit/VsTestRunner2/netcoreapp" className="W.DmProvider.SecurityTests.TlsLifecycleTests" name="CloseAbortsBlockedTlsReadAndDisposesSocketOnce" />
    </ns0:UnitTest>
    <ns0:UnitTest name="W.DmProvider.SecurityTests.NativeLibraryTests.WrongArchitectureReportsSanitizedFailure" storage="/users/wanghongyi/projects/w.dmprovider/.local/verification/r3/t19/runs/0.1.0-r3.20261003100900/private/source/tests/w.dmprovider.securitytests/bin/release/net10.0/w.dmprovider.securitytests.dll" id="719042bb-0383-bde5-0833-d0ec751e2cab">
      <ns0:Execution id="d59cade4-1226-4c86-a1e6-43fab0e8d3ac" />
      <ns0:TestMethod codeBase="[repo]/.local/verification/r3/t19/runs/0.1.0-r3.20261003100900/private/source/tests/W.DmProvider.SecurityTests/bin/Release/net10.0/W.DmProvider.SecurityTests.dll" adapterTypeName="executor://xunit/VsTestRunner2/netcoreapp" className="W.DmProvider.SecurityTests.NativeLibraryTests" name="WrongArchitectureReportsSanitizedFailure" />
    </ns0:UnitTest>
    <ns0:UnitTest name="W.DmProvider.SecurityTests.NegotiationPolicyTests.AuthenticationOnlyAndUnsupportedModesFailBeforeLogin" storage="/users/wanghongyi/projects/w.dmprovider/.local/verification/r3/t19/runs/0.1.0-r3.20261003100900/private/source/tests/w.dmprovider.securitytests/bin/release/net10.0/w.dmprovider.securitytests.dll" id="eb164ca8-3483-50b7-e8bc-41d3010dbb66">
      <ns0:Execution id="225980a6-e16b-4ea4-a66f-20e22e21e6fc" />
      <ns0:TestMethod codeBase="[repo]/.local/verification/r3/t19/runs/0.1.0-r3.20261003100900/private/source/tests/W.DmProvider.SecurityTests/bin/Release/net10.0/W.DmProvider.SecurityTests.dll" adapterTypeName="executor://xunit/VsTestRunner2/netcoreapp" className="W.DmProvider.SecurityTests.NegotiationPolicyTests" name="AuthenticationOnlyAndUnsupportedModesFailBeforeLogin" />
    </ns0:UnitTest>
    <ns0:UnitTest name="W.DmProvider.SecurityTests.NativeLibraryTests.DeclaredExportIsScopedAndDisposeIsIdempotent" storage="/users/wanghongyi/projects/w.dmprovider/.local/verification/r3/t19/runs/0.1.0-r3.20261003100900/private/source/tests/w.dmprovider.securitytests/bin/release/net10.0/w.dmprovider.securitytests.dll" id="32412b20-55cb-2db2-c5cf-f187f986f237">
      <ns0:Execution id="518b50dc-05df-4de2-bcea-d7473e2433ff" />
      <ns0:TestMethod codeBase="[repo]/.local/verification/r3/t19/runs/0.1.0-r3.20261003100900/private/source/tests/W.DmProvider.SecurityTests/bin/Release/net10.0/W.DmProvider.SecurityTests.dll" adapterTypeName="executor://xunit/VsTestRunner2/netcoreapp" className="W.DmProvider.SecurityTests.NativeLibraryTests" name="DeclaredExportIsScopedAndDisposeIsIdempotent" />
    </ns0:UnitTest>
    <ns0:UnitTest name="W.DmProvider.SecurityTests.NativeLibraryTests.MissingLibraryReportsSanitizedFailureWithoutFreeingAbsentHandle" storage="/users/wanghongyi/projects/w.dmprovider/.local/verification/r3/t19/runs/0.1.0-r3.20261003100900/private/source/tests/w.dmprovider.securitytests/bin/release/net10.0/w.dmprovider.securitytests.dll" id="96d37f10-55cc-f2db-ca13-918a64e26e92">
      <ns0:Execution id="b413dd10-3830-47ad-8075-d7b4ec1e51e1" />
      <ns0:TestMethod codeBase="[repo]/.local/verification/r3/t19/runs/0.1.0-r3.20261003100900/private/source/tests/W.DmProvider.SecurityTests/bin/Release/net10.0/W.DmProvider.SecurityTests.dll" adapterTypeName="executor://xunit/VsTestRunner2/netcoreapp" className="W.DmProvider.SecurityTests.NativeLibraryTests" name="MissingLibraryReportsSanitizedFailureWithoutFreeingAbsentHandle" />
    </ns0:UnitTest>
    <ns0:UnitTest name="W.DmProvider.SecurityTests.NegotiationPolicyTests.NativeMessageEncryptionNeverFallsBackToPlaintext" storage="/users/wanghongyi/projects/w.dmprovider/.local/verification/r3/t19/runs/0.1.0-r3.20261003100900/private/source/tests/w.dmprovider.securitytests/bin/release/net10.0/w.dmprovider.securitytests.dll" id="09e1589e-484a-0450-bfad-8a8789fc9d6b">
      <ns0:Execution id="460f817f-c335-4432-82eb-00ad442581ad" />
      <ns0:TestMethod codeBase="[repo]/.local/verification/r3/t19/runs/0.1.0-r3.20261003100900/private/source/tests/W.DmProvider.SecurityTests/bin/Release/net10.0/W.DmProvider.SecurityTests.dll" adapterTypeName="executor://xunit/VsTestRunner2/netcoreapp" className="W.DmProvider.SecurityTests.NegotiationPolicyTests" name="NativeMessageEncryptionNeverFallsBackToPlaintext" />
    </ns0:UnitTest>
    <ns0:UnitTest name="W.DmProvider.SecurityTests.FixtureVectorTests.FixtureNegotiatedModesExecuteAgainstPolicyGuard" storage="/users/wanghongyi/projects/w.dmprovider/.local/verification/r3/t19/runs/0.1.0-r3.20261003100900/private/source/tests/w.dmprovider.securitytests/bin/release/net10.0/w.dmprovider.securitytests.dll" id="5e31de7c-4179-0927-4701-dd9750fc3b24">
      <ns0:Execution id="de0db1ef-c655-4104-971a-663a88b9685a" />
      <ns0:TestMethod codeBase="[repo]/.local/verification/r3/t19/runs/0.1.0-r3.20261003100900/private/source/tests/W.DmProvider.SecurityTests/bin/Release/net10.0/W.DmProvider.SecurityTests.dll" adapterTypeName="executor://xunit/VsTestRunner2/netcoreapp" className="W.DmProvider.SecurityTests.FixtureVectorTests" name="FixtureNegotiatedModesExecuteAgainstPolicyGuard" />
    </ns0:UnitTest>
    <ns0:UnitTest name="W.DmProvider.SecurityTests.AsyncTlsValidationTests.TrustedMatchingCertificateAuthenticatesThroughAsyncUpgrade" storage="/users/wanghongyi/projects/w.dmprovider/.local/verification/r3/t19/runs/0.1.0-r3.20261003100900/private/source/tests/w.dmprovider.securitytests/bin/release/net10.0/w.dmprovider.securitytests.dll" id="dbc0457a-487c-54a7-225a-4097ec4fedf3">
      <ns0:Execution id="f8bc92e5-923c-4414-b37c-03a4e14beeda" />
      <ns0:TestMethod codeBase="[repo]/.local/verification/r3/t19/runs/0.1.0-r3.20261003100900/private/source/tests/W.DmProvider.SecurityTests/bin/Release/net10.0/W.DmProvider.SecurityTests.dll" adapterTypeName="executor://xunit/VsTestRunner2/netcoreapp" className="W.DmProvider.SecurityTests.AsyncTlsValidationTests" name="TrustedMatchingCertificateAuthenticatesThroughAsyncUpgrade" />
    </ns0:UnitTest>
    <ns0:UnitTest name="W.DmProvider.SecurityTests.NegotiationPolicyTests.AuthenticationOnlyAndUnsupportedModesFailBeforeLogin" storage="/users/wanghongyi/projects/w.dmprovider/.local/verification/r3/t19/runs/0.1.0-r3.20261003100900/private/source/tests/w.dmprovider.securitytests/bin/release/net10.0/w.dmprovider.securitytests.dll" id="c0a58523-3721-e6de-00c8-89df61d600a9">
      <ns0:Execution id="9d0be72b-01a0-43b4-84f7-fbb0e1b64ac6" />
      <ns0:TestMethod codeBase="[repo]/.local/verification/r3/t19/runs/0.1.0-r3.20261003100900/private/source/tests/W.DmProvider.SecurityTests/bin/Release/net10.0/W.DmProvider.SecurityTests.dll" adapterTypeName="executor://xunit/VsTestRunner2/netcoreapp" className="W.DmProvider.SecurityTests.NegotiationPolicyTests" name="AuthenticationOnlyAndUnsupportedModesFailBeforeLogin" />
    </ns0:UnitTest>
    <ns0:UnitTest name="W.DmProvider.SecurityTests.TlsTransportTests.ValidCaAndMatchingDnsOrIpSanUpgradeTls" storage="/users/wanghongyi/projects/w.dmprovider/.local/verification/r3/t19/runs/0.1.0-r3.20261003100900/private/source/tests/w.dmprovider.securitytests/bin/release/net10.0/w.dmprovider.securitytests.dll" id="0755ab7d-4285-6bd9-d50d-437a9a762292">
      <ns0:Execution id="923da656-1c9b-44db-af56-9645d539e30a" />
      <ns0:TestMethod codeBase="[repo]/.local/verification/r3/t19/runs/0.1.0-r3.20261003100900/private/source/tests/W.DmProvider.SecurityTests/bin/Release/net10.0/W.DmProvider.SecurityTests.dll" adapterTypeName="executor://xunit/VsTestRunner2/netcoreapp" className="W.DmProvider.SecurityTests.TlsTransportTests" name="ValidCaAndMatchingDnsOrIpSanUpgradeTls" />
    </ns0:UnitTest>
    <ns0:UnitTest name="W.DmProvider.SecurityTests.TlsTransportTests.UnknownCaFailsClosedWithoutSuccessfulUpgrade" storage="/users/wanghongyi/projects/w.dmprovider/.local/verification/r3/t19/runs/0.1.0-r3.20261003100900/private/source/tests/w.dmprovider.securitytests/bin/release/net10.0/w.dmprovider.securitytests.dll" id="ffa8c015-1b5f-6df4-eb1d-c07b25f0e9fb">
      <ns0:Execution id="e7b7ac02-8d50-4ef8-8069-7a9d7aa88fc7" />
      <ns0:TestMethod codeBase="[repo]/.local/verification/r3/t19/runs/0.1.0-r3.20261003100900/private/source/tests/W.DmProvider.SecurityTests/bin/Release/net10.0/W.DmProvider.SecurityTests.dll" adapterTypeName="executor://xunit/VsTestRunner2/netcoreapp" className="W.DmProvider.SecurityTests.TlsTransportTests" name="UnknownCaFailsClosedWithoutSuccessfulUpgrade" />
    </ns0:UnitTest>
    <ns0:UnitTest name="W.DmProvider.SecurityTests.TlsLifecycleTests.AbsoluteConnectDeadlineIncludesPendingTlsHandshake" storage="/users/wanghongyi/projects/w.dmprovider/.local/verification/r3/t19/runs/0.1.0-r3.20261003100900/private/source/tests/w.dmprovider.securitytests/bin/release/net10.0/w.dmprovider.securitytests.dll" id="5e88a0e5-0693-1b61-df6a-0e031ba92b69">
      <ns0:Execution id="ded04b80-f75c-4e4d-be0f-814df074f637" />
      <ns0:TestMethod codeBase="[repo]/.local/verification/r3/t19/runs/0.1.0-r3.20261003100900/private/source/tests/W.DmProvider.SecurityTests/bin/Release/net10.0/W.DmProvider.SecurityTests.dll" adapterTypeName="executor://xunit/VsTestRunner2/netcoreapp" className="W.DmProvider.SecurityTests.TlsLifecycleTests" name="AbsoluteConnectDeadlineIncludesPendingTlsHandshake" />
    </ns0:UnitTest>
    <ns0:UnitTest name="W.DmProvider.SecurityTests.NativeLibraryTests.DisposeWaitsForActiveExportCallbackBeforeFreeing" storage="/users/wanghongyi/projects/w.dmprovider/.local/verification/r3/t19/runs/0.1.0-r3.20261003100900/private/source/tests/w.dmprovider.securitytests/bin/release/net10.0/w.dmprovider.securitytests.dll" id="1f1a7e11-1342-b49b-52a9-11ab1d1521aa">
      <ns0:Execution id="d781674c-29d7-417b-9ce2-79a5d96a6af4" />
      <ns0:TestMethod codeBase="[repo]/.local/verification/r3/t19/runs/0.1.0-r3.20261003100900/private/source/tests/W.DmProvider.SecurityTests/bin/Release/net10.0/W.DmProvider.SecurityTests.dll" adapterTypeName="executor://xunit/VsTestRunner2/netcoreapp" className="W.DmProvider.SecurityTests.NativeLibraryTests" name="DisposeWaitsForActiveExportCallbackBeforeFreeing" />
    </ns0:UnitTest>
    <ns0:UnitTest name="W.DmProvider.SecurityTests.NegotiationPolicyTests.FullStreamTlsModesAlwaysRequireCertificateValidatedUpgrade" storage="/users/wanghongyi/projects/w.dmprovider/.local/verification/r3/t19/runs/0.1.0-r3.20261003100900/private/source/tests/w.dmprovider.securitytests/bin/release/net10.0/w.dmprovider.securitytests.dll" id="b4d4b230-39e9-c383-f1e9-0e20f3e9c4f0">
      <ns0:Execution id="c33db152-f097-4fed-9a77-2d1a9cc55a03" />
      <ns0:TestMethod codeBase="[repo]/.local/verification/r3/t19/runs/0.1.0-r3.20261003100900/private/source/tests/W.DmProvider.SecurityTests/bin/Release/net10.0/W.DmProvider.SecurityTests.dll" adapterTypeName="executor://xunit/VsTestRunner2/netcoreapp" className="W.DmProvider.SecurityTests.NegotiationPolicyTests" name="FullStreamTlsModesAlwaysRequireCertificateValidatedUpgrade" />
    </ns0:UnitTest>
  </ns0:TestDefinitions>
  <ns0:TestEntries>
    <ns0:TestEntry testId="2050529e-09a0-eba2-3716-94f8b10dc222" executionId="6bb8f280-c2bb-43c4-a9d9-7d2091e7dee2" testListId="8c84fa94-04c1-424b-9868-57a2d4851a1d" />
    <ns0:TestEntry testId="ffa8c015-1b5f-6df4-eb1d-c07b25f0e9fb" executionId="e7b7ac02-8d50-4ef8-8069-7a9d7aa88fc7" testListId="8c84fa94-04c1-424b-9868-57a2d4851a1d" />
    <ns0:TestEntry testId="32e1a5a9-e2b2-336f-f9d2-56994b3aba3a" executionId="bd6d7726-2f14-4b3e-bade-bf4e6364d5ed" testListId="8c84fa94-04c1-424b-9868-57a2d4851a1d" />
    <ns0:TestEntry testId="f6c00162-7eee-3786-786f-868f81e4d515" executionId="747022a1-6235-436f-b4f3-392ea5342fd1" testListId="8c84fa94-04c1-424b-9868-57a2d4851a1d" />
    <ns0:TestEntry testId="752eb6fd-80fd-15b0-1371-18c8edcb5253" executionId="f3cfe576-4e1f-4937-85ca-1822cf1627d8" testListId="8c84fa94-04c1-424b-9868-57a2d4851a1d" />
    <ns0:TestEntry testId="3463e555-1b44-3c6b-2e15-d721f966a75f" executionId="9a971f20-05d9-4acc-84ad-f063cce22a7c" testListId="8c84fa94-04c1-424b-9868-57a2d4851a1d" />
    <ns0:TestEntry testId="981331c6-629b-96cc-89b4-d46a6705f120" executionId="934d5754-4a3f-410b-a0fc-445144afa92f" testListId="8c84fa94-04c1-424b-9868-57a2d4851a1d" />
    <ns0:TestEntry testId="d950d80f-54a5-a03b-1289-9bb5c847ed44" executionId="a858ef7d-f6bf-43ae-a013-ac40045db5bf" testListId="8c84fa94-04c1-424b-9868-57a2d4851a1d" />
    <ns0:TestEntry testId="cbbcc1d3-4d96-11ea-4f1c-18cc05676615" executionId="00c818b6-49ea-48dc-9153-29dbf4e50cb1" testListId="8c84fa94-04c1-424b-9868-57a2d4851a1d" />
    <ns0:TestEntry testId="dbc0457a-487c-54a7-225a-4097ec4fedf3" executionId="f8bc92e5-923c-4414-b37c-03a4e14beeda" testListId="8c84fa94-04c1-424b-9868-57a2d4851a1d" />
    <ns0:TestEntry testId="c2e588d7-c5ab-a805-daf0-77721f823204" executionId="56aba26c-fd5f-49d4-ac4f-07b7c61e3037" testListId="8c84fa94-04c1-424b-9868-57a2d4851a1d" />
    <ns0:TestEntry testId="eb164ca8-3483-50b7-e8bc-41d3010dbb66" executionId="225980a6-e16b-4ea4-a66f-20e22e21e6fc" testListId="8c84fa94-04c1-424b-9868-57a2d4851a1d" />
    <ns0:TestEntry testId="b3295c2a-4d0a-ea15-0eee-3b3a74bc0db9" executionId="c167b824-acc4-4f55-bb99-2fceea8d7bad" testListId="8c84fa94-04c1-424b-9868-57a2d4851a1d" />
    <ns0:TestEntry testId="32412b20-55cb-2db2-c5cf-f187f986f237" executionId="518b50dc-05df-4de2-bcea-d7473e2433ff" testListId="8c84fa94-04c1-424b-9868-57a2d4851a1d" />
    <ns0:TestEntry testId="719042bb-0383-bde5-0833-d0ec751e2cab" executionId="d59cade4-1226-4c86-a1e6-43fab0e8d3ac" testListId="8c84fa94-04c1-424b-9868-57a2d4851a1d" />
    <ns0:TestEntry testId="0755ab7d-4285-6bd9-d50d-437a9a762292" executionId="923da656-1c9b-44db-af56-9645d539e30a" testListId="8c84fa94-04c1-424b-9868-57a2d4851a1d" />
    <ns0:TestEntry testId="07fef50d-e839-46f1-d928-3333192e3e05" executionId="31b5c5f0-0e66-4a7c-8767-85322a05a717" testListId="8c84fa94-04c1-424b-9868-57a2d4851a1d" />
    <ns0:TestEntry testId="533aac9f-5ad9-aaf1-c67e-9e6192acefd1" executionId="e6684fa4-1db7-460d-941e-393530da6df4" testListId="8c84fa94-04c1-424b-9868-57a2d4851a1d" />
    <ns0:TestEntry testId="2111c572-24d9-5985-2a05-00e4a448a567" executionId="fda056ab-2691-45ef-bb19-62a16a27d0cd" testListId="8c84fa94-04c1-424b-9868-57a2d4851a1d" />
    <ns0:TestEntry testId="4cc3d041-bb8d-5ada-06b4-1815177fc9e8" executionId="61970727-cbe1-4c0f-8072-b265bf62d933" testListId="8c84fa94-04c1-424b-9868-57a2d4851a1d" />
    <ns0:TestEntry testId="9a709573-0898-71a2-1408-75ab7e886ec9" executionId="e4c73a84-8cbe-4eec-a9e5-bbbe54bf9699" testListId="8c84fa94-04c1-424b-9868-57a2d4851a1d" />
    <ns0:TestEntry testId="c0a58523-3721-e6de-00c8-89df61d600a9" executionId="9d0be72b-01a0-43b4-84f7-fbb0e1b64ac6" testListId="8c84fa94-04c1-424b-9868-57a2d4851a1d" />
    <ns0:TestEntry testId="5e31de7c-4179-0927-4701-dd9750fc3b24" executionId="de0db1ef-c655-4104-971a-663a88b9685a" testListId="8c84fa94-04c1-424b-9868-57a2d4851a1d" />
    <ns0:TestEntry testId="62fc4ca7-4547-2435-c81f-76b9c740d025" executionId="3e5dc995-7b8e-43f8-8ea5-c4da31ff6d11" testListId="8c84fa94-04c1-424b-9868-57a2d4851a1d" />
    <ns0:TestEntry testId="5e88a0e5-0693-1b61-df6a-0e031ba92b69" executionId="ded04b80-f75c-4e4d-be0f-814df074f637" testListId="8c84fa94-04c1-424b-9868-57a2d4851a1d" />
    <ns0:TestEntry testId="8e414bf6-c357-b6ff-7d94-b21ed5fca0ff" executionId="a6febd18-2783-4101-8750-193d4df30af6" testListId="8c84fa94-04c1-424b-9868-57a2d4851a1d" />
    <ns0:TestEntry testId="1f1a7e11-1342-b49b-52a9-11ab1d1521aa" executionId="d781674c-29d7-417b-9ce2-79a5d96a6af4" testListId="8c84fa94-04c1-424b-9868-57a2d4851a1d" />
    <ns0:TestEntry testId="ca2ff1a3-5a53-b40d-abae-38f33479a5db" executionId="919e3f76-7d11-463f-b279-d0988ffb4139" testListId="8c84fa94-04c1-424b-9868-57a2d4851a1d" />
    <ns0:TestEntry testId="d544fa27-8f7b-f2f1-d4d2-cb31d692a632" executionId="fdf8d823-6f0d-4fb8-8d5b-f7eee0057498" testListId="8c84fa94-04c1-424b-9868-57a2d4851a1d" />
    <ns0:TestEntry testId="3769e0a3-057b-95a0-4030-ba582b7af85f" executionId="3d17a6b0-a757-4885-aebe-ce7472039546" testListId="8c84fa94-04c1-424b-9868-57a2d4851a1d" />
    <ns0:TestEntry testId="00143dfc-666b-f13a-51c5-1481d5385060" executionId="6e261477-a203-429b-9ddf-4f7c3969d833" testListId="8c84fa94-04c1-424b-9868-57a2d4851a1d" />
    <ns0:TestEntry testId="634dad1c-5ae4-d06f-6b4a-da9a9c0cb189" executionId="cd9d928b-3f93-43cb-b61e-9579bb0dde35" testListId="8c84fa94-04c1-424b-9868-57a2d4851a1d" />
    <ns0:TestEntry testId="96d37f10-55cc-f2db-ca13-918a64e26e92" executionId="b413dd10-3830-47ad-8075-d7b4ec1e51e1" testListId="8c84fa94-04c1-424b-9868-57a2d4851a1d" />
    <ns0:TestEntry testId="b4d4b230-39e9-c383-f1e9-0e20f3e9c4f0" executionId="c33db152-f097-4fed-9a77-2d1a9cc55a03" testListId="8c84fa94-04c1-424b-9868-57a2d4851a1d" />
    <ns0:TestEntry testId="c255853a-7a5c-81f9-8917-4665709afdd9" executionId="0b03d2ea-759b-4197-8182-6093dbefe3da" testListId="8c84fa94-04c1-424b-9868-57a2d4851a1d" />
    <ns0:TestEntry testId="de70bb76-193e-6a88-cc9e-d7ca85af1f86" executionId="7105670a-e7ac-406d-9da3-547f715ac32f" testListId="8c84fa94-04c1-424b-9868-57a2d4851a1d" />
    <ns0:TestEntry testId="09e1589e-484a-0450-bfad-8a8789fc9d6b" executionId="460f817f-c335-4432-82eb-00ad442581ad" testListId="8c84fa94-04c1-424b-9868-57a2d4851a1d" />
    <ns0:TestEntry testId="703d5ae8-995f-4c6e-d3d8-9ac371c824f0" executionId="d4e76ced-c672-4de8-bcc3-908bb8c59e60" testListId="8c84fa94-04c1-424b-9868-57a2d4851a1d" />
    <ns0:TestEntry testId="6743f84c-2790-1570-06b5-a4177c9dff5a" executionId="6313ed57-1120-4072-b560-2034f4d9b12d" testListId="8c84fa94-04c1-424b-9868-57a2d4851a1d" />
  </ns0:TestEntries>
  <ns0:TestLists>
    <ns0:TestList name="Results Not in a List" id="8c84fa94-04c1-424b-9868-57a2d4851a1d" />
    <ns0:TestList name="All Loaded Results" id="19431567-8539-422a-85d7-44ee4e166bda" />
  </ns0:TestLists>
  <ns0:ResultSummary outcome="Completed">
    <ns0:Counters total="39" executed="39" passed="39" failed="0" error="0" timeout="0" aborted="0" inconclusive="0" passedButRunAborted="0" notRunnable="0" notExecuted="0" disconnected="0" warning="0" completed="0" inProgress="0" pending="0" />
    </ns0:ResultSummary>
</ns0:TestRun>