<?xml version='1.0' encoding='utf-8'?>
<ns0:TestRun xmlns:ns0="http://microsoft.com/schemas/VisualStudio/TeamTest/2010" id="480a998d-6742-47fa-a5c6-dd0cfa186479" name="@runnervm8df0l 2026-10-03 07:37:28">
  <ns0:Times creation="2026-10-03T07:37:28.3518014+00:00" queuing="2026-10-03T07:37:28.3518016+00:00" start="2026-10-03T07:37:27.5312222+00:00" finish="2026-10-03T07:37:28.3816209+00:00" />
  <ns0:TestSettings name="default" id="acb1a60f-dd8d-43c8-9f73-e3cea72b431f">
    <ns0:Deployment runDeploymentRoot="_runnervm8df0l_2026-10-03_07_37_28" />
  </ns0:TestSettings>
  <ns0:Results>
    <ns0:UnitTestResult executionId="56fd883c-7443-4678-afd5-8fa8b08ee208" testId="e8491816-4754-b3c5-11cb-3e1a1d7e46c4" testName="W.DmProvider.ConfigurationTests.ConfigurationTests.DerivedSetterRollbackAndBaseSetterFailureFamilies" computerName="runnervm8df0l" duration="00:00:00.0016237" startTime="2026-10-03T07:37:28.3150297+00:00" endTime="2026-10-03T07:37:28.3150297+00:00" testType="13cdc9d9-ddb5-4fa4-a97d-d965ccfc6d4b" outcome="Passed" testListId="8c84fa94-04c1-424b-9868-57a2d4851a1d" relativeResultsDirectory="56fd883c-7443-4678-afd5-8fa8b08ee208" />
    <ns0:UnitTestResult executionId="0edfed8b-dc04-45e9-8a3f-ea2965776374" testId="07a69d97-ae1c-c476-2db9-89aff6f88939" testName="W.DmProvider.ConfigurationTests.ConfigurationTests.SecretAndSnapshotsRemainLocal" computerName="runnervm8df0l" duration="00:00:00.0021187" startTime="2026-10-03T07:37:28.2626293+00:00" endTime="2026-10-03T07:37:28.2626294+00:00" testType="13cdc9d9-ddb5-4fa4-a97d-d965ccfc6d4b" outcome="Passed" testListId="8c84fa94-04c1-424b-9868-57a2d4851a1d" relativeResultsDirectory="0edfed8b-dc04-45e9-8a3f-ea2965776374" />
    <ns0:UnitTestResult executionId="684df19f-92c7-430d-aeee-ecb444288b9a" testId="4348633f-e01a-7b39-99a7-115d0b59b801" testName="W.DmProvider.ConfigurationTests.ConfigurationTests.LegacyMillisecondsAndTypedTimeSpanAgree" computerName="runnervm8df0l" duration="00:00:00.0033786" startTime="2026-10-03T07:37:28.2597044+00:00" endTime="2026-10-03T07:37:28.2597045+00:00" testType="13cdc9d9-ddb5-4fa4-a97d-d965ccfc6d4b" outcome="Passed" testListId="8c84fa94-04c1-424b-9868-57a2d4851a1d" relativeResultsDirectory="684df19f-92c7-430d-aeee-ecb444288b9a" />
    <ns0:UnitTestResult executionId="684535ec-b836-475b-b140-c2ebbd4a12fd" testId="cb11d85d-fcb1-d048-3169-7936e9ba4060" testName="W.DmProvider.ConfigurationTests.ConfigurationTests.FixtureCases" computerName="runnervm8df0l" duration="00:00:00.0232830" startTime="2026-10-03T07:37:28.2562580+00:00" endTime="2026-10-03T07:37:28.2562581+00:00" testType="13cdc9d9-ddb5-4fa4-a97d-d965ccfc6d4b" outcome="Passed" testListId="8c84fa94-04c1-424b-9868-57a2d4851a1d" relativeResultsDirectory="684535ec-b836-475b-b140-c2ebbd4a12fd" />
    <ns0:UnitTestResult executionId="5d40a2ac-ec72-4fc0-badb-515ee3d96149" testId="5dcd22b8-bb21-5427-3e5c-51a6ac123d71" testName="W.DmProvider.ConfigurationTests.ConfigurationTests.SchemaEntryPointsShareValidationAndQuoteOneIdentifier" computerName="runnervm8df0l" duration="00:00:00.0114089" startTime="2026-10-03T07:37:28.2329060+00:00" endTime="2026-10-03T07:37:28.2329061+00:00" testType="13cdc9d9-ddb5-4fa4-a97d-d965ccfc6d4b" outcome="Passed" testListId="8c84fa94-04c1-424b-9868-57a2d4851a1d" relativeResultsDirectory="5d40a2ac-ec72-4fc0-badb-515ee3d96149" />
    <ns0:UnitTestResult executionId="fbf47d64-376a-40ad-b075-a395c390641a" testId="9e976908-d562-15d3-c81e-1a31020635c8" testName="W.DmProvider.ConfigurationTests.ConfigurationTests.StrictAliasAssignmentAndRecovery" computerName="runnervm8df0l" duration="00:00:00.0007676" startTime="2026-10-03T07:37:28.3147947+00:00" endTime="2026-10-03T07:37:28.3147948+00:00" testType="13cdc9d9-ddb5-4fa4-a97d-d965ccfc6d4b" outcome="Passed" testListId="8c84fa94-04c1-424b-9868-57a2d4851a1d" relativeResultsDirectory="fbf47d64-376a-40ad-b075-a395c390641a" />
    <ns0:UnitTestResult executionId="76d44c2f-672a-4e2a-a7a6-f8f6137402d9" testId="05b07a3b-d6d8-a3ea-7fc3-94c47d408054" testName="W.DmProvider.ConfigurationTests.ConfigurationTests.NegotiatedSecurityFlagsAreRejectedBeforeLegacyCipherUse" computerName="runnervm8df0l" duration="00:00:00.0007251" startTime="2026-10-03T07:37:28.2604758+00:00" endTime="2026-10-03T07:37:28.2604759+00:00" testType="13cdc9d9-ddb5-4fa4-a97d-d965ccfc6d4b" outcome="Passed" testListId="8c84fa94-04c1-424b-9868-57a2d4851a1d" relativeResultsDirectory="76d44c2f-672a-4e2a-a7a6-f8f6137402d9" />
    <ns0:UnitTestResult executionId="994b608a-39e6-4355-8329-778fd39d7b0c" testId="c3d0f3b0-4416-4fca-8770-aeda849f36c5" testName="W.DmProvider.ConfigurationTests.ConfigurationTests.UnsupportedAndAdvancedEntrypointsReject" computerName="runnervm8df0l" duration="00:00:00.0045540" startTime="2026-10-03T07:37:28.2748561+00:00" endTime="2026-10-03T07:37:28.2748562+00:00" testType="13cdc9d9-ddb5-4fa4-a97d-d965ccfc6d4b" outcome="Passed" testListId="8c84fa94-04c1-424b-9868-57a2d4851a1d" relativeResultsDirectory="994b608a-39e6-4355-8329-778fd39d7b0c" />
    <ns0:UnitTestResult executionId="0f304cd5-a8d9-4c50-879b-07270a4f18f6" testId="1b11932d-78a7-1dbd-cb42-73988218ce02" testName="W.DmProvider.ConfigurationTests.ConfigurationTests.ConnectingEventFailureRestoresClosedState" computerName="runnervm8df0l" duration="00:00:00.0154245" startTime="2026-10-03T07:37:28.2903515+00:00" endTime="2026-10-03T07:37:28.2903517+00:00" testType="13cdc9d9-ddb5-4fa4-a97d-d965ccfc6d4b" outcome="Passed" testListId="8c84fa94-04c1-424b-9868-57a2d4851a1d" relativeResultsDirectory="0f304cd5-a8d9-4c50-879b-07270a4f18f6" />
    <ns0:UnitTestResult executionId="e98cdd08-10eb-4681-a72f-445d57f59ac2" testId="5a852fb5-ecfe-d947-524a-91cb585f36fa" testName="W.DmProvider.ConfigurationTests.ConfigurationTests.IncompleteAuthenticationRejectsBeforeNetwork" computerName="runnervm8df0l" duration="00:00:00.1052340" startTime="2026-10-03T07:37:28.2223000+00:00" endTime="2026-10-03T07:37:28.2223260+00:00" testType="13cdc9d9-ddb5-4fa4-a97d-d965ccfc6d4b" outcome="Passed" testListId="8c84fa94-04c1-424b-9868-57a2d4851a1d" relativeResultsDirectory="e98cdd08-10eb-4681-a72f-445d57f59ac2" />
    <ns0:UnitTestResult executionId="eac384c2-0130-4dfe-ad92-02f9712668c8" testId="af30e4c9-55aa-1a66-e813-43ed28dfd287" testName="W.DmProvider.ConfigurationTests.ConfigurationTests.SafeDefaultsAndStandardUnits" computerName="runnervm8df0l" duration="00:00:00.0075528" startTime="2026-10-03T07:37:28.2702492+00:00" endTime="2026-10-03T07:37:28.2702494+00:00" testType="13cdc9d9-ddb5-4fa4-a97d-d965ccfc6d4b" outcome="Passed" testListId="8c84fa94-04c1-424b-9868-57a2d4851a1d" relativeResultsDirectory="eac384c2-0130-4dfe-ad92-02f9712668c8" />
  </ns0:Results>
  <ns0:TestDefinitions>
    <ns0:UnitTest name="W.DmProvider.ConfigurationTests.ConfigurationTests.IncompleteAuthenticationRejectsBeforeNetwork" storage="[runner-temp]/r3-candidate/0.1.0-r3.20261003073705/private/source/tests/w.dmprovider.configurationtests/bin/release/net10.0/w.dmprovider.configurationtests.dll" id="5a852fb5-ecfe-d947-524a-91cb585f36fa">
      <ns0:Execution id="e98cdd08-10eb-4681-a72f-445d57f59ac2" />
      <ns0:TestMethod codeBase="[runner-temp]/r3-candidate/0.1.0-r3.20261003073705/private/source/tests/W.DmProvider.ConfigurationTests/bin/Release/net10.0/W.DmProvider.ConfigurationTests.dll" adapterTypeName="executor://xunit/VsTestRunner2/netcoreapp" className="W.DmProvider.ConfigurationTests.ConfigurationTests" name="IncompleteAuthenticationRejectsBeforeNetwork" />
    </ns0:UnitTest>
    <ns0:UnitTest name="W.DmProvider.ConfigurationTests.ConfigurationTests.ConnectingEventFailureRestoresClosedState" storage="[runner-temp]/r3-candidate/0.1.0-r3.20261003073705/private/source/tests/w.dmprovider.configurationtests/bin/release/net10.0/w.dmprovider.configurationtests.dll" id="1b11932d-78a7-1dbd-cb42-73988218ce02">
      <ns0:Execution id="0f304cd5-a8d9-4c50-879b-07270a4f18f6" />
      <ns0:TestMethod codeBase="[runner-temp]/r3-candidate/0.1.0-r3.20261003073705/private/source/tests/W.DmProvider.ConfigurationTests/bin/Release/net10.0/W.DmProvider.ConfigurationTests.dll" adapterTypeName="executor://xunit/VsTestRunner2/netcoreapp" className="W.DmProvider.ConfigurationTests.ConfigurationTests" name="ConnectingEventFailureRestoresClosedState" />
    </ns0:UnitTest>
    <ns0:UnitTest name="W.DmProvider.ConfigurationTests.ConfigurationTests.LegacyMillisecondsAndTypedTimeSpanAgree" storage="[runner-temp]/r3-candidate/0.1.0-r3.20261003073705/private/source/tests/w.dmprovider.configurationtests/bin/release/net10.0/w.dmprovider.configurationtests.dll" id="4348633f-e01a-7b39-99a7-115d0b59b801">
      <ns0:Execution id="684df19f-92c7-430d-aeee-ecb444288b9a" />
      <ns0:TestMethod codeBase="[runner-temp]/r3-candidate/0.1.0-r3.20261003073705/private/source/tests/W.DmProvider.ConfigurationTests/bin/Release/net10.0/W.DmProvider.ConfigurationTests.dll" adapterTypeName="executor://xunit/VsTestRunner2/netcoreapp" className="W.DmProvider.ConfigurationTests.ConfigurationTests" name="LegacyMillisecondsAndTypedTimeSpanAgree" />
    </ns0:UnitTest>
    <ns0:UnitTest name="W.DmProvider.ConfigurationTests.ConfigurationTests.DerivedSetterRollbackAndBaseSetterFailureFamilies" storage="[runner-temp]/r3-candidate/0.1.0-r3.20261003073705/private/source/tests/w.dmprovider.configurationtests/bin/release/net10.0/w.dmprovider.configurationtests.dll" id="e8491816-4754-b3c5-11cb-3e1a1d7e46c4">
      <ns0:Execution id="56fd883c-7443-4678-afd5-8fa8b08ee208" />
      <ns0:TestMethod codeBase="[runner-temp]/r3-candidate/0.1.0-r3.20261003073705/private/source/tests/W.DmProvider.ConfigurationTests/bin/Release/net10.0/W.DmProvider.ConfigurationTests.dll" adapterTypeName="executor://xunit/VsTestRunner2/netcoreapp" className="W.DmProvider.ConfigurationTests.ConfigurationTests" name="DerivedSetterRollbackAndBaseSetterFailureFamilies" />
    </ns0:UnitTest>
    <ns0:UnitTest name="W.DmProvider.ConfigurationTests.ConfigurationTests.SchemaEntryPointsShareValidationAndQuoteOneIdentifier" storage="[runner-temp]/r3-candidate/0.1.0-r3.20261003073705/private/source/tests/w.dmprovider.configurationtests/bin/release/net10.0/w.dmprovider.configurationtests.dll" id="5dcd22b8-bb21-5427-3e5c-51a6ac123d71">
      <ns0:Execution id="5d40a2ac-ec72-4fc0-badb-515ee3d96149" />
      <ns0:TestMethod codeBase="[runner-temp]/r3-candidate/0.1.0-r3.20261003073705/private/source/tests/W.DmProvider.ConfigurationTests/bin/Release/net10.0/W.DmProvider.ConfigurationTests.dll" adapterTypeName="executor://xunit/VsTestRunner2/netcoreapp" className="W.DmProvider.ConfigurationTests.ConfigurationTests" name="SchemaEntryPointsShareValidationAndQuoteOneIdentifier" />
    </ns0:UnitTest>
    <ns0:UnitTest name="W.DmProvider.ConfigurationTests.ConfigurationTests.SecretAndSnapshotsRemainLocal" storage="[runner-temp]/r3-candidate/0.1.0-r3.20261003073705/private/source/tests/w.dmprovider.configurationtests/bin/release/net10.0/w.dmprovider.configurationtests.dll" id="07a69d97-ae1c-c476-2db9-89aff6f88939">
      <ns0:Execution id="0edfed8b-dc04-45e9-8a3f-ea2965776374" />
      <ns0:TestMethod codeBase="[runner-temp]/r3-candidate/0.1.0-r3.20261003073705/private/source/tests/W.DmProvider.ConfigurationTests/bin/Release/net10.0/W.DmProvider.ConfigurationTests.dll" adapterTypeName="executor://xunit/VsTestRunner2/netcoreapp" className="W.DmProvider.ConfigurationTests.ConfigurationTests" name="SecretAndSnapshotsRemainLocal" />
    </ns0:UnitTest>
    <ns0:UnitTest name="W.DmProvider.ConfigurationTests.ConfigurationTests.FixtureCases" storage="[runner-temp]/r3-candidate/0.1.0-r3.20261003073705/private/source/tests/w.dmprovider.configurationtests/bin/release/net10.0/w.dmprovider.configurationtests.dll" id="cb11d85d-fcb1-d048-3169-7936e9ba4060">
      <ns0:Execution id="684535ec-b836-475b-b140-c2ebbd4a12fd" />
      <ns0:TestMethod codeBase="[runner-temp]/r3-candidate/0.1.0-r3.20261003073705/private/source/tests/W.DmProvider.ConfigurationTests/bin/Release/net10.0/W.DmProvider.ConfigurationTests.dll" adapterTypeName="executor://xunit/VsTestRunner2/netcoreapp" className="W.DmProvider.ConfigurationTests.ConfigurationTests" name="FixtureCases" />
    </ns0:UnitTest>
    <ns0:UnitTest name="W.DmProvider.ConfigurationTests.ConfigurationTests.UnsupportedAndAdvancedEntrypointsReject" storage="[runner-temp]/r3-candidate/0.1.0-r3.20261003073705/private/source/tests/w.dmprovider.configurationtests/bin/release/net10.0/w.dmprovider.configurationtests.dll" id="c3d0f3b0-4416-4fca-8770-aeda849f36c5">
      <ns0:Execution id="994b608a-39e6-4355-8329-778fd39d7b0c" />
      <ns0:TestMethod codeBase="[runner-temp]/r3-candidate/0.1.0-r3.20261003073705/private/source/tests/W.DmProvider.ConfigurationTests/bin/Release/net10.0/W.DmProvider.ConfigurationTests.dll" adapterTypeName="executor://xunit/VsTestRunner2/netcoreapp" className="W.DmProvider.ConfigurationTests.ConfigurationTests" name="UnsupportedAndAdvancedEntrypointsReject" />
    </ns0:UnitTest>
    <ns0:UnitTest name="W.DmProvider.ConfigurationTests.ConfigurationTests.NegotiatedSecurityFlagsAreRejectedBeforeLegacyCipherUse" storage="[runner-temp]/r3-candidate/0.1.0-r3.20261003073705/private/source/tests/w.dmprovider.configurationtests/bin/release/net10.0/w.dmprovider.configurationtests.dll" id="05b07a3b-d6d8-a3ea-7fc3-94c47d408054">
      <ns0:Execution id="76d44c2f-672a-4e2a-a7a6-f8f6137402d9" />
      <ns0:TestMethod codeBase="[runner-temp]/r3-candidate/0.1.0-r3.20261003073705/private/source/tests/W.DmProvider.ConfigurationTests/bin/Release/net10.0/W.DmProvider.ConfigurationTests.dll" adapterTypeName="executor://xunit/VsTestRunner2/netcoreapp" className="W.DmProvider.ConfigurationTests.ConfigurationTests" name="NegotiatedSecurityFlagsAreRejectedBeforeLegacyCipherUse" />
    </ns0:UnitTest>
    <ns0:UnitTest name="W.DmProvider.ConfigurationTests.ConfigurationTests.StrictAliasAssignmentAndRecovery" storage="[runner-temp]/r3-candidate/0.1.0-r3.20261003073705/private/source/tests/w.dmprovider.configurationtests/bin/release/net10.0/w.dmprovider.configurationtests.dll" id="9e976908-d562-15d3-c81e-1a31020635c8">
      <ns0:Execution id="fbf47d64-376a-40ad-b075-a395c390641a" />
      <ns0:TestMethod codeBase="[runner-temp]/r3-candidate/0.1.0-r3.20261003073705/private/source/tests/W.DmProvider.ConfigurationTests/bin/Release/net10.0/W.DmProvider.ConfigurationTests.dll" adapterTypeName="executor://xunit/VsTestRunner2/netcoreapp" className="W.DmProvider.ConfigurationTests.ConfigurationTests" name="StrictAliasAssignmentAndRecovery" />
    </ns0:UnitTest>
    <ns0:UnitTest name="W.DmProvider.ConfigurationTests.ConfigurationTests.SafeDefaultsAndStandardUnits" storage="[runner-temp]/r3-candidate/0.1.0-r3.20261003073705/private/source/tests/w.dmprovider.configurationtests/bin/release/net10.0/w.dmprovider.configurationtests.dll" id="af30e4c9-55aa-1a66-e813-43ed28dfd287">
      <ns0:Execution id="eac384c2-0130-4dfe-ad92-02f9712668c8" />
      <ns0:TestMethod codeBase="[runner-temp]/r3-candidate/0.1.0-r3.20261003073705/private/source/tests/W.DmProvider.ConfigurationTests/bin/Release/net10.0/W.DmProvider.ConfigurationTests.dll" adapterTypeName="executor://xunit/VsTestRunner2/netcoreapp" className="W.DmProvider.ConfigurationTests.ConfigurationTests" name="SafeDefaultsAndStandardUnits" />
    </ns0:UnitTest>
  </ns0:TestDefinitions>
  <ns0:TestEntries>
    <ns0:TestEntry testId="e8491816-4754-b3c5-11cb-3e1a1d7e46c4" executionId="56fd883c-7443-4678-afd5-8fa8b08ee208" testListId="8c84fa94-04c1-424b-9868-57a2d4851a1d" />
    <ns0:TestEntry testId="07a69d97-ae1c-c476-2db9-89aff6f88939" executionId="0edfed8b-dc04-45e9-8a3f-ea2965776374" testListId="8c84fa94-04c1-424b-9868-57a2d4851a1d" />
    <ns0:TestEntry testId="4348633f-e01a-7b39-99a7-115d0b59b801" executionId="684df19f-92c7-430d-aeee-ecb444288b9a" testListId="8c84fa94-04c1-424b-9868-57a2d4851a1d" />
    <ns0:TestEntry testId="cb11d85d-fcb1-d048-3169-7936e9ba4060" executionId="684535ec-b836-475b-b140-c2ebbd4a12fd" testListId="8c84fa94-04c1-424b-9868-57a2d4851a1d" />
    <ns0:TestEntry testId="5dcd22b8-bb21-5427-3e5c-51a6ac123d71" executionId="5d40a2ac-ec72-4fc0-badb-515ee3d96149" testListId="8c84fa94-04c1-424b-9868-57a2d4851a1d" />
    <ns0:TestEntry testId="9e976908-d562-15d3-c81e-1a31020635c8" executionId="fbf47d64-376a-40ad-b075-a395c390641a" testListId="8c84fa94-04c1-424b-9868-57a2d4851a1d" />
    <ns0:TestEntry testId="05b07a3b-d6d8-a3ea-7fc3-94c47d408054" executionId="76d44c2f-672a-4e2a-a7a6-f8f6137402d9" testListId="8c84fa94-04c1-424b-9868-57a2d4851a1d" />
    <ns0:TestEntry testId="c3d0f3b0-4416-4fca-8770-aeda849f36c5" executionId="994b608a-39e6-4355-8329-778fd39d7b0c" testListId="8c84fa94-04c1-424b-9868-57a2d4851a1d" />
    <ns0:TestEntry testId="1b11932d-78a7-1dbd-cb42-73988218ce02" executionId="0f304cd5-a8d9-4c50-879b-07270a4f18f6" testListId="8c84fa94-04c1-424b-9868-57a2d4851a1d" />
    <ns0:TestEntry testId="5a852fb5-ecfe-d947-524a-91cb585f36fa" executionId="e98cdd08-10eb-4681-a72f-445d57f59ac2" testListId="8c84fa94-04c1-424b-9868-57a2d4851a1d" />
    <ns0:TestEntry testId="af30e4c9-55aa-1a66-e813-43ed28dfd287" executionId="eac384c2-0130-4dfe-ad92-02f9712668c8" testListId="8c84fa94-04c1-424b-9868-57a2d4851a1d" />
  </ns0:TestEntries>
  <ns0:TestLists>
    <ns0:TestList name="Results Not in a List" id="8c84fa94-04c1-424b-9868-57a2d4851a1d" />
    <ns0:TestList name="All Loaded Results" id="19431567-8539-422a-85d7-44ee4e166bda" />
  </ns0:TestLists>
  <ns0:ResultSummary outcome="Completed">
    <ns0:Counters total="11" executed="11" passed="11" failed="0" error="0" timeout="0" aborted="0" inconclusive="0" passedButRunAborted="0" notRunnable="0" notExecuted="0" disconnected="0" warning="0" completed="0" inProgress="0" pending="0" />
    </ns0:ResultSummary>
</ns0:TestRun>