<?xml version='1.0' encoding='utf-8'?>
<ns0:TestRun xmlns:ns0="http://microsoft.com/schemas/VisualStudio/TeamTest/2010" id="cd856283-1f3a-4b11-98f4-bb8e57e0d40d" name="@wanghongyideMacBook-Pro 2026-10-03 05:34:35">
  <ns0:Times creation="2026-10-03T05:34:35.0404990+08:00" queuing="2026-10-03T05:34:35.0404990+08:00" start="2026-10-03T05:34:34.7726240+08:00" finish="2026-10-03T05:34:35.0478070+08:00" />
  <ns0:TestSettings name="default" id="1ae5f37a-18d4-4254-b5c4-0c89e2577bb0">
    <ns0:Deployment runDeploymentRoot="_wanghongyideMacBook-Pro_2026-10-03_05_34_35" />
  </ns0:TestSettings>
  <ns0:Results>
    <ns0:UnitTestResult executionId="a4c851d2-ed49-4fb5-9f67-e3069e01cfb1" testId="5dcd22b8-bb21-5427-3e5c-51a6ac123d71" testName="W.DmProvider.ConfigurationTests.ConfigurationTests.SchemaEntryPointsShareValidationAndQuoteOneIdentifier" computerName="wanghongyideMacBook-Pro" duration="00:00:00.0024945" startTime="2026-10-03T05:34:35.0010210+08:00" endTime="2026-10-03T05:34:35.0010210+08:00" testType="13cdc9d9-ddb5-4fa4-a97d-d965ccfc6d4b" outcome="Passed" testListId="8c84fa94-04c1-424b-9868-57a2d4851a1d" relativeResultsDirectory="a4c851d2-ed49-4fb5-9f67-e3069e01cfb1" />
    <ns0:UnitTestResult executionId="4467fe2e-20fb-4974-a9a5-0402d01ae7ba" testId="4348633f-e01a-7b39-99a7-115d0b59b801" testName="W.DmProvider.ConfigurationTests.ConfigurationTests.LegacyMillisecondsAndTypedTimeSpanAgree" computerName="wanghongyideMacBook-Pro" duration="00:00:00.0015293" startTime="2026-10-03T05:34:35.0119600+08:00" endTime="2026-10-03T05:34:35.0119600+08:00" testType="13cdc9d9-ddb5-4fa4-a97d-d965ccfc6d4b" outcome="Passed" testListId="8c84fa94-04c1-424b-9868-57a2d4851a1d" relativeResultsDirectory="4467fe2e-20fb-4974-a9a5-0402d01ae7ba" />
    <ns0:UnitTestResult executionId="022297c7-2d86-4961-8292-35e6db213559" testId="af30e4c9-55aa-1a66-e813-43ed28dfd287" testName="W.DmProvider.ConfigurationTests.ConfigurationTests.SafeDefaultsAndStandardUnits" computerName="wanghongyideMacBook-Pro" duration="00:00:00.0029593" startTime="2026-10-03T05:34:35.0162680+08:00" endTime="2026-10-03T05:34:35.0162680+08:00" testType="13cdc9d9-ddb5-4fa4-a97d-d965ccfc6d4b" outcome="Passed" testListId="8c84fa94-04c1-424b-9868-57a2d4851a1d" relativeResultsDirectory="022297c7-2d86-4961-8292-35e6db213559" />
    <ns0:UnitTestResult executionId="1c26d951-e78e-4c9f-88a3-de3c169d7900" testId="5a852fb5-ecfe-d947-524a-91cb585f36fa" testName="W.DmProvider.ConfigurationTests.ConfigurationTests.IncompleteAuthenticationRejectsBeforeNetwork" computerName="wanghongyideMacBook-Pro" duration="00:00:00.0147658" startTime="2026-10-03T05:34:34.9987910+08:00" endTime="2026-10-03T05:34:34.9987990+08:00" testType="13cdc9d9-ddb5-4fa4-a97d-d965ccfc6d4b" outcome="Passed" testListId="8c84fa94-04c1-424b-9868-57a2d4851a1d" relativeResultsDirectory="1c26d951-e78e-4c9f-88a3-de3c169d7900" />
    <ns0:UnitTestResult executionId="61267e77-55fd-40df-907d-828e7383d31a" testId="05b07a3b-d6d8-a3ea-7fc3-94c47d408054" testName="W.DmProvider.ConfigurationTests.ConfigurationTests.NegotiatedSecurityFlagsAreRejectedBeforeLegacyCipherUse" computerName="wanghongyideMacBook-Pro" duration="00:00:00.0003758" startTime="2026-10-03T05:34:35.0123640+08:00" endTime="2026-10-03T05:34:35.0123640+08:00" testType="13cdc9d9-ddb5-4fa4-a97d-d965ccfc6d4b" outcome="Passed" testListId="8c84fa94-04c1-424b-9868-57a2d4851a1d" relativeResultsDirectory="61267e77-55fd-40df-907d-828e7383d31a" />
    <ns0:UnitTestResult executionId="4fc05469-759e-4829-ac5b-95ee577c2f0e" testId="9e976908-d562-15d3-c81e-1a31020635c8" testName="W.DmProvider.ConfigurationTests.ConfigurationTests.StrictAliasAssignmentAndRecovery" computerName="wanghongyideMacBook-Pro" duration="00:00:00.0002797" startTime="2026-10-03T05:34:35.0293310+08:00" endTime="2026-10-03T05:34:35.0293310+08:00" testType="13cdc9d9-ddb5-4fa4-a97d-d965ccfc6d4b" outcome="Passed" testListId="8c84fa94-04c1-424b-9868-57a2d4851a1d" relativeResultsDirectory="4fc05469-759e-4829-ac5b-95ee577c2f0e" />
    <ns0:UnitTestResult executionId="a51a1305-35ef-4249-bfd5-4fb4da50f90e" testId="cb11d85d-fcb1-d048-3169-7936e9ba4060" testName="W.DmProvider.ConfigurationTests.ConfigurationTests.FixtureCases" computerName="wanghongyideMacBook-Pro" duration="00:00:00.0093954" startTime="2026-10-03T05:34:35.0104070+08:00" endTime="2026-10-03T05:34:35.0104070+08:00" testType="13cdc9d9-ddb5-4fa4-a97d-d965ccfc6d4b" outcome="Passed" testListId="8c84fa94-04c1-424b-9868-57a2d4851a1d" relativeResultsDirectory="a51a1305-35ef-4249-bfd5-4fb4da50f90e" />
    <ns0:UnitTestResult executionId="2189fe93-c7d6-4a18-b160-cde7fd0973a6" testId="c3d0f3b0-4416-4fca-8770-aeda849f36c5" testName="W.DmProvider.ConfigurationTests.ConfigurationTests.UnsupportedAndAdvancedEntrypointsReject" computerName="wanghongyideMacBook-Pro" duration="00:00:00.0016302" startTime="2026-10-03T05:34:35.0179160+08:00" endTime="2026-10-03T05:34:35.0179160+08:00" testType="13cdc9d9-ddb5-4fa4-a97d-d965ccfc6d4b" outcome="Passed" testListId="8c84fa94-04c1-424b-9868-57a2d4851a1d" relativeResultsDirectory="2189fe93-c7d6-4a18-b160-cde7fd0973a6" />
    <ns0:UnitTestResult executionId="52cc3856-b6a6-473a-8cc4-03e179f93386" testId="07a69d97-ae1c-c476-2db9-89aff6f88939" testName="W.DmProvider.ConfigurationTests.ConfigurationTests.SecretAndSnapshotsRemainLocal" computerName="wanghongyideMacBook-Pro" duration="00:00:00.0009022" startTime="2026-10-03T05:34:35.0132900+08:00" endTime="2026-10-03T05:34:35.0132900+08:00" testType="13cdc9d9-ddb5-4fa4-a97d-d965ccfc6d4b" outcome="Passed" testListId="8c84fa94-04c1-424b-9868-57a2d4851a1d" relativeResultsDirectory="52cc3856-b6a6-473a-8cc4-03e179f93386" />
    <ns0:UnitTestResult executionId="615b91cc-af24-4e41-b7e5-34ad36ba4be7" testId="e8491816-4754-b3c5-11cb-3e1a1d7e46c4" testName="W.DmProvider.ConfigurationTests.ConfigurationTests.DerivedSetterRollbackAndBaseSetterFailureFamilies" computerName="wanghongyideMacBook-Pro" duration="00:00:00.0004383" startTime="2026-10-03T05:34:35.0293870+08:00" endTime="2026-10-03T05:34:35.0293870+08:00" testType="13cdc9d9-ddb5-4fa4-a97d-d965ccfc6d4b" outcome="Passed" testListId="8c84fa94-04c1-424b-9868-57a2d4851a1d" relativeResultsDirectory="615b91cc-af24-4e41-b7e5-34ad36ba4be7" />
    <ns0:UnitTestResult executionId="0440d170-223f-465d-ad76-740a17d13494" testId="1b11932d-78a7-1dbd-cb42-73988218ce02" testName="W.DmProvider.ConfigurationTests.ConfigurationTests.ConnectingEventFailureRestoresClosedState" computerName="wanghongyideMacBook-Pro" duration="00:00:00.0020251" startTime="2026-10-03T05:34:35.0199520+08:00" endTime="2026-10-03T05:34:35.0199520+08:00" testType="13cdc9d9-ddb5-4fa4-a97d-d965ccfc6d4b" outcome="Passed" testListId="8c84fa94-04c1-424b-9868-57a2d4851a1d" relativeResultsDirectory="0440d170-223f-465d-ad76-740a17d13494" />
  </ns0:Results>
  <ns0:TestDefinitions>
    <ns0:UnitTest name="W.DmProvider.ConfigurationTests.ConfigurationTests.IncompleteAuthenticationRejectsBeforeNetwork" storage="/users/wanghongyi/projects/w.dmprovider/.local/verification/r3/t19/runs/0.1.0-r3.20261002213425/private/source/tests/w.dmprovider.configurationtests/bin/release/net10.0/w.dmprovider.configurationtests.dll" id="5a852fb5-ecfe-d947-524a-91cb585f36fa">
      <ns0:Execution id="1c26d951-e78e-4c9f-88a3-de3c169d7900" />
      <ns0:TestMethod codeBase="/Users/wanghongyi/Projects/W.DmProvider/.local/verification/r3/t19/runs/0.1.0-r3.20261002213425/private/source/tests/W.DmProvider.ConfigurationTests/bin/Release/net10.0/W.DmProvider.ConfigurationTests.dll" adapterTypeName="executor://xunit/VsTestRunner2/netcoreapp" className="W.DmProvider.ConfigurationTests.ConfigurationTests" name="IncompleteAuthenticationRejectsBeforeNetwork" />
    </ns0:UnitTest>
    <ns0:UnitTest name="W.DmProvider.ConfigurationTests.ConfigurationTests.ConnectingEventFailureRestoresClosedState" storage="/users/wanghongyi/projects/w.dmprovider/.local/verification/r3/t19/runs/0.1.0-r3.20261002213425/private/source/tests/w.dmprovider.configurationtests/bin/release/net10.0/w.dmprovider.configurationtests.dll" id="1b11932d-78a7-1dbd-cb42-73988218ce02">
      <ns0:Execution id="0440d170-223f-465d-ad76-740a17d13494" />
      <ns0:TestMethod codeBase="/Users/wanghongyi/Projects/W.DmProvider/.local/verification/r3/t19/runs/0.1.0-r3.20261002213425/private/source/tests/W.DmProvider.ConfigurationTests/bin/Release/net10.0/W.DmProvider.ConfigurationTests.dll" adapterTypeName="executor://xunit/VsTestRunner2/netcoreapp" className="W.DmProvider.ConfigurationTests.ConfigurationTests" name="ConnectingEventFailureRestoresClosedState" />
    </ns0:UnitTest>
    <ns0:UnitTest name="W.DmProvider.ConfigurationTests.ConfigurationTests.LegacyMillisecondsAndTypedTimeSpanAgree" storage="/users/wanghongyi/projects/w.dmprovider/.local/verification/r3/t19/runs/0.1.0-r3.20261002213425/private/source/tests/w.dmprovider.configurationtests/bin/release/net10.0/w.dmprovider.configurationtests.dll" id="4348633f-e01a-7b39-99a7-115d0b59b801">
      <ns0:Execution id="4467fe2e-20fb-4974-a9a5-0402d01ae7ba" />
      <ns0:TestMethod codeBase="/Users/wanghongyi/Projects/W.DmProvider/.local/verification/r3/t19/runs/0.1.0-r3.20261002213425/private/source/tests/W.DmProvider.ConfigurationTests/bin/Release/net10.0/W.DmProvider.ConfigurationTests.dll" adapterTypeName="executor://xunit/VsTestRunner2/netcoreapp" className="W.DmProvider.ConfigurationTests.ConfigurationTests" name="LegacyMillisecondsAndTypedTimeSpanAgree" />
    </ns0:UnitTest>
    <ns0:UnitTest name="W.DmProvider.ConfigurationTests.ConfigurationTests.DerivedSetterRollbackAndBaseSetterFailureFamilies" storage="/users/wanghongyi/projects/w.dmprovider/.local/verification/r3/t19/runs/0.1.0-r3.20261002213425/private/source/tests/w.dmprovider.configurationtests/bin/release/net10.0/w.dmprovider.configurationtests.dll" id="e8491816-4754-b3c5-11cb-3e1a1d7e46c4">
      <ns0:Execution id="615b91cc-af24-4e41-b7e5-34ad36ba4be7" />
      <ns0:TestMethod codeBase="/Users/wanghongyi/Projects/W.DmProvider/.local/verification/r3/t19/runs/0.1.0-r3.20261002213425/private/source/tests/W.DmProvider.ConfigurationTests/bin/Release/net10.0/W.DmProvider.ConfigurationTests.dll" adapterTypeName="executor://xunit/VsTestRunner2/netcoreapp" className="W.DmProvider.ConfigurationTests.ConfigurationTests" name="DerivedSetterRollbackAndBaseSetterFailureFamilies" />
    </ns0:UnitTest>
    <ns0:UnitTest name="W.DmProvider.ConfigurationTests.ConfigurationTests.SchemaEntryPointsShareValidationAndQuoteOneIdentifier" storage="/users/wanghongyi/projects/w.dmprovider/.local/verification/r3/t19/runs/0.1.0-r3.20261002213425/private/source/tests/w.dmprovider.configurationtests/bin/release/net10.0/w.dmprovider.configurationtests.dll" id="5dcd22b8-bb21-5427-3e5c-51a6ac123d71">
      <ns0:Execution id="a4c851d2-ed49-4fb5-9f67-e3069e01cfb1" />
      <ns0:TestMethod codeBase="/Users/wanghongyi/Projects/W.DmProvider/.local/verification/r3/t19/runs/0.1.0-r3.20261002213425/private/source/tests/W.DmProvider.ConfigurationTests/bin/Release/net10.0/W.DmProvider.ConfigurationTests.dll" adapterTypeName="executor://xunit/VsTestRunner2/netcoreapp" className="W.DmProvider.ConfigurationTests.ConfigurationTests" name="SchemaEntryPointsShareValidationAndQuoteOneIdentifier" />
    </ns0:UnitTest>
    <ns0:UnitTest name="W.DmProvider.ConfigurationTests.ConfigurationTests.SecretAndSnapshotsRemainLocal" storage="/users/wanghongyi/projects/w.dmprovider/.local/verification/r3/t19/runs/0.1.0-r3.20261002213425/private/source/tests/w.dmprovider.configurationtests/bin/release/net10.0/w.dmprovider.configurationtests.dll" id="07a69d97-ae1c-c476-2db9-89aff6f88939">
      <ns0:Execution id="52cc3856-b6a6-473a-8cc4-03e179f93386" />
      <ns0:TestMethod codeBase="/Users/wanghongyi/Projects/W.DmProvider/.local/verification/r3/t19/runs/0.1.0-r3.20261002213425/private/source/tests/W.DmProvider.ConfigurationTests/bin/Release/net10.0/W.DmProvider.ConfigurationTests.dll" adapterTypeName="executor://xunit/VsTestRunner2/netcoreapp" className="W.DmProvider.ConfigurationTests.ConfigurationTests" name="SecretAndSnapshotsRemainLocal" />
    </ns0:UnitTest>
    <ns0:UnitTest name="W.DmProvider.ConfigurationTests.ConfigurationTests.FixtureCases" storage="/users/wanghongyi/projects/w.dmprovider/.local/verification/r3/t19/runs/0.1.0-r3.20261002213425/private/source/tests/w.dmprovider.configurationtests/bin/release/net10.0/w.dmprovider.configurationtests.dll" id="cb11d85d-fcb1-d048-3169-7936e9ba4060">
      <ns0:Execution id="a51a1305-35ef-4249-bfd5-4fb4da50f90e" />
      <ns0:TestMethod codeBase="/Users/wanghongyi/Projects/W.DmProvider/.local/verification/r3/t19/runs/0.1.0-r3.20261002213425/private/source/tests/W.DmProvider.ConfigurationTests/bin/Release/net10.0/W.DmProvider.ConfigurationTests.dll" adapterTypeName="executor://xunit/VsTestRunner2/netcoreapp" className="W.DmProvider.ConfigurationTests.ConfigurationTests" name="FixtureCases" />
    </ns0:UnitTest>
    <ns0:UnitTest name="W.DmProvider.ConfigurationTests.ConfigurationTests.UnsupportedAndAdvancedEntrypointsReject" storage="/users/wanghongyi/projects/w.dmprovider/.local/verification/r3/t19/runs/0.1.0-r3.20261002213425/private/source/tests/w.dmprovider.configurationtests/bin/release/net10.0/w.dmprovider.configurationtests.dll" id="c3d0f3b0-4416-4fca-8770-aeda849f36c5">
      <ns0:Execution id="2189fe93-c7d6-4a18-b160-cde7fd0973a6" />
      <ns0:TestMethod codeBase="/Users/wanghongyi/Projects/W.DmProvider/.local/verification/r3/t19/runs/0.1.0-r3.20261002213425/private/source/tests/W.DmProvider.ConfigurationTests/bin/Release/net10.0/W.DmProvider.ConfigurationTests.dll" adapterTypeName="executor://xunit/VsTestRunner2/netcoreapp" className="W.DmProvider.ConfigurationTests.ConfigurationTests" name="UnsupportedAndAdvancedEntrypointsReject" />
    </ns0:UnitTest>
    <ns0:UnitTest name="W.DmProvider.ConfigurationTests.ConfigurationTests.NegotiatedSecurityFlagsAreRejectedBeforeLegacyCipherUse" storage="/users/wanghongyi/projects/w.dmprovider/.local/verification/r3/t19/runs/0.1.0-r3.20261002213425/private/source/tests/w.dmprovider.configurationtests/bin/release/net10.0/w.dmprovider.configurationtests.dll" id="05b07a3b-d6d8-a3ea-7fc3-94c47d408054">
      <ns0:Execution id="61267e77-55fd-40df-907d-828e7383d31a" />
      <ns0:TestMethod codeBase="/Users/wanghongyi/Projects/W.DmProvider/.local/verification/r3/t19/runs/0.1.0-r3.20261002213425/private/source/tests/W.DmProvider.ConfigurationTests/bin/Release/net10.0/W.DmProvider.ConfigurationTests.dll" adapterTypeName="executor://xunit/VsTestRunner2/netcoreapp" className="W.DmProvider.ConfigurationTests.ConfigurationTests" name="NegotiatedSecurityFlagsAreRejectedBeforeLegacyCipherUse" />
    </ns0:UnitTest>
    <ns0:UnitTest name="W.DmProvider.ConfigurationTests.ConfigurationTests.StrictAliasAssignmentAndRecovery" storage="/users/wanghongyi/projects/w.dmprovider/.local/verification/r3/t19/runs/0.1.0-r3.20261002213425/private/source/tests/w.dmprovider.configurationtests/bin/release/net10.0/w.dmprovider.configurationtests.dll" id="9e976908-d562-15d3-c81e-1a31020635c8">
      <ns0:Execution id="4fc05469-759e-4829-ac5b-95ee577c2f0e" />
      <ns0:TestMethod codeBase="/Users/wanghongyi/Projects/W.DmProvider/.local/verification/r3/t19/runs/0.1.0-r3.20261002213425/private/source/tests/W.DmProvider.ConfigurationTests/bin/Release/net10.0/W.DmProvider.ConfigurationTests.dll" adapterTypeName="executor://xunit/VsTestRunner2/netcoreapp" className="W.DmProvider.ConfigurationTests.ConfigurationTests" name="StrictAliasAssignmentAndRecovery" />
    </ns0:UnitTest>
    <ns0:UnitTest name="W.DmProvider.ConfigurationTests.ConfigurationTests.SafeDefaultsAndStandardUnits" storage="/users/wanghongyi/projects/w.dmprovider/.local/verification/r3/t19/runs/0.1.0-r3.20261002213425/private/source/tests/w.dmprovider.configurationtests/bin/release/net10.0/w.dmprovider.configurationtests.dll" id="af30e4c9-55aa-1a66-e813-43ed28dfd287">
      <ns0:Execution id="022297c7-2d86-4961-8292-35e6db213559" />
      <ns0:TestMethod codeBase="/Users/wanghongyi/Projects/W.DmProvider/.local/verification/r3/t19/runs/0.1.0-r3.20261002213425/private/source/tests/W.DmProvider.ConfigurationTests/bin/Release/net10.0/W.DmProvider.ConfigurationTests.dll" adapterTypeName="executor://xunit/VsTestRunner2/netcoreapp" className="W.DmProvider.ConfigurationTests.ConfigurationTests" name="SafeDefaultsAndStandardUnits" />
    </ns0:UnitTest>
  </ns0:TestDefinitions>
  <ns0:TestEntries>
    <ns0:TestEntry testId="5dcd22b8-bb21-5427-3e5c-51a6ac123d71" executionId="a4c851d2-ed49-4fb5-9f67-e3069e01cfb1" testListId="8c84fa94-04c1-424b-9868-57a2d4851a1d" />
    <ns0:TestEntry testId="4348633f-e01a-7b39-99a7-115d0b59b801" executionId="4467fe2e-20fb-4974-a9a5-0402d01ae7ba" testListId="8c84fa94-04c1-424b-9868-57a2d4851a1d" />
    <ns0:TestEntry testId="af30e4c9-55aa-1a66-e813-43ed28dfd287" executionId="022297c7-2d86-4961-8292-35e6db213559" testListId="8c84fa94-04c1-424b-9868-57a2d4851a1d" />
    <ns0:TestEntry testId="5a852fb5-ecfe-d947-524a-91cb585f36fa" executionId="1c26d951-e78e-4c9f-88a3-de3c169d7900" testListId="8c84fa94-04c1-424b-9868-57a2d4851a1d" />
    <ns0:TestEntry testId="05b07a3b-d6d8-a3ea-7fc3-94c47d408054" executionId="61267e77-55fd-40df-907d-828e7383d31a" testListId="8c84fa94-04c1-424b-9868-57a2d4851a1d" />
    <ns0:TestEntry testId="9e976908-d562-15d3-c81e-1a31020635c8" executionId="4fc05469-759e-4829-ac5b-95ee577c2f0e" testListId="8c84fa94-04c1-424b-9868-57a2d4851a1d" />
    <ns0:TestEntry testId="cb11d85d-fcb1-d048-3169-7936e9ba4060" executionId="a51a1305-35ef-4249-bfd5-4fb4da50f90e" testListId="8c84fa94-04c1-424b-9868-57a2d4851a1d" />
    <ns0:TestEntry testId="c3d0f3b0-4416-4fca-8770-aeda849f36c5" executionId="2189fe93-c7d6-4a18-b160-cde7fd0973a6" testListId="8c84fa94-04c1-424b-9868-57a2d4851a1d" />
    <ns0:TestEntry testId="07a69d97-ae1c-c476-2db9-89aff6f88939" executionId="52cc3856-b6a6-473a-8cc4-03e179f93386" testListId="8c84fa94-04c1-424b-9868-57a2d4851a1d" />
    <ns0:TestEntry testId="e8491816-4754-b3c5-11cb-3e1a1d7e46c4" executionId="615b91cc-af24-4e41-b7e5-34ad36ba4be7" testListId="8c84fa94-04c1-424b-9868-57a2d4851a1d" />
    <ns0:TestEntry testId="1b11932d-78a7-1dbd-cb42-73988218ce02" executionId="0440d170-223f-465d-ad76-740a17d13494" testListId="8c84fa94-04c1-424b-9868-57a2d4851a1d" />
  </ns0:TestEntries>
  <ns0:TestLists>
    <ns0:TestList name="Results Not in a List" id="8c84fa94-04c1-424b-9868-57a2d4851a1d" />
    <ns0:TestList name="All Loaded Results" id="19431567-8539-422a-85d7-44ee4e166bda" />
  </ns0:TestLists>
  <ns0:ResultSummary outcome="Completed">
    <ns0:Counters total="11" executed="11" passed="11" failed="0" error="0" timeout="0" aborted="0" inconclusive="0" passedButRunAborted="0" notRunnable="0" notExecuted="0" disconnected="0" warning="0" completed="0" inProgress="0" pending="0" />
    </ns0:ResultSummary>
</ns0:TestRun>