<?xml version='1.0' encoding='utf-8'?>
<ns0:TestRun xmlns:ns0="http://microsoft.com/schemas/VisualStudio/TeamTest/2010" id="47884e78-2342-4016-ac29-b6290e24d06d" name="@wanghongyideMacBook-Pro 2026-10-03 18:00:11">
  <ns0:Times creation="2026-10-03T18:00:11.1367590+08:00" queuing="2026-10-03T18:00:11.1367590+08:00" start="2026-10-03T18:00:10.8885930+08:00" finish="2026-10-03T18:00:18.6658700+08:00" />
  <ns0:TestSettings name="default" id="ec4c6b44-85c7-47f8-b9a9-ef02d0c195e0">
    <ns0:Deployment runDeploymentRoot="_wanghongyideMacBook-Pro_2026-10-03_18_00_11" />
  </ns0:TestSettings>
  <ns0:Results>
    <ns0:UnitTestResult executionId="e6fa075e-e301-4dce-aa48-40f5abdd659b" testId="533aac9f-5ad9-aaf1-c67e-9e6192acefd1" testName="W.DmProvider.SecurityTests.NegotiationPolicyTests.PlaintextModeRequiresExplicitPolicy" computerName="wanghongyideMacBook-Pro" duration="00:00:00.0000559" startTime="2026-10-03T18:00:12.9308400+08:00" endTime="2026-10-03T18:00:12.9308400+08:00" testType="13cdc9d9-ddb5-4fa4-a97d-d965ccfc6d4b" outcome="Passed" testListId="8c84fa94-04c1-424b-9868-57a2d4851a1d" relativeResultsDirectory="e6fa075e-e301-4dce-aa48-40f5abdd659b" />
    <ns0:UnitTestResult executionId="980f8c49-a354-4307-9137-5047e4b703c9" testId="719042bb-0383-bde5-0833-d0ec751e2cab" testName="W.DmProvider.SecurityTests.NativeLibraryTests.WrongArchitectureReportsSanitizedFailure" computerName="wanghongyideMacBook-Pro" duration="00:00:00.0000844" startTime="2026-10-03T18:00:11.1138250+08:00" endTime="2026-10-03T18:00:11.1138260+08:00" testType="13cdc9d9-ddb5-4fa4-a97d-d965ccfc6d4b" outcome="Passed" testListId="8c84fa94-04c1-424b-9868-57a2d4851a1d" relativeResultsDirectory="980f8c49-a354-4307-9137-5047e4b703c9" />
    <ns0:UnitTestResult executionId="608de623-9623-417c-a5a5-553242900e7e" testId="62fc4ca7-4547-2435-c81f-76b9c740d025" testName="W.DmProvider.SecurityTests.TlsLifecycleTests.CloseAbortsBlockedTlsReadAndDisposesSocketOnce" computerName="wanghongyideMacBook-Pro" duration="00:00:00.4739750" startTime="2026-10-03T18:00:11.5939330+08:00" endTime="2026-10-03T18:00:11.5939330+08:00" testType="13cdc9d9-ddb5-4fa4-a97d-d965ccfc6d4b" outcome="Passed" testListId="8c84fa94-04c1-424b-9868-57a2d4851a1d" relativeResultsDirectory="608de623-9623-417c-a5a5-553242900e7e" />
    <ns0:UnitTestResult executionId="e71cdc4f-10f9-44d0-a7f7-c88c79039048" testId="96d37f10-55cc-f2db-ca13-918a64e26e92" testName="W.DmProvider.SecurityTests.NativeLibraryTests.MissingLibraryReportsSanitizedFailureWithoutFreeingAbsentHandle" computerName="wanghongyideMacBook-Pro" duration="00:00:00.0000762" startTime="2026-10-03T18:00:11.1138380+08:00" endTime="2026-10-03T18:00:11.1138380+08:00" testType="13cdc9d9-ddb5-4fa4-a97d-d965ccfc6d4b" outcome="Passed" testListId="8c84fa94-04c1-424b-9868-57a2d4851a1d" relativeResultsDirectory="e71cdc4f-10f9-44d0-a7f7-c88c79039048" />
    <ns0:UnitTestResult executionId="614dbaef-35dc-4beb-973f-e33b99027abc" testId="ffa8c015-1b5f-6df4-eb1d-c07b25f0e9fb" testName="W.DmProvider.SecurityTests.TlsTransportTests.UnknownCaFailsClosedWithoutSuccessfulUpgrade" computerName="wanghongyideMacBook-Pro" duration="00:00:00.2503514" startTime="2026-10-03T18:00:14.9814480+08:00" endTime="2026-10-03T18:00:14.9814480+08:00" testType="13cdc9d9-ddb5-4fa4-a97d-d965ccfc6d4b" outcome="Passed" testListId="8c84fa94-04c1-424b-9868-57a2d4851a1d" relativeResultsDirectory="614dbaef-35dc-4beb-973f-e33b99027abc" />
    <ns0:UnitTestResult executionId="8ccd7af0-1a96-403e-b354-432e0ee87079" testId="6743f84c-2790-1570-06b5-a4177c9dff5a" testName="W.DmProvider.SecurityTests.AsyncTlsValidationTests.InvalidTrustOrHostnameRejectsAsyncUpgradeAndPreventsRawFallback" computerName="wanghongyideMacBook-Pro" duration="00:00:00.6247979" startTime="2026-10-03T18:00:17.9662850+08:00" endTime="2026-10-03T18:00:17.9662850+08:00" testType="13cdc9d9-ddb5-4fa4-a97d-d965ccfc6d4b" outcome="Passed" testListId="8c84fa94-04c1-424b-9868-57a2d4851a1d" relativeResultsDirectory="8ccd7af0-1a96-403e-b354-432e0ee87079" />
    <ns0:UnitTestResult executionId="b3eb7ad4-9c82-42aa-ab87-f97904fb944a" testId="00143dfc-666b-f13a-51c5-1481d5385060" testName="W.DmProvider.SecurityTests.NegotiationPolicyTests.AuthenticationOnlyAndUnsupportedModesFailBeforeLogin" computerName="wanghongyideMacBook-Pro" duration="00:00:00.0000081" startTime="2026-10-03T18:00:12.9304370+08:00" endTime="2026-10-03T18:00:12.9304370+08:00" testType="13cdc9d9-ddb5-4fa4-a97d-d965ccfc6d4b" outcome="Passed" testListId="8c84fa94-04c1-424b-9868-57a2d4851a1d" relativeResultsDirectory="b3eb7ad4-9c82-42aa-ab87-f97904fb944a" />
    <ns0:UnitTestResult executionId="b45d5033-b069-48f6-8e25-b17f4a9ccf18" testId="9a709573-0898-71a2-1408-75ab7e886ec9" testName="W.DmProvider.SecurityTests.TlsTransportTests.ExpiredServerCertificateFailsClosed" computerName="wanghongyideMacBook-Pro" duration="00:00:00.1794193" startTime="2026-10-03T18:00:14.7310120+08:00" endTime="2026-10-03T18:00:14.7310120+08:00" testType="13cdc9d9-ddb5-4fa4-a97d-d965ccfc6d4b" outcome="Passed" testListId="8c84fa94-04c1-424b-9868-57a2d4851a1d" relativeResultsDirectory="b45d5033-b069-48f6-8e25-b17f4a9ccf18" />
    <ns0:UnitTestResult executionId="02b1a57e-de7c-4fda-8418-9383b7f8bdbc" testId="b3295c2a-4d0a-ea15-0eee-3b3a74bc0db9" testName="W.DmProvider.SecurityTests.NativeLibraryTests.UntrustedRelativePathRejectsBeforeLoad" computerName="wanghongyideMacBook-Pro" duration="00:00:00.0003325" startTime="2026-10-03T18:00:11.1136660+08:00" endTime="2026-10-03T18:00:11.1136660+08:00" testType="13cdc9d9-ddb5-4fa4-a97d-d965ccfc6d4b" outcome="Passed" testListId="8c84fa94-04c1-424b-9868-57a2d4851a1d" relativeResultsDirectory="02b1a57e-de7c-4fda-8418-9383b7f8bdbc" />
    <ns0:UnitTestResult executionId="28d85caa-c2fc-4114-8549-6cc9d949d6ea" testId="dbc0457a-487c-54a7-225a-4097ec4fedf3" testName="W.DmProvider.SecurityTests.AsyncTlsValidationTests.TrustedMatchingCertificateAuthenticatesThroughAsyncUpgrade" computerName="wanghongyideMacBook-Pro" duration="00:00:00.5026327" startTime="2026-10-03T18:00:17.3412530+08:00" endTime="2026-10-03T18:00:17.3412530+08:00" testType="13cdc9d9-ddb5-4fa4-a97d-d965ccfc6d4b" outcome="Passed" testListId="8c84fa94-04c1-424b-9868-57a2d4851a1d" relativeResultsDirectory="28d85caa-c2fc-4114-8549-6cc9d949d6ea" />
    <ns0:UnitTestResult executionId="cd0ed189-598b-412f-b09c-3306545e0290" testId="09e1589e-484a-0450-bfad-8a8789fc9d6b" testName="W.DmProvider.SecurityTests.NegotiationPolicyTests.NativeMessageEncryptionNeverFallsBackToPlaintext" computerName="wanghongyideMacBook-Pro" duration="00:00:00.0016206" startTime="2026-10-03T18:00:12.9233040+08:00" endTime="2026-10-03T18:00:12.9233040+08:00" testType="13cdc9d9-ddb5-4fa4-a97d-d965ccfc6d4b" outcome="Passed" testListId="8c84fa94-04c1-424b-9868-57a2d4851a1d" relativeResultsDirectory="cd0ed189-598b-412f-b09c-3306545e0290" />
    <ns0:UnitTestResult executionId="bbe5bdc9-41bf-4d31-a00f-73381d435de2" testId="07fef50d-e839-46f1-d928-3333192e3e05" testName="W.DmProvider.SecurityTests.NativeLibraryTests.UntrustedRelativePathRejectsBeforeLoad" computerName="wanghongyideMacBook-Pro" duration="00:00:00.0000508" startTime="2026-10-03T18:00:11.1137690+08:00" endTime="2026-10-03T18:00:11.1137690+08:00" testType="13cdc9d9-ddb5-4fa4-a97d-d965ccfc6d4b" outcome="Passed" testListId="8c84fa94-04c1-424b-9868-57a2d4851a1d" relativeResultsDirectory="bbe5bdc9-41bf-4d31-a00f-73381d435de2" />
    <ns0:UnitTestResult executionId="04a9d360-eb80-43fa-8a62-f0a97a057439" testId="634dad1c-5ae4-d06f-6b4a-da9a9c0cb189" testName="W.DmProvider.SecurityTests.AsyncTlsValidationTests.InvalidTrustOrHostnameRejectsAsyncUpgradeAndPreventsRawFallback" computerName="wanghongyideMacBook-Pro" duration="00:00:00.6762901" startTime="2026-10-03T18:00:18.6427360+08:00" endTime="2026-10-03T18:00:18.6427360+08:00" testType="13cdc9d9-ddb5-4fa4-a97d-d965ccfc6d4b" outcome="Passed" testListId="8c84fa94-04c1-424b-9868-57a2d4851a1d" relativeResultsDirectory="04a9d360-eb80-43fa-8a62-f0a97a057439" />
    <ns0:UnitTestResult executionId="9e974afb-5980-4f23-83ec-90130cb86e5a" testId="ca2ff1a3-5a53-b40d-abae-38f33479a5db" testName="W.DmProvider.SecurityTests.NativeLibraryTests.MissingExportReleasesLoadedLibraryExactlyOnce" computerName="wanghongyideMacBook-Pro" duration="00:00:00.0000741" startTime="2026-10-03T18:00:11.1138120+08:00" endTime="2026-10-03T18:00:11.1138120+08:00" testType="13cdc9d9-ddb5-4fa4-a97d-d965ccfc6d4b" outcome="Passed" testListId="8c84fa94-04c1-424b-9868-57a2d4851a1d" relativeResultsDirectory="9e974afb-5980-4f23-83ec-90130cb86e5a" />
    <ns0:UnitTestResult executionId="70cd4958-cae3-4af8-ab56-26b1ca0476f1" testId="f6c00162-7eee-3786-786f-868f81e4d515" testName="W.DmProvider.SecurityTests.TlsTransportTests.PlatformScopedPfxStillRejectsUnknownServerCaAndCloses" computerName="wanghongyideMacBook-Pro" duration="00:00:00.4387557" startTime="2026-10-03T18:00:13.3626280+08:00" endTime="2026-10-03T18:00:13.3626280+08:00" testType="13cdc9d9-ddb5-4fa4-a97d-d965ccfc6d4b" outcome="Passed" testListId="8c84fa94-04c1-424b-9868-57a2d4851a1d" relativeResultsDirectory="70cd4958-cae3-4af8-ab56-26b1ca0476f1" />
    <ns0:UnitTestResult executionId="24541268-4fd3-481f-9884-f8b6193f12ba" testId="3769e0a3-057b-95a0-4030-ba582b7af85f" testName="W.DmProvider.SecurityTests.TlsLifecycleTests.CloseAbortsPendingTlsAuthenticationAndDisposesSocketOnce" computerName="wanghongyideMacBook-Pro" duration="00:00:00.2745521" startTime="2026-10-03T18:00:12.4427970+08:00" endTime="2026-10-03T18:00:12.4427970+08:00" testType="13cdc9d9-ddb5-4fa4-a97d-d965ccfc6d4b" outcome="Passed" testListId="8c84fa94-04c1-424b-9868-57a2d4851a1d" relativeResultsDirectory="24541268-4fd3-481f-9884-f8b6193f12ba" />
    <ns0:UnitTestResult executionId="0a5dc2cf-12b3-47dc-afaf-6637156e4ed2" testId="703d5ae8-995f-4c6e-d3d8-9ac371c824f0" testName="W.DmProvider.SecurityTests.TlsTransportTests.ValidCaAndMatchingDnsOrIpSanUpgradeTls" computerName="wanghongyideMacBook-Pro" duration="00:00:00.5335533" startTime="2026-10-03T18:00:14.3732010+08:00" endTime="2026-10-03T18:00:14.3732010+08:00" testType="13cdc9d9-ddb5-4fa4-a97d-d965ccfc6d4b" outcome="Passed" testListId="8c84fa94-04c1-424b-9868-57a2d4851a1d" relativeResultsDirectory="0a5dc2cf-12b3-47dc-afaf-6637156e4ed2" />
    <ns0:UnitTestResult executionId="1c276ac8-00ba-425d-9f85-01d8d1411c7d" testId="3463e555-1b44-3c6b-2e15-d721f966a75f" testName="W.DmProvider.SecurityTests.NegotiationPolicyTests.AuthenticationOnlyAndUnsupportedModesFailBeforeLogin" computerName="wanghongyideMacBook-Pro" duration="00:00:00.0000095" startTime="2026-10-03T18:00:12.9235680+08:00" endTime="2026-10-03T18:00:12.9235680+08:00" testType="13cdc9d9-ddb5-4fa4-a97d-d965ccfc6d4b" outcome="Passed" testListId="8c84fa94-04c1-424b-9868-57a2d4851a1d" relativeResultsDirectory="1c276ac8-00ba-425d-9f85-01d8d1411c7d" />
    <ns0:UnitTestResult executionId="e8c71aa1-fad4-4687-9264-e481d3c8454d" testId="2111c572-24d9-5985-2a05-00e4a448a567" testName="W.DmProvider.SecurityTests.TlsTransportTests.MutualTlsAcceptsPasswordProtectedPlatformScopedPfx" computerName="wanghongyideMacBook-Pro" duration="00:00:00.5743678" startTime="2026-10-03T18:00:15.5560450+08:00" endTime="2026-10-03T18:00:15.5560460+08:00" testType="13cdc9d9-ddb5-4fa4-a97d-d965ccfc6d4b" outcome="Passed" testListId="8c84fa94-04c1-424b-9868-57a2d4851a1d" relativeResultsDirectory="e8c71aa1-fad4-4687-9264-e481d3c8454d" />
    <ns0:UnitTestResult executionId="94038df9-1f33-49d6-87ea-83c54373ef03" testId="752eb6fd-80fd-15b0-1371-18c8edcb5253" testName="W.DmProvider.SecurityTests.NegotiationPolicyTests.AuthenticationOnlyAndUnsupportedModesFailBeforeLogin" computerName="wanghongyideMacBook-Pro" duration="00:00:00.0000896" startTime="2026-10-03T18:00:12.9235330+08:00" endTime="2026-10-03T18:00:12.9235330+08:00" testType="13cdc9d9-ddb5-4fa4-a97d-d965ccfc6d4b" outcome="Passed" testListId="8c84fa94-04c1-424b-9868-57a2d4851a1d" relativeResultsDirectory="94038df9-1f33-49d6-87ea-83c54373ef03" />
    <ns0:UnitTestResult executionId="8710af39-0c39-4624-a698-9fb3aa3d30c9" testId="32412b20-55cb-2db2-c5cf-f187f986f237" testName="W.DmProvider.SecurityTests.NativeLibraryTests.DeclaredExportIsScopedAndDisposeIsIdempotent" computerName="wanghongyideMacBook-Pro" duration="00:00:00.0001695" startTime="2026-10-03T18:00:11.1138000+08:00" endTime="2026-10-03T18:00:11.1138000+08:00" testType="13cdc9d9-ddb5-4fa4-a97d-d965ccfc6d4b" outcome="Passed" testListId="8c84fa94-04c1-424b-9868-57a2d4851a1d" relativeResultsDirectory="8710af39-0c39-4624-a698-9fb3aa3d30c9" />
    <ns0:UnitTestResult executionId="10678fd5-34c3-4154-a600-766bc6c32a39" testId="c0a58523-3721-e6de-00c8-89df61d600a9" testName="W.DmProvider.SecurityTests.NegotiationPolicyTests.AuthenticationOnlyAndUnsupportedModesFailBeforeLogin" computerName="wanghongyideMacBook-Pro" duration="00:00:00.0000076" startTime="2026-10-03T18:00:12.9290940+08:00" endTime="2026-10-03T18:00:12.9290950+08:00" testType="13cdc9d9-ddb5-4fa4-a97d-d965ccfc6d4b" outcome="Passed" testListId="8c84fa94-04c1-424b-9868-57a2d4851a1d" relativeResultsDirectory="10678fd5-34c3-4154-a600-766bc6c32a39" />
    <ns0:UnitTestResult executionId="98d05386-c514-4ca0-9b22-11acf27b2b68" testId="b4d4b230-39e9-c383-f1e9-0e20f3e9c4f0" testName="W.DmProvider.SecurityTests.NegotiationPolicyTests.FullStreamTlsModesAlwaysRequireCertificateValidatedUpgrade" computerName="wanghongyideMacBook-Pro" duration="00:00:00.0000635" startTime="2026-10-03T18:00:12.9214860+08:00" endTime="2026-10-03T18:00:12.9214860+08:00" testType="13cdc9d9-ddb5-4fa4-a97d-d965ccfc6d4b" outcome="Passed" testListId="8c84fa94-04c1-424b-9868-57a2d4851a1d" relativeResultsDirectory="98d05386-c514-4ca0-9b22-11acf27b2b68" />
    <ns0:UnitTestResult executionId="68bca8ac-7efc-43f1-80e1-2292c84f6fcb" testId="1f1a7e11-1342-b49b-52a9-11ab1d1521aa" testName="W.DmProvider.SecurityTests.NativeLibraryTests.DisposeWaitsForActiveExportCallbackBeforeFreeing" computerName="wanghongyideMacBook-Pro" duration="00:00:00.0041907" startTime="2026-10-03T18:00:11.1126140+08:00" endTime="2026-10-03T18:00:11.1126210+08:00" testType="13cdc9d9-ddb5-4fa4-a97d-d965ccfc6d4b" outcome="Passed" testListId="8c84fa94-04c1-424b-9868-57a2d4851a1d" relativeResultsDirectory="68bca8ac-7efc-43f1-80e1-2292c84f6fcb" />
    <ns0:UnitTestResult executionId="352def8e-444a-4a08-8163-57044f802ce9" testId="de70bb76-193e-6a88-cc9e-d7ca85af1f86" testName="W.DmProvider.SecurityTests.TlsTransportTests.MutualTlsAcceptsExplicitClientCertificate" computerName="wanghongyideMacBook-Pro" duration="00:00:00.4767051" startTime="2026-10-03T18:00:13.8395350+08:00" endTime="2026-10-03T18:00:13.8395350+08:00" testType="13cdc9d9-ddb5-4fa4-a97d-d965ccfc6d4b" outcome="Passed" testListId="8c84fa94-04c1-424b-9868-57a2d4851a1d" relativeResultsDirectory="352def8e-444a-4a08-8163-57044f802ce9" />
    <ns0:UnitTestResult executionId="05fd265e-c54b-4f03-8591-bfac259951b0" testId="8e414bf6-c357-b6ff-7d94-b21ed5fca0ff" testName="W.DmProvider.SecurityTests.FixtureVectorTests.SyntheticManifestHasUniqueCasesAndNoCredentialMaterial" computerName="wanghongyideMacBook-Pro" duration="00:00:00.0008395" startTime="2026-10-03T18:00:11.1258520+08:00" endTime="2026-10-03T18:00:11.1258520+08:00" testType="13cdc9d9-ddb5-4fa4-a97d-d965ccfc6d4b" outcome="Passed" testListId="8c84fa94-04c1-424b-9868-57a2d4851a1d" relativeResultsDirectory="05fd265e-c54b-4f03-8591-bfac259951b0" />
    <ns0:UnitTestResult executionId="4d86a035-ec3b-4ff1-ac7e-8dd38c3f15ee" testId="0755ab7d-4285-6bd9-d50d-437a9a762292" testName="W.DmProvider.SecurityTests.TlsTransportTests.ValidCaAndMatchingDnsOrIpSanUpgradeTls" computerName="wanghongyideMacBook-Pro" duration="00:00:00.1782347" startTime="2026-10-03T18:00:14.5515090+08:00" endTime="2026-10-03T18:00:14.5515090+08:00" testType="13cdc9d9-ddb5-4fa4-a97d-d965ccfc6d4b" outcome="Passed" testListId="8c84fa94-04c1-424b-9868-57a2d4851a1d" relativeResultsDirectory="4d86a035-ec3b-4ff1-ac7e-8dd38c3f15ee" />
    <ns0:UnitTestResult executionId="7530c513-f35c-425f-bb43-ef26c615f06e" testId="d950d80f-54a5-a03b-1289-9bb5c847ed44" testName="W.DmProvider.SecurityTests.TlsOptionsTests.ExplicitNoCheckChangesOnlyRevocationPolicy" computerName="wanghongyideMacBook-Pro" duration="00:00:00.1198486" startTime="2026-10-03T18:00:12.9212990+08:00" endTime="2026-10-03T18:00:12.9212990+08:00" testType="13cdc9d9-ddb5-4fa4-a97d-d965ccfc6d4b" outcome="Passed" testListId="8c84fa94-04c1-424b-9868-57a2d4851a1d" relativeResultsDirectory="7530c513-f35c-425f-bb43-ef26c615f06e" />
    <ns0:UnitTestResult executionId="0666f177-8240-45d3-a213-b5abd45ee1d5" testId="5e88a0e5-0693-1b61-df6a-0e031ba92b69" testName="W.DmProvider.SecurityTests.TlsLifecycleTests.AbsoluteConnectDeadlineIncludesPendingTlsHandshake" computerName="wanghongyideMacBook-Pro" duration="00:00:00.5733548" startTime="2026-10-03T18:00:12.1680080+08:00" endTime="2026-10-03T18:00:12.1680080+08:00" testType="13cdc9d9-ddb5-4fa4-a97d-d965ccfc6d4b" outcome="Passed" testListId="8c84fa94-04c1-424b-9868-57a2d4851a1d" relativeResultsDirectory="0666f177-8240-45d3-a213-b5abd45ee1d5" />
    <ns0:UnitTestResult executionId="6bb1abdf-1c74-49ca-8683-5d8482aec224" testId="4cc3d041-bb8d-5ada-06b4-1815177fc9e8" testName="W.DmProvider.SecurityTests.NegotiationPolicyTests.FullStreamTlsModesAlwaysRequireCertificateValidatedUpgrade" computerName="wanghongyideMacBook-Pro" duration="00:00:00.0001153" startTime="2026-10-03T18:00:12.9216180+08:00" endTime="2026-10-03T18:00:12.9216180+08:00" testType="13cdc9d9-ddb5-4fa4-a97d-d965ccfc6d4b" outcome="Passed" testListId="8c84fa94-04c1-424b-9868-57a2d4851a1d" relativeResultsDirectory="6bb1abdf-1c74-49ca-8683-5d8482aec224" />
    <ns0:UnitTestResult executionId="7d90b80a-ecb8-4247-bde6-127f8200778d" testId="981331c6-629b-96cc-89b4-d46a6705f120" testName="W.DmProvider.SecurityTests.TlsOptionsTests.ClientCertificatePasswordIsRedactedAcrossSnapshotAndBaseSetterPoison" computerName="wanghongyideMacBook-Pro" duration="00:00:00.0028016" startTime="2026-10-03T18:00:12.4473900+08:00" endTime="2026-10-03T18:00:12.4473900+08:00" testType="13cdc9d9-ddb5-4fa4-a97d-d965ccfc6d4b" outcome="Passed" testListId="8c84fa94-04c1-424b-9868-57a2d4851a1d" relativeResultsDirectory="7d90b80a-ecb8-4247-bde6-127f8200778d" />
    <ns0:UnitTestResult executionId="7f6b2983-b997-4429-81aa-123bcb80d541" testId="eb164ca8-3483-50b7-e8bc-41d3010dbb66" testName="W.DmProvider.SecurityTests.NegotiationPolicyTests.AuthenticationOnlyAndUnsupportedModesFailBeforeLogin" computerName="wanghongyideMacBook-Pro" duration="00:00:00.0000977" startTime="2026-10-03T18:00:12.9234220+08:00" endTime="2026-10-03T18:00:12.9234220+08:00" testType="13cdc9d9-ddb5-4fa4-a97d-d965ccfc6d4b" outcome="Passed" testListId="8c84fa94-04c1-424b-9868-57a2d4851a1d" relativeResultsDirectory="7f6b2983-b997-4429-81aa-123bcb80d541" />
    <ns0:UnitTestResult executionId="492206db-3e4b-41fb-9d50-3f0007a98314" testId="c255853a-7a5c-81f9-8917-4665709afdd9" testName="W.DmProvider.SecurityTests.TlsTransportTests.ClientAuthOnlyLeafCannotMasqueradeAsServer" computerName="wanghongyideMacBook-Pro" duration="00:00:00.4865406" startTime="2026-10-03T18:00:16.3739810+08:00" endTime="2026-10-03T18:00:16.3739810+08:00" testType="13cdc9d9-ddb5-4fa4-a97d-d965ccfc6d4b" outcome="Passed" testListId="8c84fa94-04c1-424b-9868-57a2d4851a1d" relativeResultsDirectory="492206db-3e4b-41fb-9d50-3f0007a98314" />
    <ns0:UnitTestResult executionId="ebcbe6c3-06f1-4c2f-8b3e-0962b2ea1e91" testId="cbbcc1d3-4d96-11ea-4f1c-18cc05676615" testName="W.DmProvider.SecurityTests.NativeLibraryTests.NativeInitializationFailureStillReleasesHandleOnce" computerName="wanghongyideMacBook-Pro" duration="00:00:00.0001513" startTime="2026-10-03T18:00:11.1137850+08:00" endTime="2026-10-03T18:00:11.1137850+08:00" testType="13cdc9d9-ddb5-4fa4-a97d-d965ccfc6d4b" outcome="Passed" testListId="8c84fa94-04c1-424b-9868-57a2d4851a1d" relativeResultsDirectory="ebcbe6c3-06f1-4c2f-8b3e-0962b2ea1e91" />
    <ns0:UnitTestResult executionId="3a50b491-454f-42a5-afc0-db650d495a39" testId="c2e588d7-c5ab-a805-daf0-77721f823204" testName="W.DmProvider.SecurityTests.TlsOptionsTests.OptionsKeepConfiguredTargetAndOnlineRevocationDefault" computerName="wanghongyideMacBook-Pro" duration="00:00:00.0818896" startTime="2026-10-03T18:00:12.8013850+08:00" endTime="2026-10-03T18:00:12.8013850+08:00" testType="13cdc9d9-ddb5-4fa4-a97d-d965ccfc6d4b" outcome="Passed" testListId="8c84fa94-04c1-424b-9868-57a2d4851a1d" relativeResultsDirectory="3a50b491-454f-42a5-afc0-db650d495a39" />
    <ns0:UnitTestResult executionId="f9aec087-7853-465e-8aaf-a0c1afa28133" testId="32e1a5a9-e2b2-336f-f9d2-56994b3aba3a" testName="W.DmProvider.SecurityTests.TlsTransportTests.MutualTlsRejectsMissingClientCertificate" computerName="wanghongyideMacBook-Pro" duration="00:00:00.4641729" startTime="2026-10-03T18:00:16.8382210+08:00" endTime="2026-10-03T18:00:16.8382210+08:00" testType="13cdc9d9-ddb5-4fa4-a97d-d965ccfc6d4b" outcome="Passed" testListId="8c84fa94-04c1-424b-9868-57a2d4851a1d" relativeResultsDirectory="f9aec087-7853-465e-8aaf-a0c1afa28133" />
    <ns0:UnitTestResult executionId="c8b42365-98da-4e53-b7c9-ad624a45df6b" testId="2050529e-09a0-eba2-3716-94f8b10dc222" testName="W.DmProvider.SecurityTests.TlsTransportTests.WrongHostFailsEvenWithTrustedCa" computerName="wanghongyideMacBook-Pro" duration="00:00:00.3312805" startTime="2026-10-03T18:00:15.8873790+08:00" endTime="2026-10-03T18:00:15.8873790+08:00" testType="13cdc9d9-ddb5-4fa4-a97d-d965ccfc6d4b" outcome="Passed" testListId="8c84fa94-04c1-424b-9868-57a2d4851a1d" relativeResultsDirectory="c8b42365-98da-4e53-b7c9-ad624a45df6b" />
    <ns0:UnitTestResult executionId="5ad9affd-0c10-4b9a-82c6-86ee28006197" testId="d544fa27-8f7b-f2f1-d4d2-cb31d692a632" testName="W.DmProvider.SecurityTests.TlsOptionsTests.EphemeralAuthorityAndServerCarryExpectedConstraintsAndSan" computerName="wanghongyideMacBook-Pro" duration="00:00:00.2719249" startTime="2026-10-03T18:00:12.7194020+08:00" endTime="2026-10-03T18:00:12.7194020+08:00" testType="13cdc9d9-ddb5-4fa4-a97d-d965ccfc6d4b" outcome="Passed" testListId="8c84fa94-04c1-424b-9868-57a2d4851a1d" relativeResultsDirectory="5ad9affd-0c10-4b9a-82c6-86ee28006197" />
    <ns0:UnitTestResult executionId="d4e804d3-73bc-4695-8212-36f9ad26cf30" testId="5e31de7c-4179-0927-4701-dd9750fc3b24" testName="W.DmProvider.SecurityTests.FixtureVectorTests.FixtureNegotiatedModesExecuteAgainstPolicyGuard" computerName="wanghongyideMacBook-Pro" duration="00:00:00.0039955" startTime="2026-10-03T18:00:11.1180740+08:00" endTime="2026-10-03T18:00:11.1180740+08:00" testType="13cdc9d9-ddb5-4fa4-a97d-d965ccfc6d4b" outcome="Passed" testListId="8c84fa94-04c1-424b-9868-57a2d4851a1d" relativeResultsDirectory="d4e804d3-73bc-4695-8212-36f9ad26cf30" />
  </ns0:Results>
  <ns0:TestDefinitions>
    <ns0:UnitTest name="W.DmProvider.SecurityTests.TlsTransportTests.ExpiredServerCertificateFailsClosed" storage="/users/wanghongyi/projects/w.dmprovider/.local/verification/r3/t19/runs/0.1.0-r3.20261003095954/private/source/tests/w.dmprovider.securitytests/bin/release/net10.0/w.dmprovider.securitytests.dll" id="9a709573-0898-71a2-1408-75ab7e886ec9">
      <ns0:Execution id="b45d5033-b069-48f6-8e25-b17f4a9ccf18" />
      <ns0:TestMethod codeBase="[repo]/.local/verification/r3/t19/runs/0.1.0-r3.20261003095954/private/source/tests/W.DmProvider.SecurityTests/bin/Release/net10.0/W.DmProvider.SecurityTests.dll" adapterTypeName="executor://xunit/VsTestRunner2/netcoreapp" className="W.DmProvider.SecurityTests.TlsTransportTests" name="ExpiredServerCertificateFailsClosed" />
    </ns0:UnitTest>
    <ns0:UnitTest name="W.DmProvider.SecurityTests.FixtureVectorTests.SyntheticManifestHasUniqueCasesAndNoCredentialMaterial" storage="/users/wanghongyi/projects/w.dmprovider/.local/verification/r3/t19/runs/0.1.0-r3.20261003095954/private/source/tests/w.dmprovider.securitytests/bin/release/net10.0/w.dmprovider.securitytests.dll" id="8e414bf6-c357-b6ff-7d94-b21ed5fca0ff">
      <ns0:Execution id="05fd265e-c54b-4f03-8591-bfac259951b0" />
      <ns0:TestMethod codeBase="[repo]/.local/verification/r3/t19/runs/0.1.0-r3.20261003095954/private/source/tests/W.DmProvider.SecurityTests/bin/Release/net10.0/W.DmProvider.SecurityTests.dll" adapterTypeName="executor://xunit/VsTestRunner2/netcoreapp" className="W.DmProvider.SecurityTests.FixtureVectorTests" name="SyntheticManifestHasUniqueCasesAndNoCredentialMaterial" />
    </ns0:UnitTest>
    <ns0:UnitTest name="W.DmProvider.SecurityTests.TlsTransportTests.WrongHostFailsEvenWithTrustedCa" storage="/users/wanghongyi/projects/w.dmprovider/.local/verification/r3/t19/runs/0.1.0-r3.20261003095954/private/source/tests/w.dmprovider.securitytests/bin/release/net10.0/w.dmprovider.securitytests.dll" id="2050529e-09a0-eba2-3716-94f8b10dc222">
      <ns0:Execution id="c8b42365-98da-4e53-b7c9-ad624a45df6b" />
      <ns0:TestMethod codeBase="[repo]/.local/verification/r3/t19/runs/0.1.0-r3.20261003095954/private/source/tests/W.DmProvider.SecurityTests/bin/Release/net10.0/W.DmProvider.SecurityTests.dll" adapterTypeName="executor://xunit/VsTestRunner2/netcoreapp" className="W.DmProvider.SecurityTests.TlsTransportTests" name="WrongHostFailsEvenWithTrustedCa" />
    </ns0:UnitTest>
    <ns0:UnitTest name="W.DmProvider.SecurityTests.NegotiationPolicyTests.AuthenticationOnlyAndUnsupportedModesFailBeforeLogin" storage="/users/wanghongyi/projects/w.dmprovider/.local/verification/r3/t19/runs/0.1.0-r3.20261003095954/private/source/tests/w.dmprovider.securitytests/bin/release/net10.0/w.dmprovider.securitytests.dll" id="752eb6fd-80fd-15b0-1371-18c8edcb5253">
      <ns0:Execution id="94038df9-1f33-49d6-87ea-83c54373ef03" />
      <ns0:TestMethod codeBase="[repo]/.local/verification/r3/t19/runs/0.1.0-r3.20261003095954/private/source/tests/W.DmProvider.SecurityTests/bin/Release/net10.0/W.DmProvider.SecurityTests.dll" adapterTypeName="executor://xunit/VsTestRunner2/netcoreapp" className="W.DmProvider.SecurityTests.NegotiationPolicyTests" name="AuthenticationOnlyAndUnsupportedModesFailBeforeLogin" />
    </ns0:UnitTest>
    <ns0:UnitTest name="W.DmProvider.SecurityTests.AsyncTlsValidationTests.InvalidTrustOrHostnameRejectsAsyncUpgradeAndPreventsRawFallback" storage="/users/wanghongyi/projects/w.dmprovider/.local/verification/r3/t19/runs/0.1.0-r3.20261003095954/private/source/tests/w.dmprovider.securitytests/bin/release/net10.0/w.dmprovider.securitytests.dll" id="6743f84c-2790-1570-06b5-a4177c9dff5a">
      <ns0:Execution id="8ccd7af0-1a96-403e-b354-432e0ee87079" />
      <ns0:TestMethod codeBase="[repo]/.local/verification/r3/t19/runs/0.1.0-r3.20261003095954/private/source/tests/W.DmProvider.SecurityTests/bin/Release/net10.0/W.DmProvider.SecurityTests.dll" adapterTypeName="executor://xunit/VsTestRunner2/netcoreapp" className="W.DmProvider.SecurityTests.AsyncTlsValidationTests" name="InvalidTrustOrHostnameRejectsAsyncUpgradeAndPreventsRawFallback" />
    </ns0:UnitTest>
    <ns0:UnitTest name="W.DmProvider.SecurityTests.NativeLibraryTests.UntrustedRelativePathRejectsBeforeLoad" storage="/users/wanghongyi/projects/w.dmprovider/.local/verification/r3/t19/runs/0.1.0-r3.20261003095954/private/source/tests/w.dmprovider.securitytests/bin/release/net10.0/w.dmprovider.securitytests.dll" id="07fef50d-e839-46f1-d928-3333192e3e05">
      <ns0:Execution id="bbe5bdc9-41bf-4d31-a00f-73381d435de2" />
      <ns0:TestMethod codeBase="[repo]/.local/verification/r3/t19/runs/0.1.0-r3.20261003095954/private/source/tests/W.DmProvider.SecurityTests/bin/Release/net10.0/W.DmProvider.SecurityTests.dll" adapterTypeName="executor://xunit/VsTestRunner2/netcoreapp" className="W.DmProvider.SecurityTests.NativeLibraryTests" name="UntrustedRelativePathRejectsBeforeLoad" />
    </ns0:UnitTest>
    <ns0:UnitTest name="W.DmProvider.SecurityTests.TlsTransportTests.ValidCaAndMatchingDnsOrIpSanUpgradeTls" storage="/users/wanghongyi/projects/w.dmprovider/.local/verification/r3/t19/runs/0.1.0-r3.20261003095954/private/source/tests/w.dmprovider.securitytests/bin/release/net10.0/w.dmprovider.securitytests.dll" id="703d5ae8-995f-4c6e-d3d8-9ac371c824f0">
      <ns0:Execution id="0a5dc2cf-12b3-47dc-afaf-6637156e4ed2" />
      <ns0:TestMethod codeBase="[repo]/.local/verification/r3/t19/runs/0.1.0-r3.20261003095954/private/source/tests/W.DmProvider.SecurityTests/bin/Release/net10.0/W.DmProvider.SecurityTests.dll" adapterTypeName="executor://xunit/VsTestRunner2/netcoreapp" className="W.DmProvider.SecurityTests.TlsTransportTests" name="ValidCaAndMatchingDnsOrIpSanUpgradeTls" />
    </ns0:UnitTest>
    <ns0:UnitTest name="W.DmProvider.SecurityTests.TlsTransportTests.PlatformScopedPfxStillRejectsUnknownServerCaAndCloses" storage="/users/wanghongyi/projects/w.dmprovider/.local/verification/r3/t19/runs/0.1.0-r3.20261003095954/private/source/tests/w.dmprovider.securitytests/bin/release/net10.0/w.dmprovider.securitytests.dll" id="f6c00162-7eee-3786-786f-868f81e4d515">
      <ns0:Execution id="70cd4958-cae3-4af8-ab56-26b1ca0476f1" />
      <ns0:TestMethod codeBase="[repo]/.local/verification/r3/t19/runs/0.1.0-r3.20261003095954/private/source/tests/W.DmProvider.SecurityTests/bin/Release/net10.0/W.DmProvider.SecurityTests.dll" adapterTypeName="executor://xunit/VsTestRunner2/netcoreapp" className="W.DmProvider.SecurityTests.TlsTransportTests" name="PlatformScopedPfxStillRejectsUnknownServerCaAndCloses" />
    </ns0:UnitTest>
    <ns0:UnitTest name="W.DmProvider.SecurityTests.TlsOptionsTests.ExplicitNoCheckChangesOnlyRevocationPolicy" storage="/users/wanghongyi/projects/w.dmprovider/.local/verification/r3/t19/runs/0.1.0-r3.20261003095954/private/source/tests/w.dmprovider.securitytests/bin/release/net10.0/w.dmprovider.securitytests.dll" id="d950d80f-54a5-a03b-1289-9bb5c847ed44">
      <ns0:Execution id="7530c513-f35c-425f-bb43-ef26c615f06e" />
      <ns0:TestMethod codeBase="[repo]/.local/verification/r3/t19/runs/0.1.0-r3.20261003095954/private/source/tests/W.DmProvider.SecurityTests/bin/Release/net10.0/W.DmProvider.SecurityTests.dll" adapterTypeName="executor://xunit/VsTestRunner2/netcoreapp" className="W.DmProvider.SecurityTests.TlsOptionsTests" name="ExplicitNoCheckChangesOnlyRevocationPolicy" />
    </ns0:UnitTest>
    <ns0:UnitTest name="W.DmProvider.SecurityTests.TlsOptionsTests.EphemeralAuthorityAndServerCarryExpectedConstraintsAndSan" storage="/users/wanghongyi/projects/w.dmprovider/.local/verification/r3/t19/runs/0.1.0-r3.20261003095954/private/source/tests/w.dmprovider.securitytests/bin/release/net10.0/w.dmprovider.securitytests.dll" id="d544fa27-8f7b-f2f1-d4d2-cb31d692a632">
      <ns0:Execution id="5ad9affd-0c10-4b9a-82c6-86ee28006197" />
      <ns0:TestMethod codeBase="[repo]/.local/verification/r3/t19/runs/0.1.0-r3.20261003095954/private/source/tests/W.DmProvider.SecurityTests/bin/Release/net10.0/W.DmProvider.SecurityTests.dll" adapterTypeName="executor://xunit/VsTestRunner2/netcoreapp" className="W.DmProvider.SecurityTests.TlsOptionsTests" name="EphemeralAuthorityAndServerCarryExpectedConstraintsAndSan" />
    </ns0:UnitTest>
    <ns0:UnitTest name="W.DmProvider.SecurityTests.TlsTransportTests.ClientAuthOnlyLeafCannotMasqueradeAsServer" storage="/users/wanghongyi/projects/w.dmprovider/.local/verification/r3/t19/runs/0.1.0-r3.20261003095954/private/source/tests/w.dmprovider.securitytests/bin/release/net10.0/w.dmprovider.securitytests.dll" id="c255853a-7a5c-81f9-8917-4665709afdd9">
      <ns0:Execution id="492206db-3e4b-41fb-9d50-3f0007a98314" />
      <ns0:TestMethod codeBase="[repo]/.local/verification/r3/t19/runs/0.1.0-r3.20261003095954/private/source/tests/W.DmProvider.SecurityTests/bin/Release/net10.0/W.DmProvider.SecurityTests.dll" adapterTypeName="executor://xunit/VsTestRunner2/netcoreapp" className="W.DmProvider.SecurityTests.TlsTransportTests" name="ClientAuthOnlyLeafCannotMasqueradeAsServer" />
    </ns0:UnitTest>
    <ns0:UnitTest name="W.DmProvider.SecurityTests.AsyncTlsValidationTests.InvalidTrustOrHostnameRejectsAsyncUpgradeAndPreventsRawFallback" storage="/users/wanghongyi/projects/w.dmprovider/.local/verification/r3/t19/runs/0.1.0-r3.20261003095954/private/source/tests/w.dmprovider.securitytests/bin/release/net10.0/w.dmprovider.securitytests.dll" id="634dad1c-5ae4-d06f-6b4a-da9a9c0cb189">
      <ns0:Execution id="04a9d360-eb80-43fa-8a62-f0a97a057439" />
      <ns0:TestMethod codeBase="[repo]/.local/verification/r3/t19/runs/0.1.0-r3.20261003095954/private/source/tests/W.DmProvider.SecurityTests/bin/Release/net10.0/W.DmProvider.SecurityTests.dll" adapterTypeName="executor://xunit/VsTestRunner2/netcoreapp" className="W.DmProvider.SecurityTests.AsyncTlsValidationTests" name="InvalidTrustOrHostnameRejectsAsyncUpgradeAndPreventsRawFallback" />
    </ns0:UnitTest>
    <ns0:UnitTest name="W.DmProvider.SecurityTests.TlsTransportTests.MutualTlsRejectsMissingClientCertificate" storage="/users/wanghongyi/projects/w.dmprovider/.local/verification/r3/t19/runs/0.1.0-r3.20261003095954/private/source/tests/w.dmprovider.securitytests/bin/release/net10.0/w.dmprovider.securitytests.dll" id="32e1a5a9-e2b2-336f-f9d2-56994b3aba3a">
      <ns0:Execution id="f9aec087-7853-465e-8aaf-a0c1afa28133" />
      <ns0:TestMethod codeBase="[repo]/.local/verification/r3/t19/runs/0.1.0-r3.20261003095954/private/source/tests/W.DmProvider.SecurityTests/bin/Release/net10.0/W.DmProvider.SecurityTests.dll" adapterTypeName="executor://xunit/VsTestRunner2/netcoreapp" className="W.DmProvider.SecurityTests.TlsTransportTests" name="MutualTlsRejectsMissingClientCertificate" />
    </ns0:UnitTest>
    <ns0:UnitTest name="W.DmProvider.SecurityTests.TlsOptionsTests.OptionsKeepConfiguredTargetAndOnlineRevocationDefault" storage="/users/wanghongyi/projects/w.dmprovider/.local/verification/r3/t19/runs/0.1.0-r3.20261003095954/private/source/tests/w.dmprovider.securitytests/bin/release/net10.0/w.dmprovider.securitytests.dll" id="c2e588d7-c5ab-a805-daf0-77721f823204">
      <ns0:Execution id="3a50b491-454f-42a5-afc0-db650d495a39" />
      <ns0:TestMethod codeBase="[repo]/.local/verification/r3/t19/runs/0.1.0-r3.20261003095954/private/source/tests/W.DmProvider.SecurityTests/bin/Release/net10.0/W.DmProvider.SecurityTests.dll" adapterTypeName="executor://xunit/VsTestRunner2/netcoreapp" className="W.DmProvider.SecurityTests.TlsOptionsTests" name="OptionsKeepConfiguredTargetAndOnlineRevocationDefault" />
    </ns0:UnitTest>
    <ns0:UnitTest name="W.DmProvider.SecurityTests.NegotiationPolicyTests.FullStreamTlsModesAlwaysRequireCertificateValidatedUpgrade" storage="/users/wanghongyi/projects/w.dmprovider/.local/verification/r3/t19/runs/0.1.0-r3.20261003095954/private/source/tests/w.dmprovider.securitytests/bin/release/net10.0/w.dmprovider.securitytests.dll" id="4cc3d041-bb8d-5ada-06b4-1815177fc9e8">
      <ns0:Execution id="6bb1abdf-1c74-49ca-8683-5d8482aec224" />
      <ns0:TestMethod codeBase="[repo]/.local/verification/r3/t19/runs/0.1.0-r3.20261003095954/private/source/tests/W.DmProvider.SecurityTests/bin/Release/net10.0/W.DmProvider.SecurityTests.dll" adapterTypeName="executor://xunit/VsTestRunner2/netcoreapp" className="W.DmProvider.SecurityTests.NegotiationPolicyTests" name="FullStreamTlsModesAlwaysRequireCertificateValidatedUpgrade" />
    </ns0:UnitTest>
    <ns0:UnitTest name="W.DmProvider.SecurityTests.TlsTransportTests.MutualTlsAcceptsPasswordProtectedPlatformScopedPfx" storage="/users/wanghongyi/projects/w.dmprovider/.local/verification/r3/t19/runs/0.1.0-r3.20261003095954/private/source/tests/w.dmprovider.securitytests/bin/release/net10.0/w.dmprovider.securitytests.dll" id="2111c572-24d9-5985-2a05-00e4a448a567">
      <ns0:Execution id="e8c71aa1-fad4-4687-9264-e481d3c8454d" />
      <ns0:TestMethod codeBase="[repo]/.local/verification/r3/t19/runs/0.1.0-r3.20261003095954/private/source/tests/W.DmProvider.SecurityTests/bin/Release/net10.0/W.DmProvider.SecurityTests.dll" adapterTypeName="executor://xunit/VsTestRunner2/netcoreapp" className="W.DmProvider.SecurityTests.TlsTransportTests" name="MutualTlsAcceptsPasswordProtectedPlatformScopedPfx" />
    </ns0:UnitTest>
    <ns0:UnitTest name="W.DmProvider.SecurityTests.TlsOptionsTests.ClientCertificatePasswordIsRedactedAcrossSnapshotAndBaseSetterPoison" storage="/users/wanghongyi/projects/w.dmprovider/.local/verification/r3/t19/runs/0.1.0-r3.20261003095954/private/source/tests/w.dmprovider.securitytests/bin/release/net10.0/w.dmprovider.securitytests.dll" id="981331c6-629b-96cc-89b4-d46a6705f120">
      <ns0:Execution id="7d90b80a-ecb8-4247-bde6-127f8200778d" />
      <ns0:TestMethod codeBase="[repo]/.local/verification/r3/t19/runs/0.1.0-r3.20261003095954/private/source/tests/W.DmProvider.SecurityTests/bin/Release/net10.0/W.DmProvider.SecurityTests.dll" adapterTypeName="executor://xunit/VsTestRunner2/netcoreapp" className="W.DmProvider.SecurityTests.TlsOptionsTests" name="ClientCertificatePasswordIsRedactedAcrossSnapshotAndBaseSetterPoison" />
    </ns0:UnitTest>
    <ns0:UnitTest name="W.DmProvider.SecurityTests.NegotiationPolicyTests.AuthenticationOnlyAndUnsupportedModesFailBeforeLogin" storage="/users/wanghongyi/projects/w.dmprovider/.local/verification/r3/t19/runs/0.1.0-r3.20261003095954/private/source/tests/w.dmprovider.securitytests/bin/release/net10.0/w.dmprovider.securitytests.dll" id="00143dfc-666b-f13a-51c5-1481d5385060">
      <ns0:Execution id="b3eb7ad4-9c82-42aa-ab87-f97904fb944a" />
      <ns0:TestMethod codeBase="[repo]/.local/verification/r3/t19/runs/0.1.0-r3.20261003095954/private/source/tests/W.DmProvider.SecurityTests/bin/Release/net10.0/W.DmProvider.SecurityTests.dll" adapterTypeName="executor://xunit/VsTestRunner2/netcoreapp" className="W.DmProvider.SecurityTests.NegotiationPolicyTests" name="AuthenticationOnlyAndUnsupportedModesFailBeforeLogin" />
    </ns0:UnitTest>
    <ns0:UnitTest name="W.DmProvider.SecurityTests.TlsTransportTests.MutualTlsAcceptsExplicitClientCertificate" storage="/users/wanghongyi/projects/w.dmprovider/.local/verification/r3/t19/runs/0.1.0-r3.20261003095954/private/source/tests/w.dmprovider.securitytests/bin/release/net10.0/w.dmprovider.securitytests.dll" id="de70bb76-193e-6a88-cc9e-d7ca85af1f86">
      <ns0:Execution id="352def8e-444a-4a08-8163-57044f802ce9" />
      <ns0:TestMethod codeBase="[repo]/.local/verification/r3/t19/runs/0.1.0-r3.20261003095954/private/source/tests/W.DmProvider.SecurityTests/bin/Release/net10.0/W.DmProvider.SecurityTests.dll" adapterTypeName="executor://xunit/VsTestRunner2/netcoreapp" className="W.DmProvider.SecurityTests.TlsTransportTests" name="MutualTlsAcceptsExplicitClientCertificate" />
    </ns0:UnitTest>
    <ns0:UnitTest name="W.DmProvider.SecurityTests.TlsLifecycleTests.CloseAbortsPendingTlsAuthenticationAndDisposesSocketOnce" storage="/users/wanghongyi/projects/w.dmprovider/.local/verification/r3/t19/runs/0.1.0-r3.20261003095954/private/source/tests/w.dmprovider.securitytests/bin/release/net10.0/w.dmprovider.securitytests.dll" id="3769e0a3-057b-95a0-4030-ba582b7af85f">
      <ns0:Execution id="24541268-4fd3-481f-9884-f8b6193f12ba" />
      <ns0:TestMethod codeBase="[repo]/.local/verification/r3/t19/runs/0.1.0-r3.20261003095954/private/source/tests/W.DmProvider.SecurityTests/bin/Release/net10.0/W.DmProvider.SecurityTests.dll" adapterTypeName="executor://xunit/VsTestRunner2/netcoreapp" className="W.DmProvider.SecurityTests.TlsLifecycleTests" name="CloseAbortsPendingTlsAuthenticationAndDisposesSocketOnce" />
    </ns0:UnitTest>
    <ns0:UnitTest name="W.DmProvider.SecurityTests.NegotiationPolicyTests.PlaintextModeRequiresExplicitPolicy" storage="/users/wanghongyi/projects/w.dmprovider/.local/verification/r3/t19/runs/0.1.0-r3.20261003095954/private/source/tests/w.dmprovider.securitytests/bin/release/net10.0/w.dmprovider.securitytests.dll" id="533aac9f-5ad9-aaf1-c67e-9e6192acefd1">
      <ns0:Execution id="e6fa075e-e301-4dce-aa48-40f5abdd659b" />
      <ns0:TestMethod codeBase="[repo]/.local/verification/r3/t19/runs/0.1.0-r3.20261003095954/private/source/tests/W.DmProvider.SecurityTests/bin/Release/net10.0/W.DmProvider.SecurityTests.dll" adapterTypeName="executor://xunit/VsTestRunner2/netcoreapp" className="W.DmProvider.SecurityTests.NegotiationPolicyTests" name="PlaintextModeRequiresExplicitPolicy" />
    </ns0:UnitTest>
    <ns0:UnitTest name="W.DmProvider.SecurityTests.NativeLibraryTests.UntrustedRelativePathRejectsBeforeLoad" storage="/users/wanghongyi/projects/w.dmprovider/.local/verification/r3/t19/runs/0.1.0-r3.20261003095954/private/source/tests/w.dmprovider.securitytests/bin/release/net10.0/w.dmprovider.securitytests.dll" id="b3295c2a-4d0a-ea15-0eee-3b3a74bc0db9">
      <ns0:Execution id="02b1a57e-de7c-4fda-8418-9383b7f8bdbc" />
      <ns0:TestMethod codeBase="[repo]/.local/verification/r3/t19/runs/0.1.0-r3.20261003095954/private/source/tests/W.DmProvider.SecurityTests/bin/Release/net10.0/W.DmProvider.SecurityTests.dll" adapterTypeName="executor://xunit/VsTestRunner2/netcoreapp" className="W.DmProvider.SecurityTests.NativeLibraryTests" name="UntrustedRelativePathRejectsBeforeLoad" />
    </ns0:UnitTest>
    <ns0:UnitTest name="W.DmProvider.SecurityTests.NativeLibraryTests.NativeInitializationFailureStillReleasesHandleOnce" storage="/users/wanghongyi/projects/w.dmprovider/.local/verification/r3/t19/runs/0.1.0-r3.20261003095954/private/source/tests/w.dmprovider.securitytests/bin/release/net10.0/w.dmprovider.securitytests.dll" id="cbbcc1d3-4d96-11ea-4f1c-18cc05676615">
      <ns0:Execution id="ebcbe6c3-06f1-4c2f-8b3e-0962b2ea1e91" />
      <ns0:TestMethod codeBase="[repo]/.local/verification/r3/t19/runs/0.1.0-r3.20261003095954/private/source/tests/W.DmProvider.SecurityTests/bin/Release/net10.0/W.DmProvider.SecurityTests.dll" adapterTypeName="executor://xunit/VsTestRunner2/netcoreapp" className="W.DmProvider.SecurityTests.NativeLibraryTests" name="NativeInitializationFailureStillReleasesHandleOnce" />
    </ns0:UnitTest>
    <ns0:UnitTest name="W.DmProvider.SecurityTests.NativeLibraryTests.MissingExportReleasesLoadedLibraryExactlyOnce" storage="/users/wanghongyi/projects/w.dmprovider/.local/verification/r3/t19/runs/0.1.0-r3.20261003095954/private/source/tests/w.dmprovider.securitytests/bin/release/net10.0/w.dmprovider.securitytests.dll" id="ca2ff1a3-5a53-b40d-abae-38f33479a5db">
      <ns0:Execution id="9e974afb-5980-4f23-83ec-90130cb86e5a" />
      <ns0:TestMethod codeBase="[repo]/.local/verification/r3/t19/runs/0.1.0-r3.20261003095954/private/source/tests/W.DmProvider.SecurityTests/bin/Release/net10.0/W.DmProvider.SecurityTests.dll" adapterTypeName="executor://xunit/VsTestRunner2/netcoreapp" className="W.DmProvider.SecurityTests.NativeLibraryTests" name="MissingExportReleasesLoadedLibraryExactlyOnce" />
    </ns0:UnitTest>
    <ns0:UnitTest name="W.DmProvider.SecurityTests.NegotiationPolicyTests.AuthenticationOnlyAndUnsupportedModesFailBeforeLogin" storage="/users/wanghongyi/projects/w.dmprovider/.local/verification/r3/t19/runs/0.1.0-r3.20261003095954/private/source/tests/w.dmprovider.securitytests/bin/release/net10.0/w.dmprovider.securitytests.dll" id="3463e555-1b44-3c6b-2e15-d721f966a75f">
      <ns0:Execution id="1c276ac8-00ba-425d-9f85-01d8d1411c7d" />
      <ns0:TestMethod codeBase="[repo]/.local/verification/r3/t19/runs/0.1.0-r3.20261003095954/private/source/tests/W.DmProvider.SecurityTests/bin/Release/net10.0/W.DmProvider.SecurityTests.dll" adapterTypeName="executor://xunit/VsTestRunner2/netcoreapp" className="W.DmProvider.SecurityTests.NegotiationPolicyTests" name="AuthenticationOnlyAndUnsupportedModesFailBeforeLogin" />
    </ns0:UnitTest>
    <ns0:UnitTest name="W.DmProvider.SecurityTests.TlsLifecycleTests.CloseAbortsBlockedTlsReadAndDisposesSocketOnce" storage="/users/wanghongyi/projects/w.dmprovider/.local/verification/r3/t19/runs/0.1.0-r3.20261003095954/private/source/tests/w.dmprovider.securitytests/bin/release/net10.0/w.dmprovider.securitytests.dll" id="62fc4ca7-4547-2435-c81f-76b9c740d025">
      <ns0:Execution id="608de623-9623-417c-a5a5-553242900e7e" />
      <ns0:TestMethod codeBase="[repo]/.local/verification/r3/t19/runs/0.1.0-r3.20261003095954/private/source/tests/W.DmProvider.SecurityTests/bin/Release/net10.0/W.DmProvider.SecurityTests.dll" adapterTypeName="executor://xunit/VsTestRunner2/netcoreapp" className="W.DmProvider.SecurityTests.TlsLifecycleTests" name="CloseAbortsBlockedTlsReadAndDisposesSocketOnce" />
    </ns0:UnitTest>
    <ns0:UnitTest name="W.DmProvider.SecurityTests.NativeLibraryTests.WrongArchitectureReportsSanitizedFailure" storage="/users/wanghongyi/projects/w.dmprovider/.local/verification/r3/t19/runs/0.1.0-r3.20261003095954/private/source/tests/w.dmprovider.securitytests/bin/release/net10.0/w.dmprovider.securitytests.dll" id="719042bb-0383-bde5-0833-d0ec751e2cab">
      <ns0:Execution id="980f8c49-a354-4307-9137-5047e4b703c9" />
      <ns0:TestMethod codeBase="[repo]/.local/verification/r3/t19/runs/0.1.0-r3.20261003095954/private/source/tests/W.DmProvider.SecurityTests/bin/Release/net10.0/W.DmProvider.SecurityTests.dll" adapterTypeName="executor://xunit/VsTestRunner2/netcoreapp" className="W.DmProvider.SecurityTests.NativeLibraryTests" name="WrongArchitectureReportsSanitizedFailure" />
    </ns0:UnitTest>
    <ns0:UnitTest name="W.DmProvider.SecurityTests.NegotiationPolicyTests.AuthenticationOnlyAndUnsupportedModesFailBeforeLogin" storage="/users/wanghongyi/projects/w.dmprovider/.local/verification/r3/t19/runs/0.1.0-r3.20261003095954/private/source/tests/w.dmprovider.securitytests/bin/release/net10.0/w.dmprovider.securitytests.dll" id="eb164ca8-3483-50b7-e8bc-41d3010dbb66">
      <ns0:Execution id="7f6b2983-b997-4429-81aa-123bcb80d541" />
      <ns0:TestMethod codeBase="[repo]/.local/verification/r3/t19/runs/0.1.0-r3.20261003095954/private/source/tests/W.DmProvider.SecurityTests/bin/Release/net10.0/W.DmProvider.SecurityTests.dll" adapterTypeName="executor://xunit/VsTestRunner2/netcoreapp" className="W.DmProvider.SecurityTests.NegotiationPolicyTests" name="AuthenticationOnlyAndUnsupportedModesFailBeforeLogin" />
    </ns0:UnitTest>
    <ns0:UnitTest name="W.DmProvider.SecurityTests.NativeLibraryTests.DeclaredExportIsScopedAndDisposeIsIdempotent" storage="/users/wanghongyi/projects/w.dmprovider/.local/verification/r3/t19/runs/0.1.0-r3.20261003095954/private/source/tests/w.dmprovider.securitytests/bin/release/net10.0/w.dmprovider.securitytests.dll" id="32412b20-55cb-2db2-c5cf-f187f986f237">
      <ns0:Execution id="8710af39-0c39-4624-a698-9fb3aa3d30c9" />
      <ns0:TestMethod codeBase="[repo]/.local/verification/r3/t19/runs/0.1.0-r3.20261003095954/private/source/tests/W.DmProvider.SecurityTests/bin/Release/net10.0/W.DmProvider.SecurityTests.dll" adapterTypeName="executor://xunit/VsTestRunner2/netcoreapp" className="W.DmProvider.SecurityTests.NativeLibraryTests" name="DeclaredExportIsScopedAndDisposeIsIdempotent" />
    </ns0:UnitTest>
    <ns0:UnitTest name="W.DmProvider.SecurityTests.NativeLibraryTests.MissingLibraryReportsSanitizedFailureWithoutFreeingAbsentHandle" storage="/users/wanghongyi/projects/w.dmprovider/.local/verification/r3/t19/runs/0.1.0-r3.20261003095954/private/source/tests/w.dmprovider.securitytests/bin/release/net10.0/w.dmprovider.securitytests.dll" id="96d37f10-55cc-f2db-ca13-918a64e26e92">
      <ns0:Execution id="e71cdc4f-10f9-44d0-a7f7-c88c79039048" />
      <ns0:TestMethod codeBase="[repo]/.local/verification/r3/t19/runs/0.1.0-r3.20261003095954/private/source/tests/W.DmProvider.SecurityTests/bin/Release/net10.0/W.DmProvider.SecurityTests.dll" adapterTypeName="executor://xunit/VsTestRunner2/netcoreapp" className="W.DmProvider.SecurityTests.NativeLibraryTests" name="MissingLibraryReportsSanitizedFailureWithoutFreeingAbsentHandle" />
    </ns0:UnitTest>
    <ns0:UnitTest name="W.DmProvider.SecurityTests.NegotiationPolicyTests.NativeMessageEncryptionNeverFallsBackToPlaintext" storage="/users/wanghongyi/projects/w.dmprovider/.local/verification/r3/t19/runs/0.1.0-r3.20261003095954/private/source/tests/w.dmprovider.securitytests/bin/release/net10.0/w.dmprovider.securitytests.dll" id="09e1589e-484a-0450-bfad-8a8789fc9d6b">
      <ns0:Execution id="cd0ed189-598b-412f-b09c-3306545e0290" />
      <ns0:TestMethod codeBase="[repo]/.local/verification/r3/t19/runs/0.1.0-r3.20261003095954/private/source/tests/W.DmProvider.SecurityTests/bin/Release/net10.0/W.DmProvider.SecurityTests.dll" adapterTypeName="executor://xunit/VsTestRunner2/netcoreapp" className="W.DmProvider.SecurityTests.NegotiationPolicyTests" name="NativeMessageEncryptionNeverFallsBackToPlaintext" />
    </ns0:UnitTest>
    <ns0:UnitTest name="W.DmProvider.SecurityTests.FixtureVectorTests.FixtureNegotiatedModesExecuteAgainstPolicyGuard" storage="/users/wanghongyi/projects/w.dmprovider/.local/verification/r3/t19/runs/0.1.0-r3.20261003095954/private/source/tests/w.dmprovider.securitytests/bin/release/net10.0/w.dmprovider.securitytests.dll" id="5e31de7c-4179-0927-4701-dd9750fc3b24">
      <ns0:Execution id="d4e804d3-73bc-4695-8212-36f9ad26cf30" />
      <ns0:TestMethod codeBase="[repo]/.local/verification/r3/t19/runs/0.1.0-r3.20261003095954/private/source/tests/W.DmProvider.SecurityTests/bin/Release/net10.0/W.DmProvider.SecurityTests.dll" adapterTypeName="executor://xunit/VsTestRunner2/netcoreapp" className="W.DmProvider.SecurityTests.FixtureVectorTests" name="FixtureNegotiatedModesExecuteAgainstPolicyGuard" />
    </ns0:UnitTest>
    <ns0:UnitTest name="W.DmProvider.SecurityTests.AsyncTlsValidationTests.TrustedMatchingCertificateAuthenticatesThroughAsyncUpgrade" storage="/users/wanghongyi/projects/w.dmprovider/.local/verification/r3/t19/runs/0.1.0-r3.20261003095954/private/source/tests/w.dmprovider.securitytests/bin/release/net10.0/w.dmprovider.securitytests.dll" id="dbc0457a-487c-54a7-225a-4097ec4fedf3">
      <ns0:Execution id="28d85caa-c2fc-4114-8549-6cc9d949d6ea" />
      <ns0:TestMethod codeBase="[repo]/.local/verification/r3/t19/runs/0.1.0-r3.20261003095954/private/source/tests/W.DmProvider.SecurityTests/bin/Release/net10.0/W.DmProvider.SecurityTests.dll" adapterTypeName="executor://xunit/VsTestRunner2/netcoreapp" className="W.DmProvider.SecurityTests.AsyncTlsValidationTests" name="TrustedMatchingCertificateAuthenticatesThroughAsyncUpgrade" />
    </ns0:UnitTest>
    <ns0:UnitTest name="W.DmProvider.SecurityTests.NegotiationPolicyTests.AuthenticationOnlyAndUnsupportedModesFailBeforeLogin" storage="/users/wanghongyi/projects/w.dmprovider/.local/verification/r3/t19/runs/0.1.0-r3.20261003095954/private/source/tests/w.dmprovider.securitytests/bin/release/net10.0/w.dmprovider.securitytests.dll" id="c0a58523-3721-e6de-00c8-89df61d600a9">
      <ns0:Execution id="10678fd5-34c3-4154-a600-766bc6c32a39" />
      <ns0:TestMethod codeBase="[repo]/.local/verification/r3/t19/runs/0.1.0-r3.20261003095954/private/source/tests/W.DmProvider.SecurityTests/bin/Release/net10.0/W.DmProvider.SecurityTests.dll" adapterTypeName="executor://xunit/VsTestRunner2/netcoreapp" className="W.DmProvider.SecurityTests.NegotiationPolicyTests" name="AuthenticationOnlyAndUnsupportedModesFailBeforeLogin" />
    </ns0:UnitTest>
    <ns0:UnitTest name="W.DmProvider.SecurityTests.TlsTransportTests.ValidCaAndMatchingDnsOrIpSanUpgradeTls" storage="/users/wanghongyi/projects/w.dmprovider/.local/verification/r3/t19/runs/0.1.0-r3.20261003095954/private/source/tests/w.dmprovider.securitytests/bin/release/net10.0/w.dmprovider.securitytests.dll" id="0755ab7d-4285-6bd9-d50d-437a9a762292">
      <ns0:Execution id="4d86a035-ec3b-4ff1-ac7e-8dd38c3f15ee" />
      <ns0:TestMethod codeBase="[repo]/.local/verification/r3/t19/runs/0.1.0-r3.20261003095954/private/source/tests/W.DmProvider.SecurityTests/bin/Release/net10.0/W.DmProvider.SecurityTests.dll" adapterTypeName="executor://xunit/VsTestRunner2/netcoreapp" className="W.DmProvider.SecurityTests.TlsTransportTests" name="ValidCaAndMatchingDnsOrIpSanUpgradeTls" />
    </ns0:UnitTest>
    <ns0:UnitTest name="W.DmProvider.SecurityTests.TlsTransportTests.UnknownCaFailsClosedWithoutSuccessfulUpgrade" storage="/users/wanghongyi/projects/w.dmprovider/.local/verification/r3/t19/runs/0.1.0-r3.20261003095954/private/source/tests/w.dmprovider.securitytests/bin/release/net10.0/w.dmprovider.securitytests.dll" id="ffa8c015-1b5f-6df4-eb1d-c07b25f0e9fb">
      <ns0:Execution id="614dbaef-35dc-4beb-973f-e33b99027abc" />
      <ns0:TestMethod codeBase="[repo]/.local/verification/r3/t19/runs/0.1.0-r3.20261003095954/private/source/tests/W.DmProvider.SecurityTests/bin/Release/net10.0/W.DmProvider.SecurityTests.dll" adapterTypeName="executor://xunit/VsTestRunner2/netcoreapp" className="W.DmProvider.SecurityTests.TlsTransportTests" name="UnknownCaFailsClosedWithoutSuccessfulUpgrade" />
    </ns0:UnitTest>
    <ns0:UnitTest name="W.DmProvider.SecurityTests.TlsLifecycleTests.AbsoluteConnectDeadlineIncludesPendingTlsHandshake" storage="/users/wanghongyi/projects/w.dmprovider/.local/verification/r3/t19/runs/0.1.0-r3.20261003095954/private/source/tests/w.dmprovider.securitytests/bin/release/net10.0/w.dmprovider.securitytests.dll" id="5e88a0e5-0693-1b61-df6a-0e031ba92b69">
      <ns0:Execution id="0666f177-8240-45d3-a213-b5abd45ee1d5" />
      <ns0:TestMethod codeBase="[repo]/.local/verification/r3/t19/runs/0.1.0-r3.20261003095954/private/source/tests/W.DmProvider.SecurityTests/bin/Release/net10.0/W.DmProvider.SecurityTests.dll" adapterTypeName="executor://xunit/VsTestRunner2/netcoreapp" className="W.DmProvider.SecurityTests.TlsLifecycleTests" name="AbsoluteConnectDeadlineIncludesPendingTlsHandshake" />
    </ns0:UnitTest>
    <ns0:UnitTest name="W.DmProvider.SecurityTests.NativeLibraryTests.DisposeWaitsForActiveExportCallbackBeforeFreeing" storage="/users/wanghongyi/projects/w.dmprovider/.local/verification/r3/t19/runs/0.1.0-r3.20261003095954/private/source/tests/w.dmprovider.securitytests/bin/release/net10.0/w.dmprovider.securitytests.dll" id="1f1a7e11-1342-b49b-52a9-11ab1d1521aa">
      <ns0:Execution id="68bca8ac-7efc-43f1-80e1-2292c84f6fcb" />
      <ns0:TestMethod codeBase="[repo]/.local/verification/r3/t19/runs/0.1.0-r3.20261003095954/private/source/tests/W.DmProvider.SecurityTests/bin/Release/net10.0/W.DmProvider.SecurityTests.dll" adapterTypeName="executor://xunit/VsTestRunner2/netcoreapp" className="W.DmProvider.SecurityTests.NativeLibraryTests" name="DisposeWaitsForActiveExportCallbackBeforeFreeing" />
    </ns0:UnitTest>
    <ns0:UnitTest name="W.DmProvider.SecurityTests.NegotiationPolicyTests.FullStreamTlsModesAlwaysRequireCertificateValidatedUpgrade" storage="/users/wanghongyi/projects/w.dmprovider/.local/verification/r3/t19/runs/0.1.0-r3.20261003095954/private/source/tests/w.dmprovider.securitytests/bin/release/net10.0/w.dmprovider.securitytests.dll" id="b4d4b230-39e9-c383-f1e9-0e20f3e9c4f0">
      <ns0:Execution id="98d05386-c514-4ca0-9b22-11acf27b2b68" />
      <ns0:TestMethod codeBase="[repo]/.local/verification/r3/t19/runs/0.1.0-r3.20261003095954/private/source/tests/W.DmProvider.SecurityTests/bin/Release/net10.0/W.DmProvider.SecurityTests.dll" adapterTypeName="executor://xunit/VsTestRunner2/netcoreapp" className="W.DmProvider.SecurityTests.NegotiationPolicyTests" name="FullStreamTlsModesAlwaysRequireCertificateValidatedUpgrade" />
    </ns0:UnitTest>
  </ns0:TestDefinitions>
  <ns0:TestEntries>
    <ns0:TestEntry testId="533aac9f-5ad9-aaf1-c67e-9e6192acefd1" executionId="e6fa075e-e301-4dce-aa48-40f5abdd659b" testListId="8c84fa94-04c1-424b-9868-57a2d4851a1d" />
    <ns0:TestEntry testId="719042bb-0383-bde5-0833-d0ec751e2cab" executionId="980f8c49-a354-4307-9137-5047e4b703c9" testListId="8c84fa94-04c1-424b-9868-57a2d4851a1d" />
    <ns0:TestEntry testId="62fc4ca7-4547-2435-c81f-76b9c740d025" executionId="608de623-9623-417c-a5a5-553242900e7e" testListId="8c84fa94-04c1-424b-9868-57a2d4851a1d" />
    <ns0:TestEntry testId="96d37f10-55cc-f2db-ca13-918a64e26e92" executionId="e71cdc4f-10f9-44d0-a7f7-c88c79039048" testListId="8c84fa94-04c1-424b-9868-57a2d4851a1d" />
    <ns0:TestEntry testId="ffa8c015-1b5f-6df4-eb1d-c07b25f0e9fb" executionId="614dbaef-35dc-4beb-973f-e33b99027abc" testListId="8c84fa94-04c1-424b-9868-57a2d4851a1d" />
    <ns0:TestEntry testId="6743f84c-2790-1570-06b5-a4177c9dff5a" executionId="8ccd7af0-1a96-403e-b354-432e0ee87079" testListId="8c84fa94-04c1-424b-9868-57a2d4851a1d" />
    <ns0:TestEntry testId="00143dfc-666b-f13a-51c5-1481d5385060" executionId="b3eb7ad4-9c82-42aa-ab87-f97904fb944a" testListId="8c84fa94-04c1-424b-9868-57a2d4851a1d" />
    <ns0:TestEntry testId="9a709573-0898-71a2-1408-75ab7e886ec9" executionId="b45d5033-b069-48f6-8e25-b17f4a9ccf18" testListId="8c84fa94-04c1-424b-9868-57a2d4851a1d" />
    <ns0:TestEntry testId="b3295c2a-4d0a-ea15-0eee-3b3a74bc0db9" executionId="02b1a57e-de7c-4fda-8418-9383b7f8bdbc" testListId="8c84fa94-04c1-424b-9868-57a2d4851a1d" />
    <ns0:TestEntry testId="dbc0457a-487c-54a7-225a-4097ec4fedf3" executionId="28d85caa-c2fc-4114-8549-6cc9d949d6ea" testListId="8c84fa94-04c1-424b-9868-57a2d4851a1d" />
    <ns0:TestEntry testId="09e1589e-484a-0450-bfad-8a8789fc9d6b" executionId="cd0ed189-598b-412f-b09c-3306545e0290" testListId="8c84fa94-04c1-424b-9868-57a2d4851a1d" />
    <ns0:TestEntry testId="07fef50d-e839-46f1-d928-3333192e3e05" executionId="bbe5bdc9-41bf-4d31-a00f-73381d435de2" testListId="8c84fa94-04c1-424b-9868-57a2d4851a1d" />
    <ns0:TestEntry testId="634dad1c-5ae4-d06f-6b4a-da9a9c0cb189" executionId="04a9d360-eb80-43fa-8a62-f0a97a057439" testListId="8c84fa94-04c1-424b-9868-57a2d4851a1d" />
    <ns0:TestEntry testId="ca2ff1a3-5a53-b40d-abae-38f33479a5db" executionId="9e974afb-5980-4f23-83ec-90130cb86e5a" testListId="8c84fa94-04c1-424b-9868-57a2d4851a1d" />
    <ns0:TestEntry testId="f6c00162-7eee-3786-786f-868f81e4d515" executionId="70cd4958-cae3-4af8-ab56-26b1ca0476f1" testListId="8c84fa94-04c1-424b-9868-57a2d4851a1d" />
    <ns0:TestEntry testId="3769e0a3-057b-95a0-4030-ba582b7af85f" executionId="24541268-4fd3-481f-9884-f8b6193f12ba" testListId="8c84fa94-04c1-424b-9868-57a2d4851a1d" />
    <ns0:TestEntry testId="703d5ae8-995f-4c6e-d3d8-9ac371c824f0" executionId="0a5dc2cf-12b3-47dc-afaf-6637156e4ed2" testListId="8c84fa94-04c1-424b-9868-57a2d4851a1d" />
    <ns0:TestEntry testId="3463e555-1b44-3c6b-2e15-d721f966a75f" executionId="1c276ac8-00ba-425d-9f85-01d8d1411c7d" testListId="8c84fa94-04c1-424b-9868-57a2d4851a1d" />
    <ns0:TestEntry testId="2111c572-24d9-5985-2a05-00e4a448a567" executionId="e8c71aa1-fad4-4687-9264-e481d3c8454d" testListId="8c84fa94-04c1-424b-9868-57a2d4851a1d" />
    <ns0:TestEntry testId="752eb6fd-80fd-15b0-1371-18c8edcb5253" executionId="94038df9-1f33-49d6-87ea-83c54373ef03" testListId="8c84fa94-04c1-424b-9868-57a2d4851a1d" />
    <ns0:TestEntry testId="32412b20-55cb-2db2-c5cf-f187f986f237" executionId="8710af39-0c39-4624-a698-9fb3aa3d30c9" testListId="8c84fa94-04c1-424b-9868-57a2d4851a1d" />
    <ns0:TestEntry testId="c0a58523-3721-e6de-00c8-89df61d600a9" executionId="10678fd5-34c3-4154-a600-766bc6c32a39" testListId="8c84fa94-04c1-424b-9868-57a2d4851a1d" />
    <ns0:TestEntry testId="b4d4b230-39e9-c383-f1e9-0e20f3e9c4f0" executionId="98d05386-c514-4ca0-9b22-11acf27b2b68" testListId="8c84fa94-04c1-424b-9868-57a2d4851a1d" />
    <ns0:TestEntry testId="1f1a7e11-1342-b49b-52a9-11ab1d1521aa" executionId="68bca8ac-7efc-43f1-80e1-2292c84f6fcb" testListId="8c84fa94-04c1-424b-9868-57a2d4851a1d" />
    <ns0:TestEntry testId="de70bb76-193e-6a88-cc9e-d7ca85af1f86" executionId="352def8e-444a-4a08-8163-57044f802ce9" testListId="8c84fa94-04c1-424b-9868-57a2d4851a1d" />
    <ns0:TestEntry testId="8e414bf6-c357-b6ff-7d94-b21ed5fca0ff" executionId="05fd265e-c54b-4f03-8591-bfac259951b0" testListId="8c84fa94-04c1-424b-9868-57a2d4851a1d" />
    <ns0:TestEntry testId="0755ab7d-4285-6bd9-d50d-437a9a762292" executionId="4d86a035-ec3b-4ff1-ac7e-8dd38c3f15ee" testListId="8c84fa94-04c1-424b-9868-57a2d4851a1d" />
    <ns0:TestEntry testId="d950d80f-54a5-a03b-1289-9bb5c847ed44" executionId="7530c513-f35c-425f-bb43-ef26c615f06e" testListId="8c84fa94-04c1-424b-9868-57a2d4851a1d" />
    <ns0:TestEntry testId="5e88a0e5-0693-1b61-df6a-0e031ba92b69" executionId="0666f177-8240-45d3-a213-b5abd45ee1d5" testListId="8c84fa94-04c1-424b-9868-57a2d4851a1d" />
    <ns0:TestEntry testId="4cc3d041-bb8d-5ada-06b4-1815177fc9e8" executionId="6bb1abdf-1c74-49ca-8683-5d8482aec224" testListId="8c84fa94-04c1-424b-9868-57a2d4851a1d" />
    <ns0:TestEntry testId="981331c6-629b-96cc-89b4-d46a6705f120" executionId="7d90b80a-ecb8-4247-bde6-127f8200778d" testListId="8c84fa94-04c1-424b-9868-57a2d4851a1d" />
    <ns0:TestEntry testId="eb164ca8-3483-50b7-e8bc-41d3010dbb66" executionId="7f6b2983-b997-4429-81aa-123bcb80d541" testListId="8c84fa94-04c1-424b-9868-57a2d4851a1d" />
    <ns0:TestEntry testId="c255853a-7a5c-81f9-8917-4665709afdd9" executionId="492206db-3e4b-41fb-9d50-3f0007a98314" testListId="8c84fa94-04c1-424b-9868-57a2d4851a1d" />
    <ns0:TestEntry testId="cbbcc1d3-4d96-11ea-4f1c-18cc05676615" executionId="ebcbe6c3-06f1-4c2f-8b3e-0962b2ea1e91" testListId="8c84fa94-04c1-424b-9868-57a2d4851a1d" />
    <ns0:TestEntry testId="c2e588d7-c5ab-a805-daf0-77721f823204" executionId="3a50b491-454f-42a5-afc0-db650d495a39" testListId="8c84fa94-04c1-424b-9868-57a2d4851a1d" />
    <ns0:TestEntry testId="32e1a5a9-e2b2-336f-f9d2-56994b3aba3a" executionId="f9aec087-7853-465e-8aaf-a0c1afa28133" testListId="8c84fa94-04c1-424b-9868-57a2d4851a1d" />
    <ns0:TestEntry testId="2050529e-09a0-eba2-3716-94f8b10dc222" executionId="c8b42365-98da-4e53-b7c9-ad624a45df6b" testListId="8c84fa94-04c1-424b-9868-57a2d4851a1d" />
    <ns0:TestEntry testId="d544fa27-8f7b-f2f1-d4d2-cb31d692a632" executionId="5ad9affd-0c10-4b9a-82c6-86ee28006197" testListId="8c84fa94-04c1-424b-9868-57a2d4851a1d" />
    <ns0:TestEntry testId="5e31de7c-4179-0927-4701-dd9750fc3b24" executionId="d4e804d3-73bc-4695-8212-36f9ad26cf30" testListId="8c84fa94-04c1-424b-9868-57a2d4851a1d" />
  </ns0:TestEntries>
  <ns0:TestLists>
    <ns0:TestList name="Results Not in a List" id="8c84fa94-04c1-424b-9868-57a2d4851a1d" />
    <ns0:TestList name="All Loaded Results" id="19431567-8539-422a-85d7-44ee4e166bda" />
  </ns0:TestLists>
  <ns0:ResultSummary outcome="Completed">
    <ns0:Counters total="39" executed="39" passed="39" failed="0" error="0" timeout="0" aborted="0" inconclusive="0" passedButRunAborted="0" notRunnable="0" notExecuted="0" disconnected="0" warning="0" completed="0" inProgress="0" pending="0" />
    </ns0:ResultSummary>
</ns0:TestRun>