<?xml version='1.0' encoding='utf-8'?>
<ns0:TestRun xmlns:ns0="http://microsoft.com/schemas/VisualStudio/TeamTest/2010" id="5ac25009-0398-4ab7-b90b-0d4c01fd53e7" name="@wanghongyideMacBook-Pro 2026-10-03 18:00:04">
  <ns0:Times creation="2026-10-03T18:00:04.6477610+08:00" queuing="2026-10-03T18:00:04.6477610+08:00" start="2026-10-03T18:00:04.3757040+08:00" finish="2026-10-03T18:00:04.6553860+08:00" />
  <ns0:TestSettings name="default" id="a50a4bb7-f3ad-4cb0-b23d-9035181dfe61">
    <ns0:Deployment runDeploymentRoot="_wanghongyideMacBook-Pro_2026-10-03_18_00_04" />
  </ns0:TestSettings>
  <ns0:Results>
    <ns0:UnitTestResult executionId="c427c162-41ae-48ba-9846-bba7e7242e90" testId="07a69d97-ae1c-c476-2db9-89aff6f88939" testName="W.DmProvider.ConfigurationTests.ConfigurationTests.SecretAndSnapshotsRemainLocal" computerName="wanghongyideMacBook-Pro" duration="00:00:00.0007775" startTime="2026-10-03T18:00:04.6201100+08:00" endTime="2026-10-03T18:00:04.6201100+08:00" testType="13cdc9d9-ddb5-4fa4-a97d-d965ccfc6d4b" outcome="Passed" testListId="8c84fa94-04c1-424b-9868-57a2d4851a1d" relativeResultsDirectory="c427c162-41ae-48ba-9846-bba7e7242e90" />
    <ns0:UnitTestResult executionId="b0873dd2-2b6e-4c2d-bbe6-8e98b34561a1" testId="5a852fb5-ecfe-d947-524a-91cb585f36fa" testName="W.DmProvider.ConfigurationTests.ConfigurationTests.IncompleteAuthenticationRejectsBeforeNetwork" computerName="wanghongyideMacBook-Pro" duration="00:00:00.0149868" startTime="2026-10-03T18:00:04.6071140+08:00" endTime="2026-10-03T18:00:04.6071230+08:00" testType="13cdc9d9-ddb5-4fa4-a97d-d965ccfc6d4b" outcome="Passed" testListId="8c84fa94-04c1-424b-9868-57a2d4851a1d" relativeResultsDirectory="b0873dd2-2b6e-4c2d-bbe6-8e98b34561a1" />
    <ns0:UnitTestResult executionId="b23d498a-d28f-4667-94d4-35208ab3b51c" testId="05b07a3b-d6d8-a3ea-7fc3-94c47d408054" testName="W.DmProvider.ConfigurationTests.ConfigurationTests.NegotiatedSecurityFlagsAreRejectedBeforeLegacyCipherUse" computerName="wanghongyideMacBook-Pro" duration="00:00:00.0003996" startTime="2026-10-03T18:00:04.6193270+08:00" endTime="2026-10-03T18:00:04.6193270+08:00" testType="13cdc9d9-ddb5-4fa4-a97d-d965ccfc6d4b" outcome="Passed" testListId="8c84fa94-04c1-424b-9868-57a2d4851a1d" relativeResultsDirectory="b23d498a-d28f-4667-94d4-35208ab3b51c" />
    <ns0:UnitTestResult executionId="b4057191-b766-40b1-b69d-dfc5067bbff7" testId="4348633f-e01a-7b39-99a7-115d0b59b801" testName="W.DmProvider.ConfigurationTests.ConfigurationTests.LegacyMillisecondsAndTypedTimeSpanAgree" computerName="wanghongyideMacBook-Pro" duration="00:00:00.0012373" startTime="2026-10-03T18:00:04.6189110+08:00" endTime="2026-10-03T18:00:04.6189110+08:00" testType="13cdc9d9-ddb5-4fa4-a97d-d965ccfc6d4b" outcome="Passed" testListId="8c84fa94-04c1-424b-9868-57a2d4851a1d" relativeResultsDirectory="b4057191-b766-40b1-b69d-dfc5067bbff7" />
    <ns0:UnitTestResult executionId="53664130-3b1e-46d3-856c-7c6f5681b103" testId="1b11932d-78a7-1dbd-cb42-73988218ce02" testName="W.DmProvider.ConfigurationTests.ConfigurationTests.ConnectingEventFailureRestoresClosedState" computerName="wanghongyideMacBook-Pro" duration="00:00:00.0015192" startTime="2026-10-03T18:00:04.6265770+08:00" endTime="2026-10-03T18:00:04.6265770+08:00" testType="13cdc9d9-ddb5-4fa4-a97d-d965ccfc6d4b" outcome="Passed" testListId="8c84fa94-04c1-424b-9868-57a2d4851a1d" relativeResultsDirectory="53664130-3b1e-46d3-856c-7c6f5681b103" />
    <ns0:UnitTestResult executionId="b52c234f-4207-4f15-8a0d-16d35764e252" testId="af30e4c9-55aa-1a66-e813-43ed28dfd287" testName="W.DmProvider.ConfigurationTests.ConfigurationTests.SafeDefaultsAndStandardUnits" computerName="wanghongyideMacBook-Pro" duration="00:00:00.0031171" startTime="2026-10-03T18:00:04.6232480+08:00" endTime="2026-10-03T18:00:04.6232480+08:00" testType="13cdc9d9-ddb5-4fa4-a97d-d965ccfc6d4b" outcome="Passed" testListId="8c84fa94-04c1-424b-9868-57a2d4851a1d" relativeResultsDirectory="b52c234f-4207-4f15-8a0d-16d35764e252" />
    <ns0:UnitTestResult executionId="daf2f35d-630e-456b-bebe-0f3e0f4a40cc" testId="c3d0f3b0-4416-4fca-8770-aeda849f36c5" testName="W.DmProvider.ConfigurationTests.ConfigurationTests.UnsupportedAndAdvancedEntrypointsReject" computerName="wanghongyideMacBook-Pro" duration="00:00:00.0017641" startTime="2026-10-03T18:00:04.6250380+08:00" endTime="2026-10-03T18:00:04.6250380+08:00" testType="13cdc9d9-ddb5-4fa4-a97d-d965ccfc6d4b" outcome="Passed" testListId="8c84fa94-04c1-424b-9868-57a2d4851a1d" relativeResultsDirectory="daf2f35d-630e-456b-bebe-0f3e0f4a40cc" />
    <ns0:UnitTestResult executionId="bab2e599-e1c5-44cc-940f-d3a49aac7a46" testId="e8491816-4754-b3c5-11cb-3e1a1d7e46c4" testName="W.DmProvider.ConfigurationTests.ConfigurationTests.DerivedSetterRollbackAndBaseSetterFailureFamilies" computerName="wanghongyideMacBook-Pro" duration="00:00:00.0004360" startTime="2026-10-03T18:00:04.6362440+08:00" endTime="2026-10-03T18:00:04.6362440+08:00" testType="13cdc9d9-ddb5-4fa4-a97d-d965ccfc6d4b" outcome="Passed" testListId="8c84fa94-04c1-424b-9868-57a2d4851a1d" relativeResultsDirectory="bab2e599-e1c5-44cc-940f-d3a49aac7a46" />
    <ns0:UnitTestResult executionId="cb96f731-d15c-4486-a23f-a9c120329226" testId="9e976908-d562-15d3-c81e-1a31020635c8" testName="W.DmProvider.ConfigurationTests.ConfigurationTests.StrictAliasAssignmentAndRecovery" computerName="wanghongyideMacBook-Pro" duration="00:00:00.0002686" startTime="2026-10-03T18:00:04.6361900+08:00" endTime="2026-10-03T18:00:04.6361900+08:00" testType="13cdc9d9-ddb5-4fa4-a97d-d965ccfc6d4b" outcome="Passed" testListId="8c84fa94-04c1-424b-9868-57a2d4851a1d" relativeResultsDirectory="cb96f731-d15c-4486-a23f-a9c120329226" />
    <ns0:UnitTestResult executionId="19b01c9b-c827-4883-86eb-9cbc0022f531" testId="5dcd22b8-bb21-5427-3e5c-51a6ac123d71" testName="W.DmProvider.ConfigurationTests.ConfigurationTests.SchemaEntryPointsShareValidationAndQuoteOneIdentifier" computerName="wanghongyideMacBook-Pro" duration="00:00:00.0020783" startTime="2026-10-03T18:00:04.6089530+08:00" endTime="2026-10-03T18:00:04.6089530+08:00" testType="13cdc9d9-ddb5-4fa4-a97d-d965ccfc6d4b" outcome="Passed" testListId="8c84fa94-04c1-424b-9868-57a2d4851a1d" relativeResultsDirectory="19b01c9b-c827-4883-86eb-9cbc0022f531" />
    <ns0:UnitTestResult executionId="7b2f8f45-7060-402d-a591-9dc86d7e5cb3" testId="cb11d85d-fcb1-d048-3169-7936e9ba4060" testName="W.DmProvider.ConfigurationTests.ConfigurationTests.FixtureCases" computerName="wanghongyideMacBook-Pro" duration="00:00:00.0086783" startTime="2026-10-03T18:00:04.6176600+08:00" endTime="2026-10-03T18:00:04.6176600+08:00" testType="13cdc9d9-ddb5-4fa4-a97d-d965ccfc6d4b" outcome="Passed" testListId="8c84fa94-04c1-424b-9868-57a2d4851a1d" relativeResultsDirectory="7b2f8f45-7060-402d-a591-9dc86d7e5cb3" />
  </ns0:Results>
  <ns0:TestDefinitions>
    <ns0:UnitTest name="W.DmProvider.ConfigurationTests.ConfigurationTests.IncompleteAuthenticationRejectsBeforeNetwork" storage="/users/wanghongyi/projects/w.dmprovider/.local/verification/r3/t19/runs/0.1.0-r3.20261003095954/private/source/tests/w.dmprovider.configurationtests/bin/release/net10.0/w.dmprovider.configurationtests.dll" id="5a852fb5-ecfe-d947-524a-91cb585f36fa">
      <ns0:Execution id="b0873dd2-2b6e-4c2d-bbe6-8e98b34561a1" />
      <ns0:TestMethod codeBase="[repo]/.local/verification/r3/t19/runs/0.1.0-r3.20261003095954/private/source/tests/W.DmProvider.ConfigurationTests/bin/Release/net10.0/W.DmProvider.ConfigurationTests.dll" adapterTypeName="executor://xunit/VsTestRunner2/netcoreapp" className="W.DmProvider.ConfigurationTests.ConfigurationTests" name="IncompleteAuthenticationRejectsBeforeNetwork" />
    </ns0:UnitTest>
    <ns0:UnitTest name="W.DmProvider.ConfigurationTests.ConfigurationTests.ConnectingEventFailureRestoresClosedState" storage="/users/wanghongyi/projects/w.dmprovider/.local/verification/r3/t19/runs/0.1.0-r3.20261003095954/private/source/tests/w.dmprovider.configurationtests/bin/release/net10.0/w.dmprovider.configurationtests.dll" id="1b11932d-78a7-1dbd-cb42-73988218ce02">
      <ns0:Execution id="53664130-3b1e-46d3-856c-7c6f5681b103" />
      <ns0:TestMethod codeBase="[repo]/.local/verification/r3/t19/runs/0.1.0-r3.20261003095954/private/source/tests/W.DmProvider.ConfigurationTests/bin/Release/net10.0/W.DmProvider.ConfigurationTests.dll" adapterTypeName="executor://xunit/VsTestRunner2/netcoreapp" className="W.DmProvider.ConfigurationTests.ConfigurationTests" name="ConnectingEventFailureRestoresClosedState" />
    </ns0:UnitTest>
    <ns0:UnitTest name="W.DmProvider.ConfigurationTests.ConfigurationTests.LegacyMillisecondsAndTypedTimeSpanAgree" storage="/users/wanghongyi/projects/w.dmprovider/.local/verification/r3/t19/runs/0.1.0-r3.20261003095954/private/source/tests/w.dmprovider.configurationtests/bin/release/net10.0/w.dmprovider.configurationtests.dll" id="4348633f-e01a-7b39-99a7-115d0b59b801">
      <ns0:Execution id="b4057191-b766-40b1-b69d-dfc5067bbff7" />
      <ns0:TestMethod codeBase="[repo]/.local/verification/r3/t19/runs/0.1.0-r3.20261003095954/private/source/tests/W.DmProvider.ConfigurationTests/bin/Release/net10.0/W.DmProvider.ConfigurationTests.dll" adapterTypeName="executor://xunit/VsTestRunner2/netcoreapp" className="W.DmProvider.ConfigurationTests.ConfigurationTests" name="LegacyMillisecondsAndTypedTimeSpanAgree" />
    </ns0:UnitTest>
    <ns0:UnitTest name="W.DmProvider.ConfigurationTests.ConfigurationTests.DerivedSetterRollbackAndBaseSetterFailureFamilies" storage="/users/wanghongyi/projects/w.dmprovider/.local/verification/r3/t19/runs/0.1.0-r3.20261003095954/private/source/tests/w.dmprovider.configurationtests/bin/release/net10.0/w.dmprovider.configurationtests.dll" id="e8491816-4754-b3c5-11cb-3e1a1d7e46c4">
      <ns0:Execution id="bab2e599-e1c5-44cc-940f-d3a49aac7a46" />
      <ns0:TestMethod codeBase="[repo]/.local/verification/r3/t19/runs/0.1.0-r3.20261003095954/private/source/tests/W.DmProvider.ConfigurationTests/bin/Release/net10.0/W.DmProvider.ConfigurationTests.dll" adapterTypeName="executor://xunit/VsTestRunner2/netcoreapp" className="W.DmProvider.ConfigurationTests.ConfigurationTests" name="DerivedSetterRollbackAndBaseSetterFailureFamilies" />
    </ns0:UnitTest>
    <ns0:UnitTest name="W.DmProvider.ConfigurationTests.ConfigurationTests.SchemaEntryPointsShareValidationAndQuoteOneIdentifier" storage="/users/wanghongyi/projects/w.dmprovider/.local/verification/r3/t19/runs/0.1.0-r3.20261003095954/private/source/tests/w.dmprovider.configurationtests/bin/release/net10.0/w.dmprovider.configurationtests.dll" id="5dcd22b8-bb21-5427-3e5c-51a6ac123d71">
      <ns0:Execution id="19b01c9b-c827-4883-86eb-9cbc0022f531" />
      <ns0:TestMethod codeBase="[repo]/.local/verification/r3/t19/runs/0.1.0-r3.20261003095954/private/source/tests/W.DmProvider.ConfigurationTests/bin/Release/net10.0/W.DmProvider.ConfigurationTests.dll" adapterTypeName="executor://xunit/VsTestRunner2/netcoreapp" className="W.DmProvider.ConfigurationTests.ConfigurationTests" name="SchemaEntryPointsShareValidationAndQuoteOneIdentifier" />
    </ns0:UnitTest>
    <ns0:UnitTest name="W.DmProvider.ConfigurationTests.ConfigurationTests.SecretAndSnapshotsRemainLocal" storage="/users/wanghongyi/projects/w.dmprovider/.local/verification/r3/t19/runs/0.1.0-r3.20261003095954/private/source/tests/w.dmprovider.configurationtests/bin/release/net10.0/w.dmprovider.configurationtests.dll" id="07a69d97-ae1c-c476-2db9-89aff6f88939">
      <ns0:Execution id="c427c162-41ae-48ba-9846-bba7e7242e90" />
      <ns0:TestMethod codeBase="[repo]/.local/verification/r3/t19/runs/0.1.0-r3.20261003095954/private/source/tests/W.DmProvider.ConfigurationTests/bin/Release/net10.0/W.DmProvider.ConfigurationTests.dll" adapterTypeName="executor://xunit/VsTestRunner2/netcoreapp" className="W.DmProvider.ConfigurationTests.ConfigurationTests" name="SecretAndSnapshotsRemainLocal" />
    </ns0:UnitTest>
    <ns0:UnitTest name="W.DmProvider.ConfigurationTests.ConfigurationTests.FixtureCases" storage="/users/wanghongyi/projects/w.dmprovider/.local/verification/r3/t19/runs/0.1.0-r3.20261003095954/private/source/tests/w.dmprovider.configurationtests/bin/release/net10.0/w.dmprovider.configurationtests.dll" id="cb11d85d-fcb1-d048-3169-7936e9ba4060">
      <ns0:Execution id="7b2f8f45-7060-402d-a591-9dc86d7e5cb3" />
      <ns0:TestMethod codeBase="[repo]/.local/verification/r3/t19/runs/0.1.0-r3.20261003095954/private/source/tests/W.DmProvider.ConfigurationTests/bin/Release/net10.0/W.DmProvider.ConfigurationTests.dll" adapterTypeName="executor://xunit/VsTestRunner2/netcoreapp" className="W.DmProvider.ConfigurationTests.ConfigurationTests" name="FixtureCases" />
    </ns0:UnitTest>
    <ns0:UnitTest name="W.DmProvider.ConfigurationTests.ConfigurationTests.UnsupportedAndAdvancedEntrypointsReject" storage="/users/wanghongyi/projects/w.dmprovider/.local/verification/r3/t19/runs/0.1.0-r3.20261003095954/private/source/tests/w.dmprovider.configurationtests/bin/release/net10.0/w.dmprovider.configurationtests.dll" id="c3d0f3b0-4416-4fca-8770-aeda849f36c5">
      <ns0:Execution id="daf2f35d-630e-456b-bebe-0f3e0f4a40cc" />
      <ns0:TestMethod codeBase="[repo]/.local/verification/r3/t19/runs/0.1.0-r3.20261003095954/private/source/tests/W.DmProvider.ConfigurationTests/bin/Release/net10.0/W.DmProvider.ConfigurationTests.dll" adapterTypeName="executor://xunit/VsTestRunner2/netcoreapp" className="W.DmProvider.ConfigurationTests.ConfigurationTests" name="UnsupportedAndAdvancedEntrypointsReject" />
    </ns0:UnitTest>
    <ns0:UnitTest name="W.DmProvider.ConfigurationTests.ConfigurationTests.NegotiatedSecurityFlagsAreRejectedBeforeLegacyCipherUse" storage="/users/wanghongyi/projects/w.dmprovider/.local/verification/r3/t19/runs/0.1.0-r3.20261003095954/private/source/tests/w.dmprovider.configurationtests/bin/release/net10.0/w.dmprovider.configurationtests.dll" id="05b07a3b-d6d8-a3ea-7fc3-94c47d408054">
      <ns0:Execution id="b23d498a-d28f-4667-94d4-35208ab3b51c" />
      <ns0:TestMethod codeBase="[repo]/.local/verification/r3/t19/runs/0.1.0-r3.20261003095954/private/source/tests/W.DmProvider.ConfigurationTests/bin/Release/net10.0/W.DmProvider.ConfigurationTests.dll" adapterTypeName="executor://xunit/VsTestRunner2/netcoreapp" className="W.DmProvider.ConfigurationTests.ConfigurationTests" name="NegotiatedSecurityFlagsAreRejectedBeforeLegacyCipherUse" />
    </ns0:UnitTest>
    <ns0:UnitTest name="W.DmProvider.ConfigurationTests.ConfigurationTests.StrictAliasAssignmentAndRecovery" storage="/users/wanghongyi/projects/w.dmprovider/.local/verification/r3/t19/runs/0.1.0-r3.20261003095954/private/source/tests/w.dmprovider.configurationtests/bin/release/net10.0/w.dmprovider.configurationtests.dll" id="9e976908-d562-15d3-c81e-1a31020635c8">
      <ns0:Execution id="cb96f731-d15c-4486-a23f-a9c120329226" />
      <ns0:TestMethod codeBase="[repo]/.local/verification/r3/t19/runs/0.1.0-r3.20261003095954/private/source/tests/W.DmProvider.ConfigurationTests/bin/Release/net10.0/W.DmProvider.ConfigurationTests.dll" adapterTypeName="executor://xunit/VsTestRunner2/netcoreapp" className="W.DmProvider.ConfigurationTests.ConfigurationTests" name="StrictAliasAssignmentAndRecovery" />
    </ns0:UnitTest>
    <ns0:UnitTest name="W.DmProvider.ConfigurationTests.ConfigurationTests.SafeDefaultsAndStandardUnits" storage="/users/wanghongyi/projects/w.dmprovider/.local/verification/r3/t19/runs/0.1.0-r3.20261003095954/private/source/tests/w.dmprovider.configurationtests/bin/release/net10.0/w.dmprovider.configurationtests.dll" id="af30e4c9-55aa-1a66-e813-43ed28dfd287">
      <ns0:Execution id="b52c234f-4207-4f15-8a0d-16d35764e252" />
      <ns0:TestMethod codeBase="[repo]/.local/verification/r3/t19/runs/0.1.0-r3.20261003095954/private/source/tests/W.DmProvider.ConfigurationTests/bin/Release/net10.0/W.DmProvider.ConfigurationTests.dll" adapterTypeName="executor://xunit/VsTestRunner2/netcoreapp" className="W.DmProvider.ConfigurationTests.ConfigurationTests" name="SafeDefaultsAndStandardUnits" />
    </ns0:UnitTest>
  </ns0:TestDefinitions>
  <ns0:TestEntries>
    <ns0:TestEntry testId="07a69d97-ae1c-c476-2db9-89aff6f88939" executionId="c427c162-41ae-48ba-9846-bba7e7242e90" testListId="8c84fa94-04c1-424b-9868-57a2d4851a1d" />
    <ns0:TestEntry testId="5a852fb5-ecfe-d947-524a-91cb585f36fa" executionId="b0873dd2-2b6e-4c2d-bbe6-8e98b34561a1" testListId="8c84fa94-04c1-424b-9868-57a2d4851a1d" />
    <ns0:TestEntry testId="05b07a3b-d6d8-a3ea-7fc3-94c47d408054" executionId="b23d498a-d28f-4667-94d4-35208ab3b51c" testListId="8c84fa94-04c1-424b-9868-57a2d4851a1d" />
    <ns0:TestEntry testId="4348633f-e01a-7b39-99a7-115d0b59b801" executionId="b4057191-b766-40b1-b69d-dfc5067bbff7" testListId="8c84fa94-04c1-424b-9868-57a2d4851a1d" />
    <ns0:TestEntry testId="1b11932d-78a7-1dbd-cb42-73988218ce02" executionId="53664130-3b1e-46d3-856c-7c6f5681b103" testListId="8c84fa94-04c1-424b-9868-57a2d4851a1d" />
    <ns0:TestEntry testId="af30e4c9-55aa-1a66-e813-43ed28dfd287" executionId="b52c234f-4207-4f15-8a0d-16d35764e252" testListId="8c84fa94-04c1-424b-9868-57a2d4851a1d" />
    <ns0:TestEntry testId="c3d0f3b0-4416-4fca-8770-aeda849f36c5" executionId="daf2f35d-630e-456b-bebe-0f3e0f4a40cc" testListId="8c84fa94-04c1-424b-9868-57a2d4851a1d" />
    <ns0:TestEntry testId="e8491816-4754-b3c5-11cb-3e1a1d7e46c4" executionId="bab2e599-e1c5-44cc-940f-d3a49aac7a46" testListId="8c84fa94-04c1-424b-9868-57a2d4851a1d" />
    <ns0:TestEntry testId="9e976908-d562-15d3-c81e-1a31020635c8" executionId="cb96f731-d15c-4486-a23f-a9c120329226" testListId="8c84fa94-04c1-424b-9868-57a2d4851a1d" />
    <ns0:TestEntry testId="5dcd22b8-bb21-5427-3e5c-51a6ac123d71" executionId="19b01c9b-c827-4883-86eb-9cbc0022f531" testListId="8c84fa94-04c1-424b-9868-57a2d4851a1d" />
    <ns0:TestEntry testId="cb11d85d-fcb1-d048-3169-7936e9ba4060" executionId="7b2f8f45-7060-402d-a591-9dc86d7e5cb3" testListId="8c84fa94-04c1-424b-9868-57a2d4851a1d" />
  </ns0:TestEntries>
  <ns0:TestLists>
    <ns0:TestList name="Results Not in a List" id="8c84fa94-04c1-424b-9868-57a2d4851a1d" />
    <ns0:TestList name="All Loaded Results" id="19431567-8539-422a-85d7-44ee4e166bda" />
  </ns0:TestLists>
  <ns0:ResultSummary outcome="Completed">
    <ns0:Counters total="11" executed="11" passed="11" failed="0" error="0" timeout="0" aborted="0" inconclusive="0" passedButRunAborted="0" notRunnable="0" notExecuted="0" disconnected="0" warning="0" completed="0" inProgress="0" pending="0" />
    </ns0:ResultSummary>
</ns0:TestRun>