<?xml version='1.0' encoding='utf-8'?>
<ns0:TestRun xmlns:ns0="http://microsoft.com/schemas/VisualStudio/TeamTest/2010" id="063689b9-c5c2-4d15-abcd-ece4e23c66db" name="@wanghongyideMacBook-Pro 2026-10-03 16:50:34">
  <ns0:Times creation="2026-10-03T16:50:34.8117470+08:00" queuing="2026-10-03T16:50:34.8117470+08:00" start="2026-10-03T16:50:34.5029410+08:00" finish="2026-10-03T16:50:34.8204980+08:00" />
  <ns0:TestSettings name="default" id="357da61f-c1b8-45c9-8ca1-9e91acd58af5">
    <ns0:Deployment runDeploymentRoot="_wanghongyideMacBook-Pro_2026-10-03_16_50_34" />
  </ns0:TestSettings>
  <ns0:Results>
    <ns0:UnitTestResult executionId="75dfb606-107e-4fd8-8ca9-436c6b132b88" testId="91e821b8-73b4-1cac-e3d0-b6baad4aacab" testName="W.DmProvider.SessionTests.WireOwnershipTests.EveryRawTransportEntryRejectsMissingExchangeBeforeSocketAccess" computerName="wanghongyideMacBook-Pro" duration="00:00:00.0061385" startTime="2026-10-03T16:50:34.7732360+08:00" endTime="2026-10-03T16:50:34.7732440+08:00" testType="13cdc9d9-ddb5-4fa4-a97d-d965ccfc6d4b" outcome="Passed" testListId="8c84fa94-04c1-424b-9868-57a2d4851a1d" relativeResultsDirectory="75dfb606-107e-4fd8-8ca9-436c6b132b88" />
    <ns0:UnitTestResult executionId="6183acb0-15cc-43a9-824c-1fe4dc170ab1" testId="33b5f59e-6c85-4672-343e-b44179d5445e" testName="W.DmProvider.SessionTests.SessionOwnershipTests.WireRequiresBothCurrentInvocationAndCompleteExchangeScope" computerName="wanghongyideMacBook-Pro" duration="00:00:00.0001767" startTime="2026-10-03T16:50:34.7987290+08:00" endTime="2026-10-03T16:50:34.7987290+08:00" testType="13cdc9d9-ddb5-4fa4-a97d-d965ccfc6d4b" outcome="Passed" testListId="8c84fa94-04c1-424b-9868-57a2d4851a1d" relativeResultsDirectory="6183acb0-15cc-43a9-824c-1fe4dc170ab1" />
    <ns0:UnitTestResult executionId="9604f875-ef74-47ac-8057-16a61e999af3" testId="4d17cd84-cc90-8ecc-e21d-7a1538ea01f7" testName="W.DmProvider.SessionTests.WireOwnershipTests.EveryLegacyAndGenericMessageEntryRejectsMissingInvocationBeforeEncoding" computerName="wanghongyideMacBook-Pro" duration="00:00:00.0053918" startTime="2026-10-03T16:50:34.7784190+08:00" endTime="2026-10-03T16:50:34.7784190+08:00" testType="13cdc9d9-ddb5-4fa4-a97d-d965ccfc6d4b" outcome="Passed" testListId="8c84fa94-04c1-424b-9868-57a2d4851a1d" relativeResultsDirectory="9604f875-ef74-47ac-8057-16a61e999af3" />
    <ns0:UnitTestResult executionId="53c669e4-a5de-404d-899c-06691de2417b" testId="8ed05b4a-8b60-c1ad-9bd8-09c3d48ab8eb" testName="W.DmProvider.SessionTests.SessionOwnershipTests.OldAbortCannotBreakASeparateNewSession" computerName="wanghongyideMacBook-Pro" duration="00:00:00.0002913" startTime="2026-10-03T16:50:34.7834730+08:00" endTime="2026-10-03T16:50:34.7834730+08:00" testType="13cdc9d9-ddb5-4fa4-a97d-d965ccfc6d4b" outcome="Passed" testListId="8c84fa94-04c1-424b-9868-57a2d4851a1d" relativeResultsDirectory="53c669e4-a5de-404d-899c-06691de2417b" />
    <ns0:UnitTestResult executionId="c342f5bf-f4e5-45ef-bd3e-c1dec60a7a87" testId="8cb940f9-4dac-56d4-48cb-8d8a29630b28" testName="W.DmProvider.SessionTests.SessionOwnershipTests.FailedWireExchangeCannotReturnBrokenSessionToReady" computerName="wanghongyideMacBook-Pro" duration="00:00:00.0013414" startTime="2026-10-03T16:50:34.7848320+08:00" endTime="2026-10-03T16:50:34.7848320+08:00" testType="13cdc9d9-ddb5-4fa4-a97d-d965ccfc6d4b" outcome="Passed" testListId="8c84fa94-04c1-424b-9868-57a2d4851a1d" relativeResultsDirectory="c342f5bf-f4e5-45ef-bd3e-c1dec60a7a87" />
    <ns0:UnitTestResult executionId="57a6c157-de74-4801-b1d7-0e5fcf0cf8f9" testId="8f0127aa-1bc1-3745-41d2-ad7a2b324d6e" testName="W.DmProvider.SessionTests.SessionOwnershipTests.IncompleteExchangeCannotBeHiddenByDisposingItsOwner" computerName="wanghongyideMacBook-Pro" duration="00:00:00.0001141" startTime="2026-10-03T16:50:34.7986560+08:00" endTime="2026-10-03T16:50:34.7986560+08:00" testType="13cdc9d9-ddb5-4fa4-a97d-d965ccfc6d4b" outcome="Passed" testListId="8c84fa94-04c1-424b-9868-57a2d4851a1d" relativeResultsDirectory="57a6c157-de74-4801-b1d7-0e5fcf0cf8f9" />
    <ns0:UnitTestResult executionId="60e733ad-0bfc-47f4-b167-aadab026fad5" testId="7ed3240a-3eec-6e5a-f37a-581ce91f4844" testName="W.DmProvider.SessionTests.SessionOwnershipTests.OneExecutionAndOneChildInvocationOwnTheSession" computerName="wanghongyideMacBook-Pro" duration="00:00:00.0037722" startTime="2026-10-03T16:50:34.7831610+08:00" endTime="2026-10-03T16:50:34.7831610+08:00" testType="13cdc9d9-ddb5-4fa4-a97d-d965ccfc6d4b" outcome="Passed" testListId="8c84fa94-04c1-424b-9868-57a2d4851a1d" relativeResultsDirectory="60e733ad-0bfc-47f4-b167-aadab026fad5" />
    <ns0:UnitTestResult executionId="2db69469-91cf-4a42-a501-077b044e897f" testId="ff6c2c2f-07f9-4108-9b36-f3b5b5791903" testName="W.DmProvider.SessionTests.SessionOwnershipTests.IndependentSessionsReachBarrierTogether" computerName="wanghongyideMacBook-Pro" duration="00:00:00.0017377" startTime="2026-10-03T16:50:34.7899870+08:00" endTime="2026-10-03T16:50:34.7899870+08:00" testType="13cdc9d9-ddb5-4fa4-a97d-d965ccfc6d4b" outcome="Passed" testListId="8c84fa94-04c1-424b-9868-57a2d4851a1d" relativeResultsDirectory="2db69469-91cf-4a42-a501-077b044e897f" />
    <ns0:UnitTestResult executionId="bd994cd1-bb85-4188-84c2-0cbe23c4a4ca" testId="22caacac-836a-7b93-1a3c-94bc60b858b3" testName="W.DmProvider.SessionTests.SessionOwnershipTests.SessionIdOverflowRejectsCreation" computerName="wanghongyideMacBook-Pro" duration="00:00:00.0001186" startTime="2026-10-03T16:50:34.7793380+08:00" endTime="2026-10-03T16:50:34.7793380+08:00" testType="13cdc9d9-ddb5-4fa4-a97d-d965ccfc6d4b" outcome="Passed" testListId="8c84fa94-04c1-424b-9868-57a2d4851a1d" relativeResultsDirectory="bd994cd1-bb85-4188-84c2-0cbe23c4a4ca" />
    <ns0:UnitTestResult executionId="285ceff1-06dd-4778-b4ba-d45e03341554" testId="312de48c-012b-ac5e-d02d-993aab2ccead" testName="W.DmProvider.SessionTests.SessionOwnershipTests.OldInvocationAbortCannotBreakNextExecutionOfSameSession" computerName="wanghongyideMacBook-Pro" duration="00:00:00.0001221" startTime="2026-10-03T16:50:34.7901290+08:00" endTime="2026-10-03T16:50:34.7901290+08:00" testType="13cdc9d9-ddb5-4fa4-a97d-d965ccfc6d4b" outcome="Passed" testListId="8c84fa94-04c1-424b-9868-57a2d4851a1d" relativeResultsDirectory="285ceff1-06dd-4778-b4ba-d45e03341554" />
    <ns0:UnitTestResult executionId="24e43cdf-6466-422b-ae74-4c70878521c2" testId="aa29863a-3103-f30e-af52-d756cb7faf01" testName="W.DmProvider.SessionTests.SessionOwnershipTests.CounterOverflowBreaksSessionWithoutWrappingIdentity" computerName="wanghongyideMacBook-Pro" duration="00:00:00.0033347" startTime="2026-10-03T16:50:34.7882100+08:00" endTime="2026-10-03T16:50:34.7882100+08:00" testType="13cdc9d9-ddb5-4fa4-a97d-d965ccfc6d4b" outcome="Passed" testListId="8c84fa94-04c1-424b-9868-57a2d4851a1d" relativeResultsDirectory="24e43cdf-6466-422b-ae74-4c70878521c2" />
    <ns0:UnitTestResult executionId="2d74fa9d-a5fb-461c-8761-be547284e8cb" testId="ad65df4d-f82a-51b8-4172-58567c7c3ee1" testName="W.DmProvider.SessionTests.SessionOwnershipTests.AllFourStaleIdentityComponentsAreRejected" computerName="wanghongyideMacBook-Pro" duration="00:00:00.0046026" startTime="2026-10-03T16:50:34.7987140+08:00" endTime="2026-10-03T16:50:34.7987140+08:00" testType="13cdc9d9-ddb5-4fa4-a97d-d965ccfc6d4b" outcome="Passed" testListId="8c84fa94-04c1-424b-9868-57a2d4851a1d" relativeResultsDirectory="2d74fa9d-a5fb-461c-8761-be547284e8cb" />
  </ns0:Results>
  <ns0:TestDefinitions>
    <ns0:UnitTest name="W.DmProvider.SessionTests.SessionOwnershipTests.WireRequiresBothCurrentInvocationAndCompleteExchangeScope" storage="/users/wanghongyi/projects/w.dmprovider/.local/verification/r3/t19/runs/0.1.0-r3.20261003085021/private/source/tests/w.dmprovider.sessiontests/bin/release/net10.0/w.dmprovider.sessiontests.dll" id="33b5f59e-6c85-4672-343e-b44179d5445e">
      <ns0:Execution id="6183acb0-15cc-43a9-824c-1fe4dc170ab1" />
      <ns0:TestMethod codeBase="[repo]/.local/verification/r3/t19/runs/0.1.0-r3.20261003085021/private/source/tests/W.DmProvider.SessionTests/bin/Release/net10.0/W.DmProvider.SessionTests.dll" adapterTypeName="executor://xunit/VsTestRunner2/netcoreapp" className="W.DmProvider.SessionTests.SessionOwnershipTests" name="WireRequiresBothCurrentInvocationAndCompleteExchangeScope" />
    </ns0:UnitTest>
    <ns0:UnitTest name="W.DmProvider.SessionTests.SessionOwnershipTests.OneExecutionAndOneChildInvocationOwnTheSession" storage="/users/wanghongyi/projects/w.dmprovider/.local/verification/r3/t19/runs/0.1.0-r3.20261003085021/private/source/tests/w.dmprovider.sessiontests/bin/release/net10.0/w.dmprovider.sessiontests.dll" id="7ed3240a-3eec-6e5a-f37a-581ce91f4844">
      <ns0:Execution id="60e733ad-0bfc-47f4-b167-aadab026fad5" />
      <ns0:TestMethod codeBase="[repo]/.local/verification/r3/t19/runs/0.1.0-r3.20261003085021/private/source/tests/W.DmProvider.SessionTests/bin/Release/net10.0/W.DmProvider.SessionTests.dll" adapterTypeName="executor://xunit/VsTestRunner2/netcoreapp" className="W.DmProvider.SessionTests.SessionOwnershipTests" name="OneExecutionAndOneChildInvocationOwnTheSession" />
    </ns0:UnitTest>
    <ns0:UnitTest name="W.DmProvider.SessionTests.SessionOwnershipTests.IndependentSessionsReachBarrierTogether" storage="/users/wanghongyi/projects/w.dmprovider/.local/verification/r3/t19/runs/0.1.0-r3.20261003085021/private/source/tests/w.dmprovider.sessiontests/bin/release/net10.0/w.dmprovider.sessiontests.dll" id="ff6c2c2f-07f9-4108-9b36-f3b5b5791903">
      <ns0:Execution id="2db69469-91cf-4a42-a501-077b044e897f" />
      <ns0:TestMethod codeBase="[repo]/.local/verification/r3/t19/runs/0.1.0-r3.20261003085021/private/source/tests/W.DmProvider.SessionTests/bin/Release/net10.0/W.DmProvider.SessionTests.dll" adapterTypeName="executor://xunit/VsTestRunner2/netcoreapp" className="W.DmProvider.SessionTests.SessionOwnershipTests" name="IndependentSessionsReachBarrierTogether" />
    </ns0:UnitTest>
    <ns0:UnitTest name="W.DmProvider.SessionTests.WireOwnershipTests.EveryLegacyAndGenericMessageEntryRejectsMissingInvocationBeforeEncoding" storage="/users/wanghongyi/projects/w.dmprovider/.local/verification/r3/t19/runs/0.1.0-r3.20261003085021/private/source/tests/w.dmprovider.sessiontests/bin/release/net10.0/w.dmprovider.sessiontests.dll" id="4d17cd84-cc90-8ecc-e21d-7a1538ea01f7">
      <ns0:Execution id="9604f875-ef74-47ac-8057-16a61e999af3" />
      <ns0:TestMethod codeBase="[repo]/.local/verification/r3/t19/runs/0.1.0-r3.20261003085021/private/source/tests/W.DmProvider.SessionTests/bin/Release/net10.0/W.DmProvider.SessionTests.dll" adapterTypeName="executor://xunit/VsTestRunner2/netcoreapp" className="W.DmProvider.SessionTests.WireOwnershipTests" name="EveryLegacyAndGenericMessageEntryRejectsMissingInvocationBeforeEncoding" />
    </ns0:UnitTest>
    <ns0:UnitTest name="W.DmProvider.SessionTests.SessionOwnershipTests.IncompleteExchangeCannotBeHiddenByDisposingItsOwner" storage="/users/wanghongyi/projects/w.dmprovider/.local/verification/r3/t19/runs/0.1.0-r3.20261003085021/private/source/tests/w.dmprovider.sessiontests/bin/release/net10.0/w.dmprovider.sessiontests.dll" id="8f0127aa-1bc1-3745-41d2-ad7a2b324d6e">
      <ns0:Execution id="57a6c157-de74-4801-b1d7-0e5fcf0cf8f9" />
      <ns0:TestMethod codeBase="[repo]/.local/verification/r3/t19/runs/0.1.0-r3.20261003085021/private/source/tests/W.DmProvider.SessionTests/bin/Release/net10.0/W.DmProvider.SessionTests.dll" adapterTypeName="executor://xunit/VsTestRunner2/netcoreapp" className="W.DmProvider.SessionTests.SessionOwnershipTests" name="IncompleteExchangeCannotBeHiddenByDisposingItsOwner" />
    </ns0:UnitTest>
    <ns0:UnitTest name="W.DmProvider.SessionTests.WireOwnershipTests.EveryRawTransportEntryRejectsMissingExchangeBeforeSocketAccess" storage="/users/wanghongyi/projects/w.dmprovider/.local/verification/r3/t19/runs/0.1.0-r3.20261003085021/private/source/tests/w.dmprovider.sessiontests/bin/release/net10.0/w.dmprovider.sessiontests.dll" id="91e821b8-73b4-1cac-e3d0-b6baad4aacab">
      <ns0:Execution id="75dfb606-107e-4fd8-8ca9-436c6b132b88" />
      <ns0:TestMethod codeBase="[repo]/.local/verification/r3/t19/runs/0.1.0-r3.20261003085021/private/source/tests/W.DmProvider.SessionTests/bin/Release/net10.0/W.DmProvider.SessionTests.dll" adapterTypeName="executor://xunit/VsTestRunner2/netcoreapp" className="W.DmProvider.SessionTests.WireOwnershipTests" name="EveryRawTransportEntryRejectsMissingExchangeBeforeSocketAccess" />
    </ns0:UnitTest>
    <ns0:UnitTest name="W.DmProvider.SessionTests.SessionOwnershipTests.FailedWireExchangeCannotReturnBrokenSessionToReady" storage="/users/wanghongyi/projects/w.dmprovider/.local/verification/r3/t19/runs/0.1.0-r3.20261003085021/private/source/tests/w.dmprovider.sessiontests/bin/release/net10.0/w.dmprovider.sessiontests.dll" id="8cb940f9-4dac-56d4-48cb-8d8a29630b28">
      <ns0:Execution id="c342f5bf-f4e5-45ef-bd3e-c1dec60a7a87" />
      <ns0:TestMethod codeBase="[repo]/.local/verification/r3/t19/runs/0.1.0-r3.20261003085021/private/source/tests/W.DmProvider.SessionTests/bin/Release/net10.0/W.DmProvider.SessionTests.dll" adapterTypeName="executor://xunit/VsTestRunner2/netcoreapp" className="W.DmProvider.SessionTests.SessionOwnershipTests" name="FailedWireExchangeCannotReturnBrokenSessionToReady" />
    </ns0:UnitTest>
    <ns0:UnitTest name="W.DmProvider.SessionTests.SessionOwnershipTests.OldAbortCannotBreakASeparateNewSession" storage="/users/wanghongyi/projects/w.dmprovider/.local/verification/r3/t19/runs/0.1.0-r3.20261003085021/private/source/tests/w.dmprovider.sessiontests/bin/release/net10.0/w.dmprovider.sessiontests.dll" id="8ed05b4a-8b60-c1ad-9bd8-09c3d48ab8eb">
      <ns0:Execution id="53c669e4-a5de-404d-899c-06691de2417b" />
      <ns0:TestMethod codeBase="[repo]/.local/verification/r3/t19/runs/0.1.0-r3.20261003085021/private/source/tests/W.DmProvider.SessionTests/bin/Release/net10.0/W.DmProvider.SessionTests.dll" adapterTypeName="executor://xunit/VsTestRunner2/netcoreapp" className="W.DmProvider.SessionTests.SessionOwnershipTests" name="OldAbortCannotBreakASeparateNewSession" />
    </ns0:UnitTest>
    <ns0:UnitTest name="W.DmProvider.SessionTests.SessionOwnershipTests.SessionIdOverflowRejectsCreation" storage="/users/wanghongyi/projects/w.dmprovider/.local/verification/r3/t19/runs/0.1.0-r3.20261003085021/private/source/tests/w.dmprovider.sessiontests/bin/release/net10.0/w.dmprovider.sessiontests.dll" id="22caacac-836a-7b93-1a3c-94bc60b858b3">
      <ns0:Execution id="bd994cd1-bb85-4188-84c2-0cbe23c4a4ca" />
      <ns0:TestMethod codeBase="[repo]/.local/verification/r3/t19/runs/0.1.0-r3.20261003085021/private/source/tests/W.DmProvider.SessionTests/bin/Release/net10.0/W.DmProvider.SessionTests.dll" adapterTypeName="executor://xunit/VsTestRunner2/netcoreapp" className="W.DmProvider.SessionTests.SessionOwnershipTests" name="SessionIdOverflowRejectsCreation" />
    </ns0:UnitTest>
    <ns0:UnitTest name="W.DmProvider.SessionTests.SessionOwnershipTests.AllFourStaleIdentityComponentsAreRejected" storage="/users/wanghongyi/projects/w.dmprovider/.local/verification/r3/t19/runs/0.1.0-r3.20261003085021/private/source/tests/w.dmprovider.sessiontests/bin/release/net10.0/w.dmprovider.sessiontests.dll" id="ad65df4d-f82a-51b8-4172-58567c7c3ee1">
      <ns0:Execution id="2d74fa9d-a5fb-461c-8761-be547284e8cb" />
      <ns0:TestMethod codeBase="[repo]/.local/verification/r3/t19/runs/0.1.0-r3.20261003085021/private/source/tests/W.DmProvider.SessionTests/bin/Release/net10.0/W.DmProvider.SessionTests.dll" adapterTypeName="executor://xunit/VsTestRunner2/netcoreapp" className="W.DmProvider.SessionTests.SessionOwnershipTests" name="AllFourStaleIdentityComponentsAreRejected" />
    </ns0:UnitTest>
    <ns0:UnitTest name="W.DmProvider.SessionTests.SessionOwnershipTests.OldInvocationAbortCannotBreakNextExecutionOfSameSession" storage="/users/wanghongyi/projects/w.dmprovider/.local/verification/r3/t19/runs/0.1.0-r3.20261003085021/private/source/tests/w.dmprovider.sessiontests/bin/release/net10.0/w.dmprovider.sessiontests.dll" id="312de48c-012b-ac5e-d02d-993aab2ccead">
      <ns0:Execution id="285ceff1-06dd-4778-b4ba-d45e03341554" />
      <ns0:TestMethod codeBase="[repo]/.local/verification/r3/t19/runs/0.1.0-r3.20261003085021/private/source/tests/W.DmProvider.SessionTests/bin/Release/net10.0/W.DmProvider.SessionTests.dll" adapterTypeName="executor://xunit/VsTestRunner2/netcoreapp" className="W.DmProvider.SessionTests.SessionOwnershipTests" name="OldInvocationAbortCannotBreakNextExecutionOfSameSession" />
    </ns0:UnitTest>
    <ns0:UnitTest name="W.DmProvider.SessionTests.SessionOwnershipTests.CounterOverflowBreaksSessionWithoutWrappingIdentity" storage="/users/wanghongyi/projects/w.dmprovider/.local/verification/r3/t19/runs/0.1.0-r3.20261003085021/private/source/tests/w.dmprovider.sessiontests/bin/release/net10.0/w.dmprovider.sessiontests.dll" id="aa29863a-3103-f30e-af52-d756cb7faf01">
      <ns0:Execution id="24e43cdf-6466-422b-ae74-4c70878521c2" />
      <ns0:TestMethod codeBase="[repo]/.local/verification/r3/t19/runs/0.1.0-r3.20261003085021/private/source/tests/W.DmProvider.SessionTests/bin/Release/net10.0/W.DmProvider.SessionTests.dll" adapterTypeName="executor://xunit/VsTestRunner2/netcoreapp" className="W.DmProvider.SessionTests.SessionOwnershipTests" name="CounterOverflowBreaksSessionWithoutWrappingIdentity" />
    </ns0:UnitTest>
  </ns0:TestDefinitions>
  <ns0:TestEntries>
    <ns0:TestEntry testId="91e821b8-73b4-1cac-e3d0-b6baad4aacab" executionId="75dfb606-107e-4fd8-8ca9-436c6b132b88" testListId="8c84fa94-04c1-424b-9868-57a2d4851a1d" />
    <ns0:TestEntry testId="33b5f59e-6c85-4672-343e-b44179d5445e" executionId="6183acb0-15cc-43a9-824c-1fe4dc170ab1" testListId="8c84fa94-04c1-424b-9868-57a2d4851a1d" />
    <ns0:TestEntry testId="4d17cd84-cc90-8ecc-e21d-7a1538ea01f7" executionId="9604f875-ef74-47ac-8057-16a61e999af3" testListId="8c84fa94-04c1-424b-9868-57a2d4851a1d" />
    <ns0:TestEntry testId="8ed05b4a-8b60-c1ad-9bd8-09c3d48ab8eb" executionId="53c669e4-a5de-404d-899c-06691de2417b" testListId="8c84fa94-04c1-424b-9868-57a2d4851a1d" />
    <ns0:TestEntry testId="8cb940f9-4dac-56d4-48cb-8d8a29630b28" executionId="c342f5bf-f4e5-45ef-bd3e-c1dec60a7a87" testListId="8c84fa94-04c1-424b-9868-57a2d4851a1d" />
    <ns0:TestEntry testId="8f0127aa-1bc1-3745-41d2-ad7a2b324d6e" executionId="57a6c157-de74-4801-b1d7-0e5fcf0cf8f9" testListId="8c84fa94-04c1-424b-9868-57a2d4851a1d" />
    <ns0:TestEntry testId="7ed3240a-3eec-6e5a-f37a-581ce91f4844" executionId="60e733ad-0bfc-47f4-b167-aadab026fad5" testListId="8c84fa94-04c1-424b-9868-57a2d4851a1d" />
    <ns0:TestEntry testId="ff6c2c2f-07f9-4108-9b36-f3b5b5791903" executionId="2db69469-91cf-4a42-a501-077b044e897f" testListId="8c84fa94-04c1-424b-9868-57a2d4851a1d" />
    <ns0:TestEntry testId="22caacac-836a-7b93-1a3c-94bc60b858b3" executionId="bd994cd1-bb85-4188-84c2-0cbe23c4a4ca" testListId="8c84fa94-04c1-424b-9868-57a2d4851a1d" />
    <ns0:TestEntry testId="312de48c-012b-ac5e-d02d-993aab2ccead" executionId="285ceff1-06dd-4778-b4ba-d45e03341554" testListId="8c84fa94-04c1-424b-9868-57a2d4851a1d" />
    <ns0:TestEntry testId="aa29863a-3103-f30e-af52-d756cb7faf01" executionId="24e43cdf-6466-422b-ae74-4c70878521c2" testListId="8c84fa94-04c1-424b-9868-57a2d4851a1d" />
    <ns0:TestEntry testId="ad65df4d-f82a-51b8-4172-58567c7c3ee1" executionId="2d74fa9d-a5fb-461c-8761-be547284e8cb" testListId="8c84fa94-04c1-424b-9868-57a2d4851a1d" />
  </ns0:TestEntries>
  <ns0:TestLists>
    <ns0:TestList name="Results Not in a List" id="8c84fa94-04c1-424b-9868-57a2d4851a1d" />
    <ns0:TestList name="All Loaded Results" id="19431567-8539-422a-85d7-44ee4e166bda" />
  </ns0:TestLists>
  <ns0:ResultSummary outcome="Completed">
    <ns0:Counters total="12" executed="12" passed="12" failed="0" error="0" timeout="0" aborted="0" inconclusive="0" passedButRunAborted="0" notRunnable="0" notExecuted="0" disconnected="0" warning="0" completed="0" inProgress="0" pending="0" />
    </ns0:ResultSummary>
</ns0:TestRun>