<?xml version='1.0' encoding='utf-8'?>
<ns0:TestRun xmlns:ns0="http://microsoft.com/schemas/VisualStudio/TeamTest/2010" id="c9034173-1b24-4f85-9ca7-5593ca8cf5c4" name="@wanghongyideMacBook-Pro 2026-10-03 03:18:56">
  <ns0:Times creation="2026-10-03T03:18:56.7918790+08:00" queuing="2026-10-03T03:18:56.7918790+08:00" start="2026-10-03T03:18:56.4966390+08:00" finish="2026-10-03T03:18:56.8016570+08:00" />
  <ns0:TestSettings name="default" id="00140e78-105f-4387-bcf8-8bd9b2548c11">
    <ns0:Deployment runDeploymentRoot="_wanghongyideMacBook-Pro_2026-10-03_03_18_56" />
  </ns0:TestSettings>
  <ns0:Results>
    <ns0:UnitTestResult executionId="4032e335-f5c0-4568-9206-1c5a4379e7a2" testId="63f04c02-c003-1a13-db45-246dd75dc9a7" testName="W.DmProvider.CommandTests.ConnectionDetachReviewTests.ForeignLiveStatementCannotBeReleasedByConnectionAssignment" computerName="wanghongyideMacBook-Pro" duration="00:00:00.0004031" startTime="2026-10-03T03:18:56.7570690+08:00" endTime="2026-10-03T03:18:56.7570690+08:00" testType="13cdc9d9-ddb5-4fa4-a97d-d965ccfc6d4b" outcome="Passed" testListId="8c84fa94-04c1-424b-9868-57a2d4851a1d" relativeResultsDirectory="4032e335-f5c0-4568-9206-1c5a4379e7a2" />
    <ns0:UnitTestResult executionId="b920e826-efee-4367-9f5c-9c0d4631919b" testId="0f8aab1a-8a02-7213-dca1-2250157a3563" testName="W.DmProvider.CommandTests.ConnectionDetachReviewTests.BusyOriginalSessionRejectsDetachWithoutClearingStatementOrBreakingOtherOwner" computerName="wanghongyideMacBook-Pro" duration="00:00:00.0025431" startTime="2026-10-03T03:18:56.7684460+08:00" endTime="2026-10-03T03:18:56.7684460+08:00" testType="13cdc9d9-ddb5-4fa4-a97d-d965ccfc6d4b" outcome="Passed" testListId="8c84fa94-04c1-424b-9868-57a2d4851a1d" relativeResultsDirectory="b920e826-efee-4367-9f5c-9c0d4631919b" />
    <ns0:UnitTestResult executionId="355a5957-1f6c-446b-a637-b99807e37074" testId="e118e6fe-71f6-d7ab-084b-9b640ee7ae87" testName="W.DmProvider.CommandTests.ResultCursorTests.AffectedRowCountOverflowIsExplicit" computerName="wanghongyideMacBook-Pro" duration="00:00:00.0001490" startTime="2026-10-03T03:18:56.7800650+08:00" endTime="2026-10-03T03:18:56.7800650+08:00" testType="13cdc9d9-ddb5-4fa4-a97d-d965ccfc6d4b" outcome="Passed" testListId="8c84fa94-04c1-424b-9868-57a2d4851a1d" relativeResultsDirectory="355a5957-1f6c-446b-a637-b99807e37074" />
    <ns0:UnitTestResult executionId="8d59a793-655a-4568-88c3-68c50d9fd613" testId="f51db314-d415-8e3c-d826-cfb7a9829965" testName="W.DmProvider.CommandTests.ResultCursorTests.ProvenDmlCountBecomesUnknownWhenCompoundRowsetCanHideAnotherDml" computerName="wanghongyideMacBook-Pro" duration="00:00:00.0000699" startTime="2026-10-03T03:18:56.7800480+08:00" endTime="2026-10-03T03:18:56.7800480+08:00" testType="13cdc9d9-ddb5-4fa4-a97d-d965ccfc6d4b" outcome="Passed" testListId="8c84fa94-04c1-424b-9868-57a2d4851a1d" relativeResultsDirectory="8d59a793-655a-4568-88c3-68c50d9fd613" />
    <ns0:UnitTestResult executionId="fa52e2be-f4dc-434d-8760-e270c13a2287" testId="cf2b4a42-0e13-6b99-c5b1-40f5244165c7" testName="W.DmProvider.CommandTests.ConnectionDetachReviewTests.CapturedExecutionRejectsDetachAndRebindUntilItsPlanIsReleased" computerName="wanghongyideMacBook-Pro" duration="00:00:00.0038571" startTime="2026-10-03T03:18:56.7614540+08:00" endTime="2026-10-03T03:18:56.7614540+08:00" testType="13cdc9d9-ddb5-4fa4-a97d-d965ccfc6d4b" outcome="Passed" testListId="8c84fa94-04c1-424b-9868-57a2d4851a1d" relativeResultsDirectory="fa52e2be-f4dc-434d-8760-e270c13a2287" />
    <ns0:UnitTestResult executionId="a70110ec-fe0c-449e-8718-958349761f83" testId="5a03cfd4-6793-5e81-c7e0-3aae91cf1fed" testName="W.DmProvider.CommandTests.CommandPlanTests.DisposeWhilePlanIsCapturedRejectsExecutionAndReleasesGateWithoutWire" computerName="wanghongyideMacBook-Pro" duration="00:00:00.0009191" startTime="2026-10-03T03:18:56.7800880+08:00" endTime="2026-10-03T03:18:56.7800880+08:00" testType="13cdc9d9-ddb5-4fa4-a97d-d965ccfc6d4b" outcome="Passed" testListId="8c84fa94-04c1-424b-9868-57a2d4851a1d" relativeResultsDirectory="a70110ec-fe0c-449e-8718-958349761f83" />
    <ns0:UnitTestResult executionId="0bada451-d946-4bc9-aeed-5aa5a7a77780" testId="43baa8c8-0e54-34ac-f713-6af20950fef5" testName="W.DmProvider.CommandTests.ConnectionDetachReviewTests.ActiveTransactionRejectsConnectionChangeAndExplicitClearResetsSerial" computerName="wanghongyideMacBook-Pro" duration="00:00:00.0002487" startTime="2026-10-03T03:18:56.7658830+08:00" endTime="2026-10-03T03:18:56.7658830+08:00" testType="13cdc9d9-ddb5-4fa4-a97d-d965ccfc6d4b" outcome="Passed" testListId="8c84fa94-04c1-424b-9868-57a2d4851a1d" relativeResultsDirectory="0bada451-d946-4bc9-aeed-5aa5a7a77780" />
    <ns0:UnitTestResult executionId="7e490a17-4505-460f-8621-eb5ef488aa4a" testId="14d868aa-0b59-f2a8-b08a-4ed314955a88" testName="W.DmProvider.CommandTests.CommandPlanTests.CapturedPlanRejectsConcurrentMutationAndCopiesBinaryParameter" computerName="wanghongyideMacBook-Pro" duration="00:00:00.0011547" startTime="2026-10-03T03:18:56.7801010+08:00" endTime="2026-10-03T03:18:56.7801010+08:00" testType="13cdc9d9-ddb5-4fa4-a97d-d965ccfc6d4b" outcome="Passed" testListId="8c84fa94-04c1-424b-9868-57a2d4851a1d" relativeResultsDirectory="7e490a17-4505-460f-8621-eb5ef488aa4a" />
    <ns0:UnitTestResult executionId="6fe80113-90b4-44c8-98f1-62a43962494f" testId="1ae106c7-40f1-64bf-9f38-711014373799" testName="W.DmProvider.CommandTests.ConnectionDetachReviewTests.PublicNullAssignmentDetachesAndEveryExecutionEntryRejectsWithoutWire" computerName="wanghongyideMacBook-Pro" duration="00:00:00.0035650" startTime="2026-10-03T03:18:56.7656190+08:00" endTime="2026-10-03T03:18:56.7656190+08:00" testType="13cdc9d9-ddb5-4fa4-a97d-d965ccfc6d4b" outcome="Passed" testListId="8c84fa94-04c1-424b-9868-57a2d4851a1d" relativeResultsDirectory="6fe80113-90b4-44c8-98f1-62a43962494f" />
    <ns0:UnitTestResult executionId="6dd35aff-fead-4652-a28c-bfcee21ffd8d" testId="8f8bbd93-59c3-63fb-6c4c-6b26af4d4431" testName="W.DmProvider.CommandTests.ConnectionDetachReviewTests.DetachClearsCompletedTransactionWithoutReleasingItsControlStatement" computerName="wanghongyideMacBook-Pro" duration="00:00:00.0125074" startTime="2026-10-03T03:18:56.7559310+08:00" endTime="2026-10-03T03:18:56.7559410+08:00" testType="13cdc9d9-ddb5-4fa4-a97d-d965ccfc6d4b" outcome="Passed" testListId="8c84fa94-04c1-424b-9868-57a2d4851a1d" relativeResultsDirectory="6dd35aff-fead-4652-a28c-bfcee21ffd8d" />
    <ns0:UnitTestResult executionId="eb6165fb-c51f-4b76-906e-feb00d08d812" testId="12c910e9-a78e-ee29-2a33-8d3c665ceae1" testName="W.DmProvider.CommandTests.CommandPlanTests.PublicChangeNameRejectsForgedOldNameWithoutCorruptingIndex" computerName="wanghongyideMacBook-Pro" duration="00:00:00.0002924" startTime="2026-10-03T03:18:56.7801460+08:00" endTime="2026-10-03T03:18:56.7801460+08:00" testType="13cdc9d9-ddb5-4fa4-a97d-d965ccfc6d4b" outcome="Passed" testListId="8c84fa94-04c1-424b-9868-57a2d4851a1d" relativeResultsDirectory="eb6165fb-c51f-4b76-906e-feb00d08d812" />
    <ns0:UnitTestResult executionId="6eaec7e8-fd9a-416f-a666-47cffca53659" testId="bb3644d1-1d00-2863-0407-41859ee10d7b" testName="W.DmProvider.CommandTests.CleanupDeadlineTests.ExpiredBusinessDeadlineGetsIndependentFiniteCleanupBudget" computerName="wanghongyideMacBook-Pro" duration="00:00:00.0001974" startTime="2026-10-03T03:18:56.7716430+08:00" endTime="2026-10-03T03:18:56.7716430+08:00" testType="13cdc9d9-ddb5-4fa4-a97d-d965ccfc6d4b" outcome="Passed" testListId="8c84fa94-04c1-424b-9868-57a2d4851a1d" relativeResultsDirectory="6eaec7e8-fd9a-416f-a666-47cffca53659" />
    <ns0:UnitTestResult executionId="edc3338a-ed58-495f-be82-e94abc66cd5c" testId="d4ad3864-08ce-8fd0-01fd-84c989650abb" testName="W.DmProvider.CommandTests.CommandPlanTests.UnsupportedSchemaOnlyKeyInfoCombinationRejectsBeforeConnectionUse" computerName="wanghongyideMacBook-Pro" duration="00:00:00.0000765" startTime="2026-10-03T03:18:56.7801130+08:00" endTime="2026-10-03T03:18:56.7801130+08:00" testType="13cdc9d9-ddb5-4fa4-a97d-d965ccfc6d4b" outcome="Passed" testListId="8c84fa94-04c1-424b-9868-57a2d4851a1d" relativeResultsDirectory="edc3338a-ed58-495f-be82-e94abc66cd5c" />
    <ns0:UnitTestResult executionId="fa82c53e-88b8-46cb-b344-59de35b0506e" testId="1fdf0f0b-680f-3f1f-2a98-ace26ee3344e" testName="W.DmProvider.CommandTests.ResultCursorTests.PureSelectRowCountNeverBecomesAffectedRowCount" computerName="wanghongyideMacBook-Pro" duration="00:00:00.0004578" startTime="2026-10-03T03:18:56.7799920+08:00" endTime="2026-10-03T03:18:56.7799920+08:00" testType="13cdc9d9-ddb5-4fa4-a97d-d965ccfc6d4b" outcome="Passed" testListId="8c84fa94-04c1-424b-9868-57a2d4851a1d" relativeResultsDirectory="fa82c53e-88b8-46cb-b344-59de35b0506e" />
    <ns0:UnitTestResult executionId="da29057a-67d5-4e88-95b8-ef2bfebf150f" testId="cc1eaa0b-20e0-feec-84c6-956a3ce796d6" testName="W.DmProvider.CommandTests.CleanupDeadlineTests.InfiniteCommandTimeoutStillUsesFiniteCleanupBudget" computerName="wanghongyideMacBook-Pro" duration="00:00:00.0003845" startTime="2026-10-03T03:18:56.7714380+08:00" endTime="2026-10-03T03:18:56.7714380+08:00" testType="13cdc9d9-ddb5-4fa4-a97d-d965ccfc6d4b" outcome="Passed" testListId="8c84fa94-04c1-424b-9868-57a2d4851a1d" relativeResultsDirectory="da29057a-67d5-4e88-95b8-ef2bfebf150f" />
    <ns0:UnitTestResult executionId="ccce7e3d-cef0-486c-ac41-9f900c5ab54b" testId="abeedf17-c456-18bb-cde7-f5729ea1a5c8" testName="W.DmProvider.CommandTests.ConnectionDetachReviewTests.RebindPreservesCommandAndParametersButResetsConnectionScopedState" computerName="wanghongyideMacBook-Pro" duration="00:00:00.0013215" startTime="2026-10-03T03:18:56.7697820+08:00" endTime="2026-10-03T03:18:56.7697820+08:00" testType="13cdc9d9-ddb5-4fa4-a97d-d965ccfc6d4b" outcome="Passed" testListId="8c84fa94-04c1-424b-9868-57a2d4851a1d" relativeResultsDirectory="ccce7e3d-cef0-486c-ac41-9f900c5ab54b" />
  </ns0:Results>
  <ns0:TestDefinitions>
    <ns0:UnitTest name="W.DmProvider.CommandTests.ConnectionDetachReviewTests.BusyOriginalSessionRejectsDetachWithoutClearingStatementOrBreakingOtherOwner" storage="/users/wanghongyi/projects/w.dmprovider/.local/verification/r3/t18/frozen-source-v2/source/tests/w.dmprovider.commandtests/bin/release/net10.0/w.dmprovider.commandtests.dll" id="0f8aab1a-8a02-7213-dca1-2250157a3563">
      <ns0:Execution id="b920e826-efee-4367-9f5c-9c0d4631919b" />
      <ns0:TestMethod codeBase="/Users/wanghongyi/Projects/W.DmProvider/.local/verification/r3/t18/frozen-source-v2/source/tests/W.DmProvider.CommandTests/bin/Release/net10.0/W.DmProvider.CommandTests.dll" adapterTypeName="executor://xunit/VsTestRunner2/netcoreapp" className="W.DmProvider.CommandTests.ConnectionDetachReviewTests" name="BusyOriginalSessionRejectsDetachWithoutClearingStatementOrBreakingOtherOwner" />
    </ns0:UnitTest>
    <ns0:UnitTest name="W.DmProvider.CommandTests.CleanupDeadlineTests.ExpiredBusinessDeadlineGetsIndependentFiniteCleanupBudget" storage="/users/wanghongyi/projects/w.dmprovider/.local/verification/r3/t18/frozen-source-v2/source/tests/w.dmprovider.commandtests/bin/release/net10.0/w.dmprovider.commandtests.dll" id="bb3644d1-1d00-2863-0407-41859ee10d7b">
      <ns0:Execution id="6eaec7e8-fd9a-416f-a666-47cffca53659" />
      <ns0:TestMethod codeBase="/Users/wanghongyi/Projects/W.DmProvider/.local/verification/r3/t18/frozen-source-v2/source/tests/W.DmProvider.CommandTests/bin/Release/net10.0/W.DmProvider.CommandTests.dll" adapterTypeName="executor://xunit/VsTestRunner2/netcoreapp" className="W.DmProvider.CommandTests.CleanupDeadlineTests" name="ExpiredBusinessDeadlineGetsIndependentFiniteCleanupBudget" />
    </ns0:UnitTest>
    <ns0:UnitTest name="W.DmProvider.CommandTests.ConnectionDetachReviewTests.ForeignLiveStatementCannotBeReleasedByConnectionAssignment" storage="/users/wanghongyi/projects/w.dmprovider/.local/verification/r3/t18/frozen-source-v2/source/tests/w.dmprovider.commandtests/bin/release/net10.0/w.dmprovider.commandtests.dll" id="63f04c02-c003-1a13-db45-246dd75dc9a7">
      <ns0:Execution id="4032e335-f5c0-4568-9206-1c5a4379e7a2" />
      <ns0:TestMethod codeBase="/Users/wanghongyi/Projects/W.DmProvider/.local/verification/r3/t18/frozen-source-v2/source/tests/W.DmProvider.CommandTests/bin/Release/net10.0/W.DmProvider.CommandTests.dll" adapterTypeName="executor://xunit/VsTestRunner2/netcoreapp" className="W.DmProvider.CommandTests.ConnectionDetachReviewTests" name="ForeignLiveStatementCannotBeReleasedByConnectionAssignment" />
    </ns0:UnitTest>
    <ns0:UnitTest name="W.DmProvider.CommandTests.CommandPlanTests.DisposeWhilePlanIsCapturedRejectsExecutionAndReleasesGateWithoutWire" storage="/users/wanghongyi/projects/w.dmprovider/.local/verification/r3/t18/frozen-source-v2/source/tests/w.dmprovider.commandtests/bin/release/net10.0/w.dmprovider.commandtests.dll" id="5a03cfd4-6793-5e81-c7e0-3aae91cf1fed">
      <ns0:Execution id="a70110ec-fe0c-449e-8718-958349761f83" />
      <ns0:TestMethod codeBase="/Users/wanghongyi/Projects/W.DmProvider/.local/verification/r3/t18/frozen-source-v2/source/tests/W.DmProvider.CommandTests/bin/Release/net10.0/W.DmProvider.CommandTests.dll" adapterTypeName="executor://xunit/VsTestRunner2/netcoreapp" className="W.DmProvider.CommandTests.CommandPlanTests" name="DisposeWhilePlanIsCapturedRejectsExecutionAndReleasesGateWithoutWire" />
    </ns0:UnitTest>
    <ns0:UnitTest name="W.DmProvider.CommandTests.ConnectionDetachReviewTests.DetachClearsCompletedTransactionWithoutReleasingItsControlStatement" storage="/users/wanghongyi/projects/w.dmprovider/.local/verification/r3/t18/frozen-source-v2/source/tests/w.dmprovider.commandtests/bin/release/net10.0/w.dmprovider.commandtests.dll" id="8f8bbd93-59c3-63fb-6c4c-6b26af4d4431">
      <ns0:Execution id="6dd35aff-fead-4652-a28c-bfcee21ffd8d" />
      <ns0:TestMethod codeBase="/Users/wanghongyi/Projects/W.DmProvider/.local/verification/r3/t18/frozen-source-v2/source/tests/W.DmProvider.CommandTests/bin/Release/net10.0/W.DmProvider.CommandTests.dll" adapterTypeName="executor://xunit/VsTestRunner2/netcoreapp" className="W.DmProvider.CommandTests.ConnectionDetachReviewTests" name="DetachClearsCompletedTransactionWithoutReleasingItsControlStatement" />
    </ns0:UnitTest>
    <ns0:UnitTest name="W.DmProvider.CommandTests.CleanupDeadlineTests.InfiniteCommandTimeoutStillUsesFiniteCleanupBudget" storage="/users/wanghongyi/projects/w.dmprovider/.local/verification/r3/t18/frozen-source-v2/source/tests/w.dmprovider.commandtests/bin/release/net10.0/w.dmprovider.commandtests.dll" id="cc1eaa0b-20e0-feec-84c6-956a3ce796d6">
      <ns0:Execution id="da29057a-67d5-4e88-95b8-ef2bfebf150f" />
      <ns0:TestMethod codeBase="/Users/wanghongyi/Projects/W.DmProvider/.local/verification/r3/t18/frozen-source-v2/source/tests/W.DmProvider.CommandTests/bin/Release/net10.0/W.DmProvider.CommandTests.dll" adapterTypeName="executor://xunit/VsTestRunner2/netcoreapp" className="W.DmProvider.CommandTests.CleanupDeadlineTests" name="InfiniteCommandTimeoutStillUsesFiniteCleanupBudget" />
    </ns0:UnitTest>
    <ns0:UnitTest name="W.DmProvider.CommandTests.CommandPlanTests.PublicChangeNameRejectsForgedOldNameWithoutCorruptingIndex" storage="/users/wanghongyi/projects/w.dmprovider/.local/verification/r3/t18/frozen-source-v2/source/tests/w.dmprovider.commandtests/bin/release/net10.0/w.dmprovider.commandtests.dll" id="12c910e9-a78e-ee29-2a33-8d3c665ceae1">
      <ns0:Execution id="eb6165fb-c51f-4b76-906e-feb00d08d812" />
      <ns0:TestMethod codeBase="/Users/wanghongyi/Projects/W.DmProvider/.local/verification/r3/t18/frozen-source-v2/source/tests/W.DmProvider.CommandTests/bin/Release/net10.0/W.DmProvider.CommandTests.dll" adapterTypeName="executor://xunit/VsTestRunner2/netcoreapp" className="W.DmProvider.CommandTests.CommandPlanTests" name="PublicChangeNameRejectsForgedOldNameWithoutCorruptingIndex" />
    </ns0:UnitTest>
    <ns0:UnitTest name="W.DmProvider.CommandTests.ConnectionDetachReviewTests.CapturedExecutionRejectsDetachAndRebindUntilItsPlanIsReleased" storage="/users/wanghongyi/projects/w.dmprovider/.local/verification/r3/t18/frozen-source-v2/source/tests/w.dmprovider.commandtests/bin/release/net10.0/w.dmprovider.commandtests.dll" id="cf2b4a42-0e13-6b99-c5b1-40f5244165c7">
      <ns0:Execution id="fa52e2be-f4dc-434d-8760-e270c13a2287" />
      <ns0:TestMethod codeBase="/Users/wanghongyi/Projects/W.DmProvider/.local/verification/r3/t18/frozen-source-v2/source/tests/W.DmProvider.CommandTests/bin/Release/net10.0/W.DmProvider.CommandTests.dll" adapterTypeName="executor://xunit/VsTestRunner2/netcoreapp" className="W.DmProvider.CommandTests.ConnectionDetachReviewTests" name="CapturedExecutionRejectsDetachAndRebindUntilItsPlanIsReleased" />
    </ns0:UnitTest>
    <ns0:UnitTest name="W.DmProvider.CommandTests.CommandPlanTests.UnsupportedSchemaOnlyKeyInfoCombinationRejectsBeforeConnectionUse" storage="/users/wanghongyi/projects/w.dmprovider/.local/verification/r3/t18/frozen-source-v2/source/tests/w.dmprovider.commandtests/bin/release/net10.0/w.dmprovider.commandtests.dll" id="d4ad3864-08ce-8fd0-01fd-84c989650abb">
      <ns0:Execution id="edc3338a-ed58-495f-be82-e94abc66cd5c" />
      <ns0:TestMethod codeBase="/Users/wanghongyi/Projects/W.DmProvider/.local/verification/r3/t18/frozen-source-v2/source/tests/W.DmProvider.CommandTests/bin/Release/net10.0/W.DmProvider.CommandTests.dll" adapterTypeName="executor://xunit/VsTestRunner2/netcoreapp" className="W.DmProvider.CommandTests.CommandPlanTests" name="UnsupportedSchemaOnlyKeyInfoCombinationRejectsBeforeConnectionUse" />
    </ns0:UnitTest>
    <ns0:UnitTest name="W.DmProvider.CommandTests.ConnectionDetachReviewTests.RebindPreservesCommandAndParametersButResetsConnectionScopedState" storage="/users/wanghongyi/projects/w.dmprovider/.local/verification/r3/t18/frozen-source-v2/source/tests/w.dmprovider.commandtests/bin/release/net10.0/w.dmprovider.commandtests.dll" id="abeedf17-c456-18bb-cde7-f5729ea1a5c8">
      <ns0:Execution id="ccce7e3d-cef0-486c-ac41-9f900c5ab54b" />
      <ns0:TestMethod codeBase="/Users/wanghongyi/Projects/W.DmProvider/.local/verification/r3/t18/frozen-source-v2/source/tests/W.DmProvider.CommandTests/bin/Release/net10.0/W.DmProvider.CommandTests.dll" adapterTypeName="executor://xunit/VsTestRunner2/netcoreapp" className="W.DmProvider.CommandTests.ConnectionDetachReviewTests" name="RebindPreservesCommandAndParametersButResetsConnectionScopedState" />
    </ns0:UnitTest>
    <ns0:UnitTest name="W.DmProvider.CommandTests.CommandPlanTests.CapturedPlanRejectsConcurrentMutationAndCopiesBinaryParameter" storage="/users/wanghongyi/projects/w.dmprovider/.local/verification/r3/t18/frozen-source-v2/source/tests/w.dmprovider.commandtests/bin/release/net10.0/w.dmprovider.commandtests.dll" id="14d868aa-0b59-f2a8-b08a-4ed314955a88">
      <ns0:Execution id="7e490a17-4505-460f-8621-eb5ef488aa4a" />
      <ns0:TestMethod codeBase="/Users/wanghongyi/Projects/W.DmProvider/.local/verification/r3/t18/frozen-source-v2/source/tests/W.DmProvider.CommandTests/bin/Release/net10.0/W.DmProvider.CommandTests.dll" adapterTypeName="executor://xunit/VsTestRunner2/netcoreapp" className="W.DmProvider.CommandTests.CommandPlanTests" name="CapturedPlanRejectsConcurrentMutationAndCopiesBinaryParameter" />
    </ns0:UnitTest>
    <ns0:UnitTest name="W.DmProvider.CommandTests.ResultCursorTests.PureSelectRowCountNeverBecomesAffectedRowCount" storage="/users/wanghongyi/projects/w.dmprovider/.local/verification/r3/t18/frozen-source-v2/source/tests/w.dmprovider.commandtests/bin/release/net10.0/w.dmprovider.commandtests.dll" id="1fdf0f0b-680f-3f1f-2a98-ace26ee3344e">
      <ns0:Execution id="fa82c53e-88b8-46cb-b344-59de35b0506e" />
      <ns0:TestMethod codeBase="/Users/wanghongyi/Projects/W.DmProvider/.local/verification/r3/t18/frozen-source-v2/source/tests/W.DmProvider.CommandTests/bin/Release/net10.0/W.DmProvider.CommandTests.dll" adapterTypeName="executor://xunit/VsTestRunner2/netcoreapp" className="W.DmProvider.CommandTests.ResultCursorTests" name="PureSelectRowCountNeverBecomesAffectedRowCount" />
    </ns0:UnitTest>
    <ns0:UnitTest name="W.DmProvider.CommandTests.ResultCursorTests.AffectedRowCountOverflowIsExplicit" storage="/users/wanghongyi/projects/w.dmprovider/.local/verification/r3/t18/frozen-source-v2/source/tests/w.dmprovider.commandtests/bin/release/net10.0/w.dmprovider.commandtests.dll" id="e118e6fe-71f6-d7ab-084b-9b640ee7ae87">
      <ns0:Execution id="355a5957-1f6c-446b-a637-b99807e37074" />
      <ns0:TestMethod codeBase="/Users/wanghongyi/Projects/W.DmProvider/.local/verification/r3/t18/frozen-source-v2/source/tests/W.DmProvider.CommandTests/bin/Release/net10.0/W.DmProvider.CommandTests.dll" adapterTypeName="executor://xunit/VsTestRunner2/netcoreapp" className="W.DmProvider.CommandTests.ResultCursorTests" name="AffectedRowCountOverflowIsExplicit" />
    </ns0:UnitTest>
    <ns0:UnitTest name="W.DmProvider.CommandTests.ConnectionDetachReviewTests.PublicNullAssignmentDetachesAndEveryExecutionEntryRejectsWithoutWire" storage="/users/wanghongyi/projects/w.dmprovider/.local/verification/r3/t18/frozen-source-v2/source/tests/w.dmprovider.commandtests/bin/release/net10.0/w.dmprovider.commandtests.dll" id="1ae106c7-40f1-64bf-9f38-711014373799">
      <ns0:Execution id="6fe80113-90b4-44c8-98f1-62a43962494f" />
      <ns0:TestMethod codeBase="/Users/wanghongyi/Projects/W.DmProvider/.local/verification/r3/t18/frozen-source-v2/source/tests/W.DmProvider.CommandTests/bin/Release/net10.0/W.DmProvider.CommandTests.dll" adapterTypeName="executor://xunit/VsTestRunner2/netcoreapp" className="W.DmProvider.CommandTests.ConnectionDetachReviewTests" name="PublicNullAssignmentDetachesAndEveryExecutionEntryRejectsWithoutWire" />
    </ns0:UnitTest>
    <ns0:UnitTest name="W.DmProvider.CommandTests.ResultCursorTests.ProvenDmlCountBecomesUnknownWhenCompoundRowsetCanHideAnotherDml" storage="/users/wanghongyi/projects/w.dmprovider/.local/verification/r3/t18/frozen-source-v2/source/tests/w.dmprovider.commandtests/bin/release/net10.0/w.dmprovider.commandtests.dll" id="f51db314-d415-8e3c-d826-cfb7a9829965">
      <ns0:Execution id="8d59a793-655a-4568-88c3-68c50d9fd613" />
      <ns0:TestMethod codeBase="/Users/wanghongyi/Projects/W.DmProvider/.local/verification/r3/t18/frozen-source-v2/source/tests/W.DmProvider.CommandTests/bin/Release/net10.0/W.DmProvider.CommandTests.dll" adapterTypeName="executor://xunit/VsTestRunner2/netcoreapp" className="W.DmProvider.CommandTests.ResultCursorTests" name="ProvenDmlCountBecomesUnknownWhenCompoundRowsetCanHideAnotherDml" />
    </ns0:UnitTest>
    <ns0:UnitTest name="W.DmProvider.CommandTests.ConnectionDetachReviewTests.ActiveTransactionRejectsConnectionChangeAndExplicitClearResetsSerial" storage="/users/wanghongyi/projects/w.dmprovider/.local/verification/r3/t18/frozen-source-v2/source/tests/w.dmprovider.commandtests/bin/release/net10.0/w.dmprovider.commandtests.dll" id="43baa8c8-0e54-34ac-f713-6af20950fef5">
      <ns0:Execution id="0bada451-d946-4bc9-aeed-5aa5a7a77780" />
      <ns0:TestMethod codeBase="/Users/wanghongyi/Projects/W.DmProvider/.local/verification/r3/t18/frozen-source-v2/source/tests/W.DmProvider.CommandTests/bin/Release/net10.0/W.DmProvider.CommandTests.dll" adapterTypeName="executor://xunit/VsTestRunner2/netcoreapp" className="W.DmProvider.CommandTests.ConnectionDetachReviewTests" name="ActiveTransactionRejectsConnectionChangeAndExplicitClearResetsSerial" />
    </ns0:UnitTest>
  </ns0:TestDefinitions>
  <ns0:TestEntries>
    <ns0:TestEntry testId="63f04c02-c003-1a13-db45-246dd75dc9a7" executionId="4032e335-f5c0-4568-9206-1c5a4379e7a2" testListId="8c84fa94-04c1-424b-9868-57a2d4851a1d" />
    <ns0:TestEntry testId="0f8aab1a-8a02-7213-dca1-2250157a3563" executionId="b920e826-efee-4367-9f5c-9c0d4631919b" testListId="8c84fa94-04c1-424b-9868-57a2d4851a1d" />
    <ns0:TestEntry testId="e118e6fe-71f6-d7ab-084b-9b640ee7ae87" executionId="355a5957-1f6c-446b-a637-b99807e37074" testListId="8c84fa94-04c1-424b-9868-57a2d4851a1d" />
    <ns0:TestEntry testId="f51db314-d415-8e3c-d826-cfb7a9829965" executionId="8d59a793-655a-4568-88c3-68c50d9fd613" testListId="8c84fa94-04c1-424b-9868-57a2d4851a1d" />
    <ns0:TestEntry testId="cf2b4a42-0e13-6b99-c5b1-40f5244165c7" executionId="fa52e2be-f4dc-434d-8760-e270c13a2287" testListId="8c84fa94-04c1-424b-9868-57a2d4851a1d" />
    <ns0:TestEntry testId="5a03cfd4-6793-5e81-c7e0-3aae91cf1fed" executionId="a70110ec-fe0c-449e-8718-958349761f83" testListId="8c84fa94-04c1-424b-9868-57a2d4851a1d" />
    <ns0:TestEntry testId="43baa8c8-0e54-34ac-f713-6af20950fef5" executionId="0bada451-d946-4bc9-aeed-5aa5a7a77780" testListId="8c84fa94-04c1-424b-9868-57a2d4851a1d" />
    <ns0:TestEntry testId="14d868aa-0b59-f2a8-b08a-4ed314955a88" executionId="7e490a17-4505-460f-8621-eb5ef488aa4a" testListId="8c84fa94-04c1-424b-9868-57a2d4851a1d" />
    <ns0:TestEntry testId="1ae106c7-40f1-64bf-9f38-711014373799" executionId="6fe80113-90b4-44c8-98f1-62a43962494f" testListId="8c84fa94-04c1-424b-9868-57a2d4851a1d" />
    <ns0:TestEntry testId="8f8bbd93-59c3-63fb-6c4c-6b26af4d4431" executionId="6dd35aff-fead-4652-a28c-bfcee21ffd8d" testListId="8c84fa94-04c1-424b-9868-57a2d4851a1d" />
    <ns0:TestEntry testId="12c910e9-a78e-ee29-2a33-8d3c665ceae1" executionId="eb6165fb-c51f-4b76-906e-feb00d08d812" testListId="8c84fa94-04c1-424b-9868-57a2d4851a1d" />
    <ns0:TestEntry testId="bb3644d1-1d00-2863-0407-41859ee10d7b" executionId="6eaec7e8-fd9a-416f-a666-47cffca53659" testListId="8c84fa94-04c1-424b-9868-57a2d4851a1d" />
    <ns0:TestEntry testId="d4ad3864-08ce-8fd0-01fd-84c989650abb" executionId="edc3338a-ed58-495f-be82-e94abc66cd5c" testListId="8c84fa94-04c1-424b-9868-57a2d4851a1d" />
    <ns0:TestEntry testId="1fdf0f0b-680f-3f1f-2a98-ace26ee3344e" executionId="fa82c53e-88b8-46cb-b344-59de35b0506e" testListId="8c84fa94-04c1-424b-9868-57a2d4851a1d" />
    <ns0:TestEntry testId="cc1eaa0b-20e0-feec-84c6-956a3ce796d6" executionId="da29057a-67d5-4e88-95b8-ef2bfebf150f" testListId="8c84fa94-04c1-424b-9868-57a2d4851a1d" />
    <ns0:TestEntry testId="abeedf17-c456-18bb-cde7-f5729ea1a5c8" executionId="ccce7e3d-cef0-486c-ac41-9f900c5ab54b" testListId="8c84fa94-04c1-424b-9868-57a2d4851a1d" />
  </ns0:TestEntries>
  <ns0:TestLists>
    <ns0:TestList name="Results Not in a List" id="8c84fa94-04c1-424b-9868-57a2d4851a1d" />
    <ns0:TestList name="All Loaded Results" id="19431567-8539-422a-85d7-44ee4e166bda" />
  </ns0:TestLists>
  <ns0:ResultSummary outcome="Completed">
    <ns0:Counters total="16" executed="16" passed="16" failed="0" error="0" timeout="0" aborted="0" inconclusive="0" passedButRunAborted="0" notRunnable="0" notExecuted="0" disconnected="0" warning="0" completed="0" inProgress="0" pending="0" />
    </ns0:ResultSummary>
</ns0:TestRun>