<?xml version='1.0' encoding='utf-8'?>
<ns0:TestRun xmlns:ns0="http://microsoft.com/schemas/VisualStudio/TeamTest/2010" id="94404a14-fb24-4aa1-ab2f-b7414caf7f3e" name="@wanghongyideMacBook-Pro 2026-10-03 03:18:48">
  <ns0:Times creation="2026-10-03T03:18:48.3691200+08:00" queuing="2026-10-03T03:18:48.3691200+08:00" start="2026-10-03T03:18:48.0687120+08:00" finish="2026-10-03T03:18:54.5728510+08:00" />
  <ns0:TestSettings name="default" id="38b67d98-985f-4fe7-b241-e63d5fb6bb45">
    <ns0:Deployment runDeploymentRoot="_wanghongyideMacBook-Pro_2026-10-03_03_18_48" />
  </ns0:TestSettings>
  <ns0:Results>
    <ns0:UnitTestResult executionId="0d37d308-ad30-4886-b54a-966b665218b4" testId="c2e588d7-c5ab-a805-daf0-77721f823204" testName="W.DmProvider.SecurityTests.TlsOptionsTests.OptionsKeepConfiguredTargetAndOnlineRevocationDefault" computerName="wanghongyideMacBook-Pro" duration="00:00:00.1427350" startTime="2026-10-03T03:18:53.4112330+08:00" endTime="2026-10-03T03:18:53.4112330+08:00" testType="13cdc9d9-ddb5-4fa4-a97d-d965ccfc6d4b" outcome="Passed" testListId="8c84fa94-04c1-424b-9868-57a2d4851a1d" relativeResultsDirectory="0d37d308-ad30-4886-b54a-966b665218b4" />
    <ns0:UnitTestResult executionId="514f3455-58d6-4e84-86f7-f2cf16c44340" testId="9a709573-0898-71a2-1408-75ab7e886ec9" testName="W.DmProvider.SecurityTests.TlsTransportTests.ExpiredServerCertificateFailsClosed" computerName="wanghongyideMacBook-Pro" duration="00:00:00.2753282" startTime="2026-10-03T03:18:51.2912900+08:00" endTime="2026-10-03T03:18:51.2912900+08:00" testType="13cdc9d9-ddb5-4fa4-a97d-d965ccfc6d4b" outcome="Passed" testListId="8c84fa94-04c1-424b-9868-57a2d4851a1d" relativeResultsDirectory="514f3455-58d6-4e84-86f7-f2cf16c44340" />
    <ns0:UnitTestResult executionId="e83f7e40-8c75-4f4c-a752-61bcc3d030f6" testId="00143dfc-666b-f13a-51c5-1481d5385060" testName="W.DmProvider.SecurityTests.NegotiationPolicyTests.AuthenticationOnlyAndUnsupportedModesFailBeforeLogin" computerName="wanghongyideMacBook-Pro" duration="00:00:00.0000058" startTime="2026-10-03T03:18:48.3560930+08:00" endTime="2026-10-03T03:18:48.3560940+08:00" testType="13cdc9d9-ddb5-4fa4-a97d-d965ccfc6d4b" outcome="Passed" testListId="8c84fa94-04c1-424b-9868-57a2d4851a1d" relativeResultsDirectory="e83f7e40-8c75-4f4c-a752-61bcc3d030f6" />
    <ns0:UnitTestResult executionId="79cd447a-f752-4934-97dd-c781cba19899" testId="719042bb-0383-bde5-0833-d0ec751e2cab" testName="W.DmProvider.SecurityTests.NativeLibraryTests.WrongArchitectureReportsSanitizedFailure" computerName="wanghongyideMacBook-Pro" duration="00:00:00.0001092" startTime="2026-10-03T03:18:48.3461710+08:00" endTime="2026-10-03T03:18:48.3461710+08:00" testType="13cdc9d9-ddb5-4fa4-a97d-d965ccfc6d4b" outcome="Passed" testListId="8c84fa94-04c1-424b-9868-57a2d4851a1d" relativeResultsDirectory="79cd447a-f752-4934-97dd-c781cba19899" />
    <ns0:UnitTestResult executionId="31df968c-1721-4256-a4f5-0bcb5d684386" testId="4cc3d041-bb8d-5ada-06b4-1815177fc9e8" testName="W.DmProvider.SecurityTests.NegotiationPolicyTests.FullStreamTlsModesAlwaysRequireCertificateValidatedUpgrade" computerName="wanghongyideMacBook-Pro" duration="00:00:00.0000656" startTime="2026-10-03T03:18:48.3559700+08:00" endTime="2026-10-03T03:18:48.3559700+08:00" testType="13cdc9d9-ddb5-4fa4-a97d-d965ccfc6d4b" outcome="Passed" testListId="8c84fa94-04c1-424b-9868-57a2d4851a1d" relativeResultsDirectory="31df968c-1721-4256-a4f5-0bcb5d684386" />
    <ns0:UnitTestResult executionId="be9ff3b1-1dad-43e8-8880-1e575e40c46e" testId="d544fa27-8f7b-f2f1-d4d2-cb31d692a632" testName="W.DmProvider.SecurityTests.TlsOptionsTests.EphemeralAuthorityAndServerCarryExpectedConstraintsAndSan" computerName="wanghongyideMacBook-Pro" duration="00:00:00.1927554" startTime="2026-10-03T03:18:53.2684340+08:00" endTime="2026-10-03T03:18:53.2684340+08:00" testType="13cdc9d9-ddb5-4fa4-a97d-d965ccfc6d4b" outcome="Passed" testListId="8c84fa94-04c1-424b-9868-57a2d4851a1d" relativeResultsDirectory="be9ff3b1-1dad-43e8-8880-1e575e40c46e" />
    <ns0:UnitTestResult executionId="17c42c1c-fb65-4916-9c6a-df75dbf3ea96" testId="533aac9f-5ad9-aaf1-c67e-9e6192acefd1" testName="W.DmProvider.SecurityTests.NegotiationPolicyTests.PlaintextModeRequiresExplicitPolicy" computerName="wanghongyideMacBook-Pro" duration="00:00:00.0000908" startTime="2026-10-03T03:18:48.3561080+08:00" endTime="2026-10-03T03:18:48.3561080+08:00" testType="13cdc9d9-ddb5-4fa4-a97d-d965ccfc6d4b" outcome="Passed" testListId="8c84fa94-04c1-424b-9868-57a2d4851a1d" relativeResultsDirectory="17c42c1c-fb65-4916-9c6a-df75dbf3ea96" />
    <ns0:UnitTestResult executionId="5e851d31-effb-4d70-902d-3a3697de2ff8" testId="09e1589e-484a-0450-bfad-8a8789fc9d6b" testName="W.DmProvider.SecurityTests.NegotiationPolicyTests.NativeMessageEncryptionNeverFallsBackToPlaintext" computerName="wanghongyideMacBook-Pro" duration="00:00:00.0073253" startTime="2026-10-03T03:18:48.3560250+08:00" endTime="2026-10-03T03:18:48.3560250+08:00" testType="13cdc9d9-ddb5-4fa4-a97d-d965ccfc6d4b" outcome="Passed" testListId="8c84fa94-04c1-424b-9868-57a2d4851a1d" relativeResultsDirectory="5e851d31-effb-4d70-902d-3a3697de2ff8" />
    <ns0:UnitTestResult executionId="162e337e-f6d5-4efa-8712-ded17b82bdbd" testId="eb164ca8-3483-50b7-e8bc-41d3010dbb66" testName="W.DmProvider.SecurityTests.NegotiationPolicyTests.AuthenticationOnlyAndUnsupportedModesFailBeforeLogin" computerName="wanghongyideMacBook-Pro" duration="00:00:00.0000842" startTime="2026-10-03T03:18:48.3560430+08:00" endTime="2026-10-03T03:18:48.3560430+08:00" testType="13cdc9d9-ddb5-4fa4-a97d-d965ccfc6d4b" outcome="Passed" testListId="8c84fa94-04c1-424b-9868-57a2d4851a1d" relativeResultsDirectory="162e337e-f6d5-4efa-8712-ded17b82bdbd" />
    <ns0:UnitTestResult executionId="3760dfb6-2aba-4b42-99fe-0b3ca32f9f80" testId="32e1a5a9-e2b2-336f-f9d2-56994b3aba3a" testName="W.DmProvider.SecurityTests.TlsTransportTests.MutualTlsRejectsMissingClientCertificate" computerName="wanghongyideMacBook-Pro" duration="00:00:00.2977794" startTime="2026-10-03T03:18:53.0747990+08:00" endTime="2026-10-03T03:18:53.0747990+08:00" testType="13cdc9d9-ddb5-4fa4-a97d-d965ccfc6d4b" outcome="Passed" testListId="8c84fa94-04c1-424b-9868-57a2d4851a1d" relativeResultsDirectory="3760dfb6-2aba-4b42-99fe-0b3ca32f9f80" />
    <ns0:UnitTestResult executionId="49eb9832-e8d2-402e-b041-6223b51a1934" testId="07fef50d-e839-46f1-d928-3333192e3e05" testName="W.DmProvider.SecurityTests.NativeLibraryTests.UntrustedRelativePathRejectsBeforeLoad" computerName="wanghongyideMacBook-Pro" duration="00:00:00.0000643" startTime="2026-10-03T03:18:48.3461140+08:00" endTime="2026-10-03T03:18:48.3461140+08:00" testType="13cdc9d9-ddb5-4fa4-a97d-d965ccfc6d4b" outcome="Passed" testListId="8c84fa94-04c1-424b-9868-57a2d4851a1d" relativeResultsDirectory="49eb9832-e8d2-402e-b041-6223b51a1934" />
    <ns0:UnitTestResult executionId="193e0eb0-ea5a-40ca-a671-b9b5f331468b" testId="f6c00162-7eee-3786-786f-868f81e4d515" testName="W.DmProvider.SecurityTests.TlsTransportTests.PlatformScopedPfxStillRejectsUnknownServerCaAndCloses" computerName="wanghongyideMacBook-Pro" duration="00:00:00.6276313" startTime="2026-10-03T03:18:49.8433190+08:00" endTime="2026-10-03T03:18:49.8433190+08:00" testType="13cdc9d9-ddb5-4fa4-a97d-d965ccfc6d4b" outcome="Passed" testListId="8c84fa94-04c1-424b-9868-57a2d4851a1d" relativeResultsDirectory="193e0eb0-ea5a-40ca-a671-b9b5f331468b" />
    <ns0:UnitTestResult executionId="301956bd-5cbd-47c8-a342-256c84de850b" testId="dbc0457a-487c-54a7-225a-4097ec4fedf3" testName="W.DmProvider.SecurityTests.AsyncTlsValidationTests.TrustedMatchingCertificateAuthenticatesThroughAsyncUpgrade" computerName="wanghongyideMacBook-Pro" duration="00:00:00.2432350" startTime="2026-10-03T03:18:53.7924750+08:00" endTime="2026-10-03T03:18:53.7924750+08:00" testType="13cdc9d9-ddb5-4fa4-a97d-d965ccfc6d4b" outcome="Passed" testListId="8c84fa94-04c1-424b-9868-57a2d4851a1d" relativeResultsDirectory="301956bd-5cbd-47c8-a342-256c84de850b" />
    <ns0:UnitTestResult executionId="24f88c95-0d93-4a5a-a86b-c51b046f7ea7" testId="981331c6-629b-96cc-89b4-d46a6705f120" testName="W.DmProvider.SecurityTests.TlsOptionsTests.ClientCertificatePasswordIsRedactedAcrossSnapshotAndBaseSetterPoison" computerName="wanghongyideMacBook-Pro" duration="00:00:00.0005806" startTime="2026-10-03T03:18:53.0756270+08:00" endTime="2026-10-03T03:18:53.0756270+08:00" testType="13cdc9d9-ddb5-4fa4-a97d-d965ccfc6d4b" outcome="Passed" testListId="8c84fa94-04c1-424b-9868-57a2d4851a1d" relativeResultsDirectory="24f88c95-0d93-4a5a-a86b-c51b046f7ea7" />
    <ns0:UnitTestResult executionId="b49b4272-9487-443d-b90f-106cd567b0e3" testId="b3295c2a-4d0a-ea15-0eee-3b3a74bc0db9" testName="W.DmProvider.SecurityTests.NativeLibraryTests.UntrustedRelativePathRejectsBeforeLoad" computerName="wanghongyideMacBook-Pro" duration="00:00:00.0004450" startTime="2026-10-03T03:18:48.3459730+08:00" endTime="2026-10-03T03:18:48.3459730+08:00" testType="13cdc9d9-ddb5-4fa4-a97d-d965ccfc6d4b" outcome="Passed" testListId="8c84fa94-04c1-424b-9868-57a2d4851a1d" relativeResultsDirectory="b49b4272-9487-443d-b90f-106cd567b0e3" />
    <ns0:UnitTestResult executionId="d5bbde07-6f35-4b35-83e2-ad31b880bfdf" testId="96d37f10-55cc-f2db-ca13-918a64e26e92" testName="W.DmProvider.SecurityTests.NativeLibraryTests.MissingLibraryReportsSanitizedFailureWithoutFreeingAbsentHandle" computerName="wanghongyideMacBook-Pro" duration="00:00:00.0000851" startTime="2026-10-03T03:18:48.3461830+08:00" endTime="2026-10-03T03:18:48.3461830+08:00" testType="13cdc9d9-ddb5-4fa4-a97d-d965ccfc6d4b" outcome="Passed" testListId="8c84fa94-04c1-424b-9868-57a2d4851a1d" relativeResultsDirectory="d5bbde07-6f35-4b35-83e2-ad31b880bfdf" />
    <ns0:UnitTestResult executionId="ee8669fe-8e7b-4a2d-bf9f-83bc90d8b497" testId="32412b20-55cb-2db2-c5cf-f187f986f237" testName="W.DmProvider.SecurityTests.NativeLibraryTests.DeclaredExportIsScopedAndDisposeIsIdempotent" computerName="wanghongyideMacBook-Pro" duration="00:00:00.0001952" startTime="2026-10-03T03:18:48.3461460+08:00" endTime="2026-10-03T03:18:48.3461460+08:00" testType="13cdc9d9-ddb5-4fa4-a97d-d965ccfc6d4b" outcome="Passed" testListId="8c84fa94-04c1-424b-9868-57a2d4851a1d" relativeResultsDirectory="ee8669fe-8e7b-4a2d-bf9f-83bc90d8b497" />
    <ns0:UnitTestResult executionId="361a8136-9b8d-4b59-bc91-861859c81c24" testId="2111c572-24d9-5985-2a05-00e4a448a567" testName="W.DmProvider.SecurityTests.TlsTransportTests.MutualTlsAcceptsPasswordProtectedPlatformScopedPfx" computerName="wanghongyideMacBook-Pro" duration="00:00:00.4651957" startTime="2026-10-03T03:18:52.1776450+08:00" endTime="2026-10-03T03:18:52.1776450+08:00" testType="13cdc9d9-ddb5-4fa4-a97d-d965ccfc6d4b" outcome="Passed" testListId="8c84fa94-04c1-424b-9868-57a2d4851a1d" relativeResultsDirectory="361a8136-9b8d-4b59-bc91-861859c81c24" />
    <ns0:UnitTestResult executionId="7ba14834-fe2c-4c3b-9ed6-0cd42f5ef10a" testId="3769e0a3-057b-95a0-4030-ba582b7af85f" testName="W.DmProvider.SecurityTests.TlsLifecycleTests.CloseAbortsPendingTlsAuthenticationAndDisposesSocketOnce" computerName="wanghongyideMacBook-Pro" duration="00:00:00.1481500" startTime="2026-10-03T03:18:49.2093970+08:00" endTime="2026-10-03T03:18:49.2093970+08:00" testType="13cdc9d9-ddb5-4fa4-a97d-d965ccfc6d4b" outcome="Passed" testListId="8c84fa94-04c1-424b-9868-57a2d4851a1d" relativeResultsDirectory="7ba14834-fe2c-4c3b-9ed6-0cd42f5ef10a" />
    <ns0:UnitTestResult executionId="f0bffc0f-02f6-4137-ba50-8e29c2777a0e" testId="62fc4ca7-4547-2435-c81f-76b9c740d025" testName="W.DmProvider.SecurityTests.TlsLifecycleTests.CloseAbortsBlockedTlsReadAndDisposesSocketOnce" computerName="wanghongyideMacBook-Pro" duration="00:00:00.2900265" startTime="2026-10-03T03:18:48.6453850+08:00" endTime="2026-10-03T03:18:48.6453850+08:00" testType="13cdc9d9-ddb5-4fa4-a97d-d965ccfc6d4b" outcome="Passed" testListId="8c84fa94-04c1-424b-9868-57a2d4851a1d" relativeResultsDirectory="f0bffc0f-02f6-4137-ba50-8e29c2777a0e" />
    <ns0:UnitTestResult executionId="caeaa517-a7ea-43d1-80b8-a000648882ce" testId="6743f84c-2790-1570-06b5-a4177c9dff5a" testName="W.DmProvider.SecurityTests.AsyncTlsValidationTests.InvalidTrustOrHostnameRejectsAsyncUpgradeAndPreventsRawFallback" computerName="wanghongyideMacBook-Pro" duration="00:00:00.3172240" startTime="2026-10-03T03:18:54.1098970+08:00" endTime="2026-10-03T03:18:54.1098970+08:00" testType="13cdc9d9-ddb5-4fa4-a97d-d965ccfc6d4b" outcome="Passed" testListId="8c84fa94-04c1-424b-9868-57a2d4851a1d" relativeResultsDirectory="caeaa517-a7ea-43d1-80b8-a000648882ce" />
    <ns0:UnitTestResult executionId="b2c3e413-45ca-41a3-9da3-1454f12b8850" testId="2050529e-09a0-eba2-3716-94f8b10dc222" testName="W.DmProvider.SecurityTests.TlsTransportTests.WrongHostFailsEvenWithTrustedCa" computerName="wanghongyideMacBook-Pro" duration="00:00:00.3150954" startTime="2026-10-03T03:18:52.4928320+08:00" endTime="2026-10-03T03:18:52.4928320+08:00" testType="13cdc9d9-ddb5-4fa4-a97d-d965ccfc6d4b" outcome="Passed" testListId="8c84fa94-04c1-424b-9868-57a2d4851a1d" relativeResultsDirectory="b2c3e413-45ca-41a3-9da3-1454f12b8850" />
    <ns0:UnitTestResult executionId="df15fa5b-f812-4cab-b8dc-149bfb3aa145" testId="b4d4b230-39e9-c383-f1e9-0e20f3e9c4f0" testName="W.DmProvider.SecurityTests.NegotiationPolicyTests.FullStreamTlsModesAlwaysRequireCertificateValidatedUpgrade" computerName="wanghongyideMacBook-Pro" duration="00:00:00.0000940" startTime="2026-10-03T03:18:48.3466470+08:00" endTime="2026-10-03T03:18:48.3466470+08:00" testType="13cdc9d9-ddb5-4fa4-a97d-d965ccfc6d4b" outcome="Passed" testListId="8c84fa94-04c1-424b-9868-57a2d4851a1d" relativeResultsDirectory="df15fa5b-f812-4cab-b8dc-149bfb3aa145" />
    <ns0:UnitTestResult executionId="808fbf51-7747-41b5-ac58-dbd8919de35f" testId="3463e555-1b44-3c6b-2e15-d721f966a75f" testName="W.DmProvider.SecurityTests.NegotiationPolicyTests.AuthenticationOnlyAndUnsupportedModesFailBeforeLogin" computerName="wanghongyideMacBook-Pro" duration="00:00:00.0000074" startTime="2026-10-03T03:18:48.3560680+08:00" endTime="2026-10-03T03:18:48.3560680+08:00" testType="13cdc9d9-ddb5-4fa4-a97d-d965ccfc6d4b" outcome="Passed" testListId="8c84fa94-04c1-424b-9868-57a2d4851a1d" relativeResultsDirectory="808fbf51-7747-41b5-ac58-dbd8919de35f" />
    <ns0:UnitTestResult executionId="f92903ea-addc-4465-a3f4-f48548945341" testId="752eb6fd-80fd-15b0-1371-18c8edcb5253" testName="W.DmProvider.SecurityTests.NegotiationPolicyTests.AuthenticationOnlyAndUnsupportedModesFailBeforeLogin" computerName="wanghongyideMacBook-Pro" duration="00:00:00.0000864" startTime="2026-10-03T03:18:48.3560570+08:00" endTime="2026-10-03T03:18:48.3560570+08:00" testType="13cdc9d9-ddb5-4fa4-a97d-d965ccfc6d4b" outcome="Passed" testListId="8c84fa94-04c1-424b-9868-57a2d4851a1d" relativeResultsDirectory="f92903ea-addc-4465-a3f4-f48548945341" />
    <ns0:UnitTestResult executionId="ebb90e6a-68ea-4bbe-9206-6c1bff864dca" testId="d950d80f-54a5-a03b-1289-9bb5c847ed44" testName="W.DmProvider.SecurityTests.TlsOptionsTests.ExplicitNoCheckChangesOnlyRevocationPolicy" computerName="wanghongyideMacBook-Pro" duration="00:00:00.1376349" startTime="2026-10-03T03:18:53.5489340+08:00" endTime="2026-10-03T03:18:53.5489340+08:00" testType="13cdc9d9-ddb5-4fa4-a97d-d965ccfc6d4b" outcome="Passed" testListId="8c84fa94-04c1-424b-9868-57a2d4851a1d" relativeResultsDirectory="ebb90e6a-68ea-4bbe-9206-6c1bff864dca" />
    <ns0:UnitTestResult executionId="6e2e3f3d-9cdb-4ed5-83d8-bb5a46b32ad6" testId="8e414bf6-c357-b6ff-7d94-b21ed5fca0ff" testName="W.DmProvider.SecurityTests.FixtureVectorTests.SyntheticManifestHasUniqueCasesAndNoCredentialMaterial" computerName="wanghongyideMacBook-Pro" duration="00:00:00.0009068" startTime="2026-10-03T03:18:49.2155710+08:00" endTime="2026-10-03T03:18:49.2155710+08:00" testType="13cdc9d9-ddb5-4fa4-a97d-d965ccfc6d4b" outcome="Passed" testListId="8c84fa94-04c1-424b-9868-57a2d4851a1d" relativeResultsDirectory="6e2e3f3d-9cdb-4ed5-83d8-bb5a46b32ad6" />
    <ns0:UnitTestResult executionId="bf4492c9-01a2-4d41-871f-30ba82207775" testId="ffa8c015-1b5f-6df4-eb1d-c07b25f0e9fb" testName="W.DmProvider.SecurityTests.TlsTransportTests.UnknownCaFailsClosedWithoutSuccessfulUpgrade" computerName="wanghongyideMacBook-Pro" duration="00:00:00.4208875" startTime="2026-10-03T03:18:51.7122610+08:00" endTime="2026-10-03T03:18:51.7122610+08:00" testType="13cdc9d9-ddb5-4fa4-a97d-d965ccfc6d4b" outcome="Passed" testListId="8c84fa94-04c1-424b-9868-57a2d4851a1d" relativeResultsDirectory="bf4492c9-01a2-4d41-871f-30ba82207775" />
    <ns0:UnitTestResult executionId="a6125c3a-149d-47be-b80c-c65138bb0abd" testId="c255853a-7a5c-81f9-8917-4665709afdd9" testName="W.DmProvider.SecurityTests.TlsTransportTests.ClientAuthOnlyLeafCannotMasqueradeAsServer" computerName="wanghongyideMacBook-Pro" duration="00:00:00.2840651" startTime="2026-10-03T03:18:52.7769510+08:00" endTime="2026-10-03T03:18:52.7769510+08:00" testType="13cdc9d9-ddb5-4fa4-a97d-d965ccfc6d4b" outcome="Passed" testListId="8c84fa94-04c1-424b-9868-57a2d4851a1d" relativeResultsDirectory="a6125c3a-149d-47be-b80c-c65138bb0abd" />
    <ns0:UnitTestResult executionId="f8da82f3-474c-4265-a869-4e0d1eb3aa53" testId="1f1a7e11-1342-b49b-52a9-11ab1d1521aa" testName="W.DmProvider.SecurityTests.NativeLibraryTests.DisposeWaitsForActiveExportCallbackBeforeFreeing" computerName="wanghongyideMacBook-Pro" duration="00:00:00.0053097" startTime="2026-10-03T03:18:48.3446830+08:00" endTime="2026-10-03T03:18:48.3446930+08:00" testType="13cdc9d9-ddb5-4fa4-a97d-d965ccfc6d4b" outcome="Passed" testListId="8c84fa94-04c1-424b-9868-57a2d4851a1d" relativeResultsDirectory="f8da82f3-474c-4265-a869-4e0d1eb3aa53" />
    <ns0:UnitTestResult executionId="570200b8-d20c-46e4-8eed-a9553305365f" testId="634dad1c-5ae4-d06f-6b4a-da9a9c0cb189" testName="W.DmProvider.SecurityTests.AsyncTlsValidationTests.InvalidTrustOrHostnameRejectsAsyncUpgradeAndPreventsRawFallback" computerName="wanghongyideMacBook-Pro" duration="00:00:00.4417416" startTime="2026-10-03T03:18:54.5518050+08:00" endTime="2026-10-03T03:18:54.5518050+08:00" testType="13cdc9d9-ddb5-4fa4-a97d-d965ccfc6d4b" outcome="Passed" testListId="8c84fa94-04c1-424b-9868-57a2d4851a1d" relativeResultsDirectory="570200b8-d20c-46e4-8eed-a9553305365f" />
    <ns0:UnitTestResult executionId="b0945b5f-701b-4a47-a193-90f7122dfc77" testId="0755ab7d-4285-6bd9-d50d-437a9a762292" testName="W.DmProvider.SecurityTests.TlsTransportTests.ValidCaAndMatchingDnsOrIpSanUpgradeTls" computerName="wanghongyideMacBook-Pro" duration="00:00:00.3295833" startTime="2026-10-03T03:18:51.0158940+08:00" endTime="2026-10-03T03:18:51.0158940+08:00" testType="13cdc9d9-ddb5-4fa4-a97d-d965ccfc6d4b" outcome="Passed" testListId="8c84fa94-04c1-424b-9868-57a2d4851a1d" relativeResultsDirectory="b0945b5f-701b-4a47-a193-90f7122dfc77" />
    <ns0:UnitTestResult executionId="5e4dc9d3-49dc-408a-a55e-35b5371c72da" testId="5e88a0e5-0693-1b61-df6a-0e031ba92b69" testName="W.DmProvider.SecurityTests.TlsLifecycleTests.AbsoluteConnectDeadlineIncludesPendingTlsHandshake" computerName="wanghongyideMacBook-Pro" duration="00:00:00.4151769" startTime="2026-10-03T03:18:49.0610740+08:00" endTime="2026-10-03T03:18:49.0610750+08:00" testType="13cdc9d9-ddb5-4fa4-a97d-d965ccfc6d4b" outcome="Passed" testListId="8c84fa94-04c1-424b-9868-57a2d4851a1d" relativeResultsDirectory="5e4dc9d3-49dc-408a-a55e-35b5371c72da" />
    <ns0:UnitTestResult executionId="cb9725e6-7d5d-4560-8ee0-cb17e3c135c4" testId="703d5ae8-995f-4c6e-d3d8-9ac371c824f0" testName="W.DmProvider.SecurityTests.TlsTransportTests.ValidCaAndMatchingDnsOrIpSanUpgradeTls" computerName="wanghongyideMacBook-Pro" duration="00:00:00.2753570" startTime="2026-10-03T03:18:50.6862360+08:00" endTime="2026-10-03T03:18:50.6862360+08:00" testType="13cdc9d9-ddb5-4fa4-a97d-d965ccfc6d4b" outcome="Passed" testListId="8c84fa94-04c1-424b-9868-57a2d4851a1d" relativeResultsDirectory="cb9725e6-7d5d-4560-8ee0-cb17e3c135c4" />
    <ns0:UnitTestResult executionId="e41363c9-a42e-4a3a-b3ed-1548322972d3" testId="c0a58523-3721-e6de-00c8-89df61d600a9" testName="W.DmProvider.SecurityTests.NegotiationPolicyTests.AuthenticationOnlyAndUnsupportedModesFailBeforeLogin" computerName="wanghongyideMacBook-Pro" duration="00:00:00.0000067" startTime="2026-10-03T03:18:48.3560800+08:00" endTime="2026-10-03T03:18:48.3560800+08:00" testType="13cdc9d9-ddb5-4fa4-a97d-d965ccfc6d4b" outcome="Passed" testListId="8c84fa94-04c1-424b-9868-57a2d4851a1d" relativeResultsDirectory="e41363c9-a42e-4a3a-b3ed-1548322972d3" />
    <ns0:UnitTestResult executionId="7d54b7b1-ecf8-47eb-87e8-021b35b8c971" testId="ca2ff1a3-5a53-b40d-abae-38f33479a5db" testName="W.DmProvider.SecurityTests.NativeLibraryTests.MissingExportReleasesLoadedLibraryExactlyOnce" computerName="wanghongyideMacBook-Pro" duration="00:00:00.0001015" startTime="2026-10-03T03:18:48.3461590+08:00" endTime="2026-10-03T03:18:48.3461590+08:00" testType="13cdc9d9-ddb5-4fa4-a97d-d965ccfc6d4b" outcome="Passed" testListId="8c84fa94-04c1-424b-9868-57a2d4851a1d" relativeResultsDirectory="7d54b7b1-ecf8-47eb-87e8-021b35b8c971" />
    <ns0:UnitTestResult executionId="efa52292-988f-4503-8cee-09a2247f969e" testId="de70bb76-193e-6a88-cc9e-d7ca85af1f86" testName="W.DmProvider.SecurityTests.TlsTransportTests.MutualTlsAcceptsExplicitClientCertificate" computerName="wanghongyideMacBook-Pro" duration="00:00:00.5673092" startTime="2026-10-03T03:18:50.4108190+08:00" endTime="2026-10-03T03:18:50.4108190+08:00" testType="13cdc9d9-ddb5-4fa4-a97d-d965ccfc6d4b" outcome="Passed" testListId="8c84fa94-04c1-424b-9868-57a2d4851a1d" relativeResultsDirectory="efa52292-988f-4503-8cee-09a2247f969e" />
    <ns0:UnitTestResult executionId="f7b6e3a3-94f5-4174-b207-0ed69bb04c1a" testId="5e31de7c-4179-0927-4701-dd9750fc3b24" testName="W.DmProvider.SecurityTests.FixtureVectorTests.FixtureNegotiatedModesExecuteAgainstPolicyGuard" computerName="wanghongyideMacBook-Pro" duration="00:00:00.0044389" startTime="2026-10-03T03:18:49.2146360+08:00" endTime="2026-10-03T03:18:49.2146360+08:00" testType="13cdc9d9-ddb5-4fa4-a97d-d965ccfc6d4b" outcome="Passed" testListId="8c84fa94-04c1-424b-9868-57a2d4851a1d" relativeResultsDirectory="f7b6e3a3-94f5-4174-b207-0ed69bb04c1a" />
    <ns0:UnitTestResult executionId="86c7f7c8-a774-4aa5-803d-1f12cebb19fd" testId="cbbcc1d3-4d96-11ea-4f1c-18cc05676615" testName="W.DmProvider.SecurityTests.NativeLibraryTests.NativeInitializationFailureStillReleasesHandleOnce" computerName="wanghongyideMacBook-Pro" duration="00:00:00.0001713" startTime="2026-10-03T03:18:48.3461290+08:00" endTime="2026-10-03T03:18:48.3461290+08:00" testType="13cdc9d9-ddb5-4fa4-a97d-d965ccfc6d4b" outcome="Passed" testListId="8c84fa94-04c1-424b-9868-57a2d4851a1d" relativeResultsDirectory="86c7f7c8-a774-4aa5-803d-1f12cebb19fd" />
  </ns0:Results>
  <ns0:TestDefinitions>
    <ns0:UnitTest name="W.DmProvider.SecurityTests.TlsTransportTests.ExpiredServerCertificateFailsClosed" storage="/users/wanghongyi/projects/w.dmprovider/.local/verification/r3/t18/frozen-source-v2/source/tests/w.dmprovider.securitytests/bin/release/net10.0/w.dmprovider.securitytests.dll" id="9a709573-0898-71a2-1408-75ab7e886ec9">
      <ns0:Execution id="514f3455-58d6-4e84-86f7-f2cf16c44340" />
      <ns0:TestMethod codeBase="/Users/wanghongyi/Projects/W.DmProvider/.local/verification/r3/t18/frozen-source-v2/source/tests/W.DmProvider.SecurityTests/bin/Release/net10.0/W.DmProvider.SecurityTests.dll" adapterTypeName="executor://xunit/VsTestRunner2/netcoreapp" className="W.DmProvider.SecurityTests.TlsTransportTests" name="ExpiredServerCertificateFailsClosed" />
    </ns0:UnitTest>
    <ns0:UnitTest name="W.DmProvider.SecurityTests.FixtureVectorTests.SyntheticManifestHasUniqueCasesAndNoCredentialMaterial" storage="/users/wanghongyi/projects/w.dmprovider/.local/verification/r3/t18/frozen-source-v2/source/tests/w.dmprovider.securitytests/bin/release/net10.0/w.dmprovider.securitytests.dll" id="8e414bf6-c357-b6ff-7d94-b21ed5fca0ff">
      <ns0:Execution id="6e2e3f3d-9cdb-4ed5-83d8-bb5a46b32ad6" />
      <ns0:TestMethod codeBase="/Users/wanghongyi/Projects/W.DmProvider/.local/verification/r3/t18/frozen-source-v2/source/tests/W.DmProvider.SecurityTests/bin/Release/net10.0/W.DmProvider.SecurityTests.dll" adapterTypeName="executor://xunit/VsTestRunner2/netcoreapp" className="W.DmProvider.SecurityTests.FixtureVectorTests" name="SyntheticManifestHasUniqueCasesAndNoCredentialMaterial" />
    </ns0:UnitTest>
    <ns0:UnitTest name="W.DmProvider.SecurityTests.TlsTransportTests.WrongHostFailsEvenWithTrustedCa" storage="/users/wanghongyi/projects/w.dmprovider/.local/verification/r3/t18/frozen-source-v2/source/tests/w.dmprovider.securitytests/bin/release/net10.0/w.dmprovider.securitytests.dll" id="2050529e-09a0-eba2-3716-94f8b10dc222">
      <ns0:Execution id="b2c3e413-45ca-41a3-9da3-1454f12b8850" />
      <ns0:TestMethod codeBase="/Users/wanghongyi/Projects/W.DmProvider/.local/verification/r3/t18/frozen-source-v2/source/tests/W.DmProvider.SecurityTests/bin/Release/net10.0/W.DmProvider.SecurityTests.dll" adapterTypeName="executor://xunit/VsTestRunner2/netcoreapp" className="W.DmProvider.SecurityTests.TlsTransportTests" name="WrongHostFailsEvenWithTrustedCa" />
    </ns0:UnitTest>
    <ns0:UnitTest name="W.DmProvider.SecurityTests.NegotiationPolicyTests.AuthenticationOnlyAndUnsupportedModesFailBeforeLogin" storage="/users/wanghongyi/projects/w.dmprovider/.local/verification/r3/t18/frozen-source-v2/source/tests/w.dmprovider.securitytests/bin/release/net10.0/w.dmprovider.securitytests.dll" id="752eb6fd-80fd-15b0-1371-18c8edcb5253">
      <ns0:Execution id="f92903ea-addc-4465-a3f4-f48548945341" />
      <ns0:TestMethod codeBase="/Users/wanghongyi/Projects/W.DmProvider/.local/verification/r3/t18/frozen-source-v2/source/tests/W.DmProvider.SecurityTests/bin/Release/net10.0/W.DmProvider.SecurityTests.dll" adapterTypeName="executor://xunit/VsTestRunner2/netcoreapp" className="W.DmProvider.SecurityTests.NegotiationPolicyTests" name="AuthenticationOnlyAndUnsupportedModesFailBeforeLogin" />
    </ns0:UnitTest>
    <ns0:UnitTest name="W.DmProvider.SecurityTests.AsyncTlsValidationTests.InvalidTrustOrHostnameRejectsAsyncUpgradeAndPreventsRawFallback" storage="/users/wanghongyi/projects/w.dmprovider/.local/verification/r3/t18/frozen-source-v2/source/tests/w.dmprovider.securitytests/bin/release/net10.0/w.dmprovider.securitytests.dll" id="6743f84c-2790-1570-06b5-a4177c9dff5a">
      <ns0:Execution id="caeaa517-a7ea-43d1-80b8-a000648882ce" />
      <ns0:TestMethod codeBase="/Users/wanghongyi/Projects/W.DmProvider/.local/verification/r3/t18/frozen-source-v2/source/tests/W.DmProvider.SecurityTests/bin/Release/net10.0/W.DmProvider.SecurityTests.dll" adapterTypeName="executor://xunit/VsTestRunner2/netcoreapp" className="W.DmProvider.SecurityTests.AsyncTlsValidationTests" name="InvalidTrustOrHostnameRejectsAsyncUpgradeAndPreventsRawFallback" />
    </ns0:UnitTest>
    <ns0:UnitTest name="W.DmProvider.SecurityTests.NativeLibraryTests.UntrustedRelativePathRejectsBeforeLoad" storage="/users/wanghongyi/projects/w.dmprovider/.local/verification/r3/t18/frozen-source-v2/source/tests/w.dmprovider.securitytests/bin/release/net10.0/w.dmprovider.securitytests.dll" id="07fef50d-e839-46f1-d928-3333192e3e05">
      <ns0:Execution id="49eb9832-e8d2-402e-b041-6223b51a1934" />
      <ns0:TestMethod codeBase="/Users/wanghongyi/Projects/W.DmProvider/.local/verification/r3/t18/frozen-source-v2/source/tests/W.DmProvider.SecurityTests/bin/Release/net10.0/W.DmProvider.SecurityTests.dll" adapterTypeName="executor://xunit/VsTestRunner2/netcoreapp" className="W.DmProvider.SecurityTests.NativeLibraryTests" name="UntrustedRelativePathRejectsBeforeLoad" />
    </ns0:UnitTest>
    <ns0:UnitTest name="W.DmProvider.SecurityTests.TlsTransportTests.ValidCaAndMatchingDnsOrIpSanUpgradeTls" storage="/users/wanghongyi/projects/w.dmprovider/.local/verification/r3/t18/frozen-source-v2/source/tests/w.dmprovider.securitytests/bin/release/net10.0/w.dmprovider.securitytests.dll" id="703d5ae8-995f-4c6e-d3d8-9ac371c824f0">
      <ns0:Execution id="cb9725e6-7d5d-4560-8ee0-cb17e3c135c4" />
      <ns0:TestMethod codeBase="/Users/wanghongyi/Projects/W.DmProvider/.local/verification/r3/t18/frozen-source-v2/source/tests/W.DmProvider.SecurityTests/bin/Release/net10.0/W.DmProvider.SecurityTests.dll" adapterTypeName="executor://xunit/VsTestRunner2/netcoreapp" className="W.DmProvider.SecurityTests.TlsTransportTests" name="ValidCaAndMatchingDnsOrIpSanUpgradeTls" />
    </ns0:UnitTest>
    <ns0:UnitTest name="W.DmProvider.SecurityTests.TlsTransportTests.PlatformScopedPfxStillRejectsUnknownServerCaAndCloses" storage="/users/wanghongyi/projects/w.dmprovider/.local/verification/r3/t18/frozen-source-v2/source/tests/w.dmprovider.securitytests/bin/release/net10.0/w.dmprovider.securitytests.dll" id="f6c00162-7eee-3786-786f-868f81e4d515">
      <ns0:Execution id="193e0eb0-ea5a-40ca-a671-b9b5f331468b" />
      <ns0:TestMethod codeBase="/Users/wanghongyi/Projects/W.DmProvider/.local/verification/r3/t18/frozen-source-v2/source/tests/W.DmProvider.SecurityTests/bin/Release/net10.0/W.DmProvider.SecurityTests.dll" adapterTypeName="executor://xunit/VsTestRunner2/netcoreapp" className="W.DmProvider.SecurityTests.TlsTransportTests" name="PlatformScopedPfxStillRejectsUnknownServerCaAndCloses" />
    </ns0:UnitTest>
    <ns0:UnitTest name="W.DmProvider.SecurityTests.TlsOptionsTests.ExplicitNoCheckChangesOnlyRevocationPolicy" storage="/users/wanghongyi/projects/w.dmprovider/.local/verification/r3/t18/frozen-source-v2/source/tests/w.dmprovider.securitytests/bin/release/net10.0/w.dmprovider.securitytests.dll" id="d950d80f-54a5-a03b-1289-9bb5c847ed44">
      <ns0:Execution id="ebb90e6a-68ea-4bbe-9206-6c1bff864dca" />
      <ns0:TestMethod codeBase="/Users/wanghongyi/Projects/W.DmProvider/.local/verification/r3/t18/frozen-source-v2/source/tests/W.DmProvider.SecurityTests/bin/Release/net10.0/W.DmProvider.SecurityTests.dll" adapterTypeName="executor://xunit/VsTestRunner2/netcoreapp" className="W.DmProvider.SecurityTests.TlsOptionsTests" name="ExplicitNoCheckChangesOnlyRevocationPolicy" />
    </ns0:UnitTest>
    <ns0:UnitTest name="W.DmProvider.SecurityTests.TlsOptionsTests.EphemeralAuthorityAndServerCarryExpectedConstraintsAndSan" storage="/users/wanghongyi/projects/w.dmprovider/.local/verification/r3/t18/frozen-source-v2/source/tests/w.dmprovider.securitytests/bin/release/net10.0/w.dmprovider.securitytests.dll" id="d544fa27-8f7b-f2f1-d4d2-cb31d692a632">
      <ns0:Execution id="be9ff3b1-1dad-43e8-8880-1e575e40c46e" />
      <ns0:TestMethod codeBase="/Users/wanghongyi/Projects/W.DmProvider/.local/verification/r3/t18/frozen-source-v2/source/tests/W.DmProvider.SecurityTests/bin/Release/net10.0/W.DmProvider.SecurityTests.dll" adapterTypeName="executor://xunit/VsTestRunner2/netcoreapp" className="W.DmProvider.SecurityTests.TlsOptionsTests" name="EphemeralAuthorityAndServerCarryExpectedConstraintsAndSan" />
    </ns0:UnitTest>
    <ns0:UnitTest name="W.DmProvider.SecurityTests.TlsTransportTests.ClientAuthOnlyLeafCannotMasqueradeAsServer" storage="/users/wanghongyi/projects/w.dmprovider/.local/verification/r3/t18/frozen-source-v2/source/tests/w.dmprovider.securitytests/bin/release/net10.0/w.dmprovider.securitytests.dll" id="c255853a-7a5c-81f9-8917-4665709afdd9">
      <ns0:Execution id="a6125c3a-149d-47be-b80c-c65138bb0abd" />
      <ns0:TestMethod codeBase="/Users/wanghongyi/Projects/W.DmProvider/.local/verification/r3/t18/frozen-source-v2/source/tests/W.DmProvider.SecurityTests/bin/Release/net10.0/W.DmProvider.SecurityTests.dll" adapterTypeName="executor://xunit/VsTestRunner2/netcoreapp" className="W.DmProvider.SecurityTests.TlsTransportTests" name="ClientAuthOnlyLeafCannotMasqueradeAsServer" />
    </ns0:UnitTest>
    <ns0:UnitTest name="W.DmProvider.SecurityTests.AsyncTlsValidationTests.InvalidTrustOrHostnameRejectsAsyncUpgradeAndPreventsRawFallback" storage="/users/wanghongyi/projects/w.dmprovider/.local/verification/r3/t18/frozen-source-v2/source/tests/w.dmprovider.securitytests/bin/release/net10.0/w.dmprovider.securitytests.dll" id="634dad1c-5ae4-d06f-6b4a-da9a9c0cb189">
      <ns0:Execution id="570200b8-d20c-46e4-8eed-a9553305365f" />
      <ns0:TestMethod codeBase="/Users/wanghongyi/Projects/W.DmProvider/.local/verification/r3/t18/frozen-source-v2/source/tests/W.DmProvider.SecurityTests/bin/Release/net10.0/W.DmProvider.SecurityTests.dll" adapterTypeName="executor://xunit/VsTestRunner2/netcoreapp" className="W.DmProvider.SecurityTests.AsyncTlsValidationTests" name="InvalidTrustOrHostnameRejectsAsyncUpgradeAndPreventsRawFallback" />
    </ns0:UnitTest>
    <ns0:UnitTest name="W.DmProvider.SecurityTests.TlsTransportTests.MutualTlsRejectsMissingClientCertificate" storage="/users/wanghongyi/projects/w.dmprovider/.local/verification/r3/t18/frozen-source-v2/source/tests/w.dmprovider.securitytests/bin/release/net10.0/w.dmprovider.securitytests.dll" id="32e1a5a9-e2b2-336f-f9d2-56994b3aba3a">
      <ns0:Execution id="3760dfb6-2aba-4b42-99fe-0b3ca32f9f80" />
      <ns0:TestMethod codeBase="/Users/wanghongyi/Projects/W.DmProvider/.local/verification/r3/t18/frozen-source-v2/source/tests/W.DmProvider.SecurityTests/bin/Release/net10.0/W.DmProvider.SecurityTests.dll" adapterTypeName="executor://xunit/VsTestRunner2/netcoreapp" className="W.DmProvider.SecurityTests.TlsTransportTests" name="MutualTlsRejectsMissingClientCertificate" />
    </ns0:UnitTest>
    <ns0:UnitTest name="W.DmProvider.SecurityTests.TlsOptionsTests.OptionsKeepConfiguredTargetAndOnlineRevocationDefault" storage="/users/wanghongyi/projects/w.dmprovider/.local/verification/r3/t18/frozen-source-v2/source/tests/w.dmprovider.securitytests/bin/release/net10.0/w.dmprovider.securitytests.dll" id="c2e588d7-c5ab-a805-daf0-77721f823204">
      <ns0:Execution id="0d37d308-ad30-4886-b54a-966b665218b4" />
      <ns0:TestMethod codeBase="/Users/wanghongyi/Projects/W.DmProvider/.local/verification/r3/t18/frozen-source-v2/source/tests/W.DmProvider.SecurityTests/bin/Release/net10.0/W.DmProvider.SecurityTests.dll" adapterTypeName="executor://xunit/VsTestRunner2/netcoreapp" className="W.DmProvider.SecurityTests.TlsOptionsTests" name="OptionsKeepConfiguredTargetAndOnlineRevocationDefault" />
    </ns0:UnitTest>
    <ns0:UnitTest name="W.DmProvider.SecurityTests.NegotiationPolicyTests.FullStreamTlsModesAlwaysRequireCertificateValidatedUpgrade" storage="/users/wanghongyi/projects/w.dmprovider/.local/verification/r3/t18/frozen-source-v2/source/tests/w.dmprovider.securitytests/bin/release/net10.0/w.dmprovider.securitytests.dll" id="4cc3d041-bb8d-5ada-06b4-1815177fc9e8">
      <ns0:Execution id="31df968c-1721-4256-a4f5-0bcb5d684386" />
      <ns0:TestMethod codeBase="/Users/wanghongyi/Projects/W.DmProvider/.local/verification/r3/t18/frozen-source-v2/source/tests/W.DmProvider.SecurityTests/bin/Release/net10.0/W.DmProvider.SecurityTests.dll" adapterTypeName="executor://xunit/VsTestRunner2/netcoreapp" className="W.DmProvider.SecurityTests.NegotiationPolicyTests" name="FullStreamTlsModesAlwaysRequireCertificateValidatedUpgrade" />
    </ns0:UnitTest>
    <ns0:UnitTest name="W.DmProvider.SecurityTests.TlsTransportTests.MutualTlsAcceptsPasswordProtectedPlatformScopedPfx" storage="/users/wanghongyi/projects/w.dmprovider/.local/verification/r3/t18/frozen-source-v2/source/tests/w.dmprovider.securitytests/bin/release/net10.0/w.dmprovider.securitytests.dll" id="2111c572-24d9-5985-2a05-00e4a448a567">
      <ns0:Execution id="361a8136-9b8d-4b59-bc91-861859c81c24" />
      <ns0:TestMethod codeBase="/Users/wanghongyi/Projects/W.DmProvider/.local/verification/r3/t18/frozen-source-v2/source/tests/W.DmProvider.SecurityTests/bin/Release/net10.0/W.DmProvider.SecurityTests.dll" adapterTypeName="executor://xunit/VsTestRunner2/netcoreapp" className="W.DmProvider.SecurityTests.TlsTransportTests" name="MutualTlsAcceptsPasswordProtectedPlatformScopedPfx" />
    </ns0:UnitTest>
    <ns0:UnitTest name="W.DmProvider.SecurityTests.TlsOptionsTests.ClientCertificatePasswordIsRedactedAcrossSnapshotAndBaseSetterPoison" storage="/users/wanghongyi/projects/w.dmprovider/.local/verification/r3/t18/frozen-source-v2/source/tests/w.dmprovider.securitytests/bin/release/net10.0/w.dmprovider.securitytests.dll" id="981331c6-629b-96cc-89b4-d46a6705f120">
      <ns0:Execution id="24f88c95-0d93-4a5a-a86b-c51b046f7ea7" />
      <ns0:TestMethod codeBase="/Users/wanghongyi/Projects/W.DmProvider/.local/verification/r3/t18/frozen-source-v2/source/tests/W.DmProvider.SecurityTests/bin/Release/net10.0/W.DmProvider.SecurityTests.dll" adapterTypeName="executor://xunit/VsTestRunner2/netcoreapp" className="W.DmProvider.SecurityTests.TlsOptionsTests" name="ClientCertificatePasswordIsRedactedAcrossSnapshotAndBaseSetterPoison" />
    </ns0:UnitTest>
    <ns0:UnitTest name="W.DmProvider.SecurityTests.NegotiationPolicyTests.AuthenticationOnlyAndUnsupportedModesFailBeforeLogin" storage="/users/wanghongyi/projects/w.dmprovider/.local/verification/r3/t18/frozen-source-v2/source/tests/w.dmprovider.securitytests/bin/release/net10.0/w.dmprovider.securitytests.dll" id="00143dfc-666b-f13a-51c5-1481d5385060">
      <ns0:Execution id="e83f7e40-8c75-4f4c-a752-61bcc3d030f6" />
      <ns0:TestMethod codeBase="/Users/wanghongyi/Projects/W.DmProvider/.local/verification/r3/t18/frozen-source-v2/source/tests/W.DmProvider.SecurityTests/bin/Release/net10.0/W.DmProvider.SecurityTests.dll" adapterTypeName="executor://xunit/VsTestRunner2/netcoreapp" className="W.DmProvider.SecurityTests.NegotiationPolicyTests" name="AuthenticationOnlyAndUnsupportedModesFailBeforeLogin" />
    </ns0:UnitTest>
    <ns0:UnitTest name="W.DmProvider.SecurityTests.TlsTransportTests.MutualTlsAcceptsExplicitClientCertificate" storage="/users/wanghongyi/projects/w.dmprovider/.local/verification/r3/t18/frozen-source-v2/source/tests/w.dmprovider.securitytests/bin/release/net10.0/w.dmprovider.securitytests.dll" id="de70bb76-193e-6a88-cc9e-d7ca85af1f86">
      <ns0:Execution id="efa52292-988f-4503-8cee-09a2247f969e" />
      <ns0:TestMethod codeBase="/Users/wanghongyi/Projects/W.DmProvider/.local/verification/r3/t18/frozen-source-v2/source/tests/W.DmProvider.SecurityTests/bin/Release/net10.0/W.DmProvider.SecurityTests.dll" adapterTypeName="executor://xunit/VsTestRunner2/netcoreapp" className="W.DmProvider.SecurityTests.TlsTransportTests" name="MutualTlsAcceptsExplicitClientCertificate" />
    </ns0:UnitTest>
    <ns0:UnitTest name="W.DmProvider.SecurityTests.TlsLifecycleTests.CloseAbortsPendingTlsAuthenticationAndDisposesSocketOnce" storage="/users/wanghongyi/projects/w.dmprovider/.local/verification/r3/t18/frozen-source-v2/source/tests/w.dmprovider.securitytests/bin/release/net10.0/w.dmprovider.securitytests.dll" id="3769e0a3-057b-95a0-4030-ba582b7af85f">
      <ns0:Execution id="7ba14834-fe2c-4c3b-9ed6-0cd42f5ef10a" />
      <ns0:TestMethod codeBase="/Users/wanghongyi/Projects/W.DmProvider/.local/verification/r3/t18/frozen-source-v2/source/tests/W.DmProvider.SecurityTests/bin/Release/net10.0/W.DmProvider.SecurityTests.dll" adapterTypeName="executor://xunit/VsTestRunner2/netcoreapp" className="W.DmProvider.SecurityTests.TlsLifecycleTests" name="CloseAbortsPendingTlsAuthenticationAndDisposesSocketOnce" />
    </ns0:UnitTest>
    <ns0:UnitTest name="W.DmProvider.SecurityTests.NegotiationPolicyTests.PlaintextModeRequiresExplicitPolicy" storage="/users/wanghongyi/projects/w.dmprovider/.local/verification/r3/t18/frozen-source-v2/source/tests/w.dmprovider.securitytests/bin/release/net10.0/w.dmprovider.securitytests.dll" id="533aac9f-5ad9-aaf1-c67e-9e6192acefd1">
      <ns0:Execution id="17c42c1c-fb65-4916-9c6a-df75dbf3ea96" />
      <ns0:TestMethod codeBase="/Users/wanghongyi/Projects/W.DmProvider/.local/verification/r3/t18/frozen-source-v2/source/tests/W.DmProvider.SecurityTests/bin/Release/net10.0/W.DmProvider.SecurityTests.dll" adapterTypeName="executor://xunit/VsTestRunner2/netcoreapp" className="W.DmProvider.SecurityTests.NegotiationPolicyTests" name="PlaintextModeRequiresExplicitPolicy" />
    </ns0:UnitTest>
    <ns0:UnitTest name="W.DmProvider.SecurityTests.NativeLibraryTests.UntrustedRelativePathRejectsBeforeLoad" storage="/users/wanghongyi/projects/w.dmprovider/.local/verification/r3/t18/frozen-source-v2/source/tests/w.dmprovider.securitytests/bin/release/net10.0/w.dmprovider.securitytests.dll" id="b3295c2a-4d0a-ea15-0eee-3b3a74bc0db9">
      <ns0:Execution id="b49b4272-9487-443d-b90f-106cd567b0e3" />
      <ns0:TestMethod codeBase="/Users/wanghongyi/Projects/W.DmProvider/.local/verification/r3/t18/frozen-source-v2/source/tests/W.DmProvider.SecurityTests/bin/Release/net10.0/W.DmProvider.SecurityTests.dll" adapterTypeName="executor://xunit/VsTestRunner2/netcoreapp" className="W.DmProvider.SecurityTests.NativeLibraryTests" name="UntrustedRelativePathRejectsBeforeLoad" />
    </ns0:UnitTest>
    <ns0:UnitTest name="W.DmProvider.SecurityTests.NativeLibraryTests.NativeInitializationFailureStillReleasesHandleOnce" storage="/users/wanghongyi/projects/w.dmprovider/.local/verification/r3/t18/frozen-source-v2/source/tests/w.dmprovider.securitytests/bin/release/net10.0/w.dmprovider.securitytests.dll" id="cbbcc1d3-4d96-11ea-4f1c-18cc05676615">
      <ns0:Execution id="86c7f7c8-a774-4aa5-803d-1f12cebb19fd" />
      <ns0:TestMethod codeBase="/Users/wanghongyi/Projects/W.DmProvider/.local/verification/r3/t18/frozen-source-v2/source/tests/W.DmProvider.SecurityTests/bin/Release/net10.0/W.DmProvider.SecurityTests.dll" adapterTypeName="executor://xunit/VsTestRunner2/netcoreapp" className="W.DmProvider.SecurityTests.NativeLibraryTests" name="NativeInitializationFailureStillReleasesHandleOnce" />
    </ns0:UnitTest>
    <ns0:UnitTest name="W.DmProvider.SecurityTests.NativeLibraryTests.MissingExportReleasesLoadedLibraryExactlyOnce" storage="/users/wanghongyi/projects/w.dmprovider/.local/verification/r3/t18/frozen-source-v2/source/tests/w.dmprovider.securitytests/bin/release/net10.0/w.dmprovider.securitytests.dll" id="ca2ff1a3-5a53-b40d-abae-38f33479a5db">
      <ns0:Execution id="7d54b7b1-ecf8-47eb-87e8-021b35b8c971" />
      <ns0:TestMethod codeBase="/Users/wanghongyi/Projects/W.DmProvider/.local/verification/r3/t18/frozen-source-v2/source/tests/W.DmProvider.SecurityTests/bin/Release/net10.0/W.DmProvider.SecurityTests.dll" adapterTypeName="executor://xunit/VsTestRunner2/netcoreapp" className="W.DmProvider.SecurityTests.NativeLibraryTests" name="MissingExportReleasesLoadedLibraryExactlyOnce" />
    </ns0:UnitTest>
    <ns0:UnitTest name="W.DmProvider.SecurityTests.NegotiationPolicyTests.AuthenticationOnlyAndUnsupportedModesFailBeforeLogin" storage="/users/wanghongyi/projects/w.dmprovider/.local/verification/r3/t18/frozen-source-v2/source/tests/w.dmprovider.securitytests/bin/release/net10.0/w.dmprovider.securitytests.dll" id="3463e555-1b44-3c6b-2e15-d721f966a75f">
      <ns0:Execution id="808fbf51-7747-41b5-ac58-dbd8919de35f" />
      <ns0:TestMethod codeBase="/Users/wanghongyi/Projects/W.DmProvider/.local/verification/r3/t18/frozen-source-v2/source/tests/W.DmProvider.SecurityTests/bin/Release/net10.0/W.DmProvider.SecurityTests.dll" adapterTypeName="executor://xunit/VsTestRunner2/netcoreapp" className="W.DmProvider.SecurityTests.NegotiationPolicyTests" name="AuthenticationOnlyAndUnsupportedModesFailBeforeLogin" />
    </ns0:UnitTest>
    <ns0:UnitTest name="W.DmProvider.SecurityTests.TlsLifecycleTests.CloseAbortsBlockedTlsReadAndDisposesSocketOnce" storage="/users/wanghongyi/projects/w.dmprovider/.local/verification/r3/t18/frozen-source-v2/source/tests/w.dmprovider.securitytests/bin/release/net10.0/w.dmprovider.securitytests.dll" id="62fc4ca7-4547-2435-c81f-76b9c740d025">
      <ns0:Execution id="f0bffc0f-02f6-4137-ba50-8e29c2777a0e" />
      <ns0:TestMethod codeBase="/Users/wanghongyi/Projects/W.DmProvider/.local/verification/r3/t18/frozen-source-v2/source/tests/W.DmProvider.SecurityTests/bin/Release/net10.0/W.DmProvider.SecurityTests.dll" adapterTypeName="executor://xunit/VsTestRunner2/netcoreapp" className="W.DmProvider.SecurityTests.TlsLifecycleTests" name="CloseAbortsBlockedTlsReadAndDisposesSocketOnce" />
    </ns0:UnitTest>
    <ns0:UnitTest name="W.DmProvider.SecurityTests.NativeLibraryTests.WrongArchitectureReportsSanitizedFailure" storage="/users/wanghongyi/projects/w.dmprovider/.local/verification/r3/t18/frozen-source-v2/source/tests/w.dmprovider.securitytests/bin/release/net10.0/w.dmprovider.securitytests.dll" id="719042bb-0383-bde5-0833-d0ec751e2cab">
      <ns0:Execution id="79cd447a-f752-4934-97dd-c781cba19899" />
      <ns0:TestMethod codeBase="/Users/wanghongyi/Projects/W.DmProvider/.local/verification/r3/t18/frozen-source-v2/source/tests/W.DmProvider.SecurityTests/bin/Release/net10.0/W.DmProvider.SecurityTests.dll" adapterTypeName="executor://xunit/VsTestRunner2/netcoreapp" className="W.DmProvider.SecurityTests.NativeLibraryTests" name="WrongArchitectureReportsSanitizedFailure" />
    </ns0:UnitTest>
    <ns0:UnitTest name="W.DmProvider.SecurityTests.NegotiationPolicyTests.AuthenticationOnlyAndUnsupportedModesFailBeforeLogin" storage="/users/wanghongyi/projects/w.dmprovider/.local/verification/r3/t18/frozen-source-v2/source/tests/w.dmprovider.securitytests/bin/release/net10.0/w.dmprovider.securitytests.dll" id="eb164ca8-3483-50b7-e8bc-41d3010dbb66">
      <ns0:Execution id="162e337e-f6d5-4efa-8712-ded17b82bdbd" />
      <ns0:TestMethod codeBase="/Users/wanghongyi/Projects/W.DmProvider/.local/verification/r3/t18/frozen-source-v2/source/tests/W.DmProvider.SecurityTests/bin/Release/net10.0/W.DmProvider.SecurityTests.dll" adapterTypeName="executor://xunit/VsTestRunner2/netcoreapp" className="W.DmProvider.SecurityTests.NegotiationPolicyTests" name="AuthenticationOnlyAndUnsupportedModesFailBeforeLogin" />
    </ns0:UnitTest>
    <ns0:UnitTest name="W.DmProvider.SecurityTests.NativeLibraryTests.DeclaredExportIsScopedAndDisposeIsIdempotent" storage="/users/wanghongyi/projects/w.dmprovider/.local/verification/r3/t18/frozen-source-v2/source/tests/w.dmprovider.securitytests/bin/release/net10.0/w.dmprovider.securitytests.dll" id="32412b20-55cb-2db2-c5cf-f187f986f237">
      <ns0:Execution id="ee8669fe-8e7b-4a2d-bf9f-83bc90d8b497" />
      <ns0:TestMethod codeBase="/Users/wanghongyi/Projects/W.DmProvider/.local/verification/r3/t18/frozen-source-v2/source/tests/W.DmProvider.SecurityTests/bin/Release/net10.0/W.DmProvider.SecurityTests.dll" adapterTypeName="executor://xunit/VsTestRunner2/netcoreapp" className="W.DmProvider.SecurityTests.NativeLibraryTests" name="DeclaredExportIsScopedAndDisposeIsIdempotent" />
    </ns0:UnitTest>
    <ns0:UnitTest name="W.DmProvider.SecurityTests.NativeLibraryTests.MissingLibraryReportsSanitizedFailureWithoutFreeingAbsentHandle" storage="/users/wanghongyi/projects/w.dmprovider/.local/verification/r3/t18/frozen-source-v2/source/tests/w.dmprovider.securitytests/bin/release/net10.0/w.dmprovider.securitytests.dll" id="96d37f10-55cc-f2db-ca13-918a64e26e92">
      <ns0:Execution id="d5bbde07-6f35-4b35-83e2-ad31b880bfdf" />
      <ns0:TestMethod codeBase="/Users/wanghongyi/Projects/W.DmProvider/.local/verification/r3/t18/frozen-source-v2/source/tests/W.DmProvider.SecurityTests/bin/Release/net10.0/W.DmProvider.SecurityTests.dll" adapterTypeName="executor://xunit/VsTestRunner2/netcoreapp" className="W.DmProvider.SecurityTests.NativeLibraryTests" name="MissingLibraryReportsSanitizedFailureWithoutFreeingAbsentHandle" />
    </ns0:UnitTest>
    <ns0:UnitTest name="W.DmProvider.SecurityTests.NegotiationPolicyTests.NativeMessageEncryptionNeverFallsBackToPlaintext" storage="/users/wanghongyi/projects/w.dmprovider/.local/verification/r3/t18/frozen-source-v2/source/tests/w.dmprovider.securitytests/bin/release/net10.0/w.dmprovider.securitytests.dll" id="09e1589e-484a-0450-bfad-8a8789fc9d6b">
      <ns0:Execution id="5e851d31-effb-4d70-902d-3a3697de2ff8" />
      <ns0:TestMethod codeBase="/Users/wanghongyi/Projects/W.DmProvider/.local/verification/r3/t18/frozen-source-v2/source/tests/W.DmProvider.SecurityTests/bin/Release/net10.0/W.DmProvider.SecurityTests.dll" adapterTypeName="executor://xunit/VsTestRunner2/netcoreapp" className="W.DmProvider.SecurityTests.NegotiationPolicyTests" name="NativeMessageEncryptionNeverFallsBackToPlaintext" />
    </ns0:UnitTest>
    <ns0:UnitTest name="W.DmProvider.SecurityTests.FixtureVectorTests.FixtureNegotiatedModesExecuteAgainstPolicyGuard" storage="/users/wanghongyi/projects/w.dmprovider/.local/verification/r3/t18/frozen-source-v2/source/tests/w.dmprovider.securitytests/bin/release/net10.0/w.dmprovider.securitytests.dll" id="5e31de7c-4179-0927-4701-dd9750fc3b24">
      <ns0:Execution id="f7b6e3a3-94f5-4174-b207-0ed69bb04c1a" />
      <ns0:TestMethod codeBase="/Users/wanghongyi/Projects/W.DmProvider/.local/verification/r3/t18/frozen-source-v2/source/tests/W.DmProvider.SecurityTests/bin/Release/net10.0/W.DmProvider.SecurityTests.dll" adapterTypeName="executor://xunit/VsTestRunner2/netcoreapp" className="W.DmProvider.SecurityTests.FixtureVectorTests" name="FixtureNegotiatedModesExecuteAgainstPolicyGuard" />
    </ns0:UnitTest>
    <ns0:UnitTest name="W.DmProvider.SecurityTests.AsyncTlsValidationTests.TrustedMatchingCertificateAuthenticatesThroughAsyncUpgrade" storage="/users/wanghongyi/projects/w.dmprovider/.local/verification/r3/t18/frozen-source-v2/source/tests/w.dmprovider.securitytests/bin/release/net10.0/w.dmprovider.securitytests.dll" id="dbc0457a-487c-54a7-225a-4097ec4fedf3">
      <ns0:Execution id="301956bd-5cbd-47c8-a342-256c84de850b" />
      <ns0:TestMethod codeBase="/Users/wanghongyi/Projects/W.DmProvider/.local/verification/r3/t18/frozen-source-v2/source/tests/W.DmProvider.SecurityTests/bin/Release/net10.0/W.DmProvider.SecurityTests.dll" adapterTypeName="executor://xunit/VsTestRunner2/netcoreapp" className="W.DmProvider.SecurityTests.AsyncTlsValidationTests" name="TrustedMatchingCertificateAuthenticatesThroughAsyncUpgrade" />
    </ns0:UnitTest>
    <ns0:UnitTest name="W.DmProvider.SecurityTests.NegotiationPolicyTests.AuthenticationOnlyAndUnsupportedModesFailBeforeLogin" storage="/users/wanghongyi/projects/w.dmprovider/.local/verification/r3/t18/frozen-source-v2/source/tests/w.dmprovider.securitytests/bin/release/net10.0/w.dmprovider.securitytests.dll" id="c0a58523-3721-e6de-00c8-89df61d600a9">
      <ns0:Execution id="e41363c9-a42e-4a3a-b3ed-1548322972d3" />
      <ns0:TestMethod codeBase="/Users/wanghongyi/Projects/W.DmProvider/.local/verification/r3/t18/frozen-source-v2/source/tests/W.DmProvider.SecurityTests/bin/Release/net10.0/W.DmProvider.SecurityTests.dll" adapterTypeName="executor://xunit/VsTestRunner2/netcoreapp" className="W.DmProvider.SecurityTests.NegotiationPolicyTests" name="AuthenticationOnlyAndUnsupportedModesFailBeforeLogin" />
    </ns0:UnitTest>
    <ns0:UnitTest name="W.DmProvider.SecurityTests.TlsTransportTests.ValidCaAndMatchingDnsOrIpSanUpgradeTls" storage="/users/wanghongyi/projects/w.dmprovider/.local/verification/r3/t18/frozen-source-v2/source/tests/w.dmprovider.securitytests/bin/release/net10.0/w.dmprovider.securitytests.dll" id="0755ab7d-4285-6bd9-d50d-437a9a762292">
      <ns0:Execution id="b0945b5f-701b-4a47-a193-90f7122dfc77" />
      <ns0:TestMethod codeBase="/Users/wanghongyi/Projects/W.DmProvider/.local/verification/r3/t18/frozen-source-v2/source/tests/W.DmProvider.SecurityTests/bin/Release/net10.0/W.DmProvider.SecurityTests.dll" adapterTypeName="executor://xunit/VsTestRunner2/netcoreapp" className="W.DmProvider.SecurityTests.TlsTransportTests" name="ValidCaAndMatchingDnsOrIpSanUpgradeTls" />
    </ns0:UnitTest>
    <ns0:UnitTest name="W.DmProvider.SecurityTests.TlsTransportTests.UnknownCaFailsClosedWithoutSuccessfulUpgrade" storage="/users/wanghongyi/projects/w.dmprovider/.local/verification/r3/t18/frozen-source-v2/source/tests/w.dmprovider.securitytests/bin/release/net10.0/w.dmprovider.securitytests.dll" id="ffa8c015-1b5f-6df4-eb1d-c07b25f0e9fb">
      <ns0:Execution id="bf4492c9-01a2-4d41-871f-30ba82207775" />
      <ns0:TestMethod codeBase="/Users/wanghongyi/Projects/W.DmProvider/.local/verification/r3/t18/frozen-source-v2/source/tests/W.DmProvider.SecurityTests/bin/Release/net10.0/W.DmProvider.SecurityTests.dll" adapterTypeName="executor://xunit/VsTestRunner2/netcoreapp" className="W.DmProvider.SecurityTests.TlsTransportTests" name="UnknownCaFailsClosedWithoutSuccessfulUpgrade" />
    </ns0:UnitTest>
    <ns0:UnitTest name="W.DmProvider.SecurityTests.TlsLifecycleTests.AbsoluteConnectDeadlineIncludesPendingTlsHandshake" storage="/users/wanghongyi/projects/w.dmprovider/.local/verification/r3/t18/frozen-source-v2/source/tests/w.dmprovider.securitytests/bin/release/net10.0/w.dmprovider.securitytests.dll" id="5e88a0e5-0693-1b61-df6a-0e031ba92b69">
      <ns0:Execution id="5e4dc9d3-49dc-408a-a55e-35b5371c72da" />
      <ns0:TestMethod codeBase="/Users/wanghongyi/Projects/W.DmProvider/.local/verification/r3/t18/frozen-source-v2/source/tests/W.DmProvider.SecurityTests/bin/Release/net10.0/W.DmProvider.SecurityTests.dll" adapterTypeName="executor://xunit/VsTestRunner2/netcoreapp" className="W.DmProvider.SecurityTests.TlsLifecycleTests" name="AbsoluteConnectDeadlineIncludesPendingTlsHandshake" />
    </ns0:UnitTest>
    <ns0:UnitTest name="W.DmProvider.SecurityTests.NativeLibraryTests.DisposeWaitsForActiveExportCallbackBeforeFreeing" storage="/users/wanghongyi/projects/w.dmprovider/.local/verification/r3/t18/frozen-source-v2/source/tests/w.dmprovider.securitytests/bin/release/net10.0/w.dmprovider.securitytests.dll" id="1f1a7e11-1342-b49b-52a9-11ab1d1521aa">
      <ns0:Execution id="f8da82f3-474c-4265-a869-4e0d1eb3aa53" />
      <ns0:TestMethod codeBase="/Users/wanghongyi/Projects/W.DmProvider/.local/verification/r3/t18/frozen-source-v2/source/tests/W.DmProvider.SecurityTests/bin/Release/net10.0/W.DmProvider.SecurityTests.dll" adapterTypeName="executor://xunit/VsTestRunner2/netcoreapp" className="W.DmProvider.SecurityTests.NativeLibraryTests" name="DisposeWaitsForActiveExportCallbackBeforeFreeing" />
    </ns0:UnitTest>
    <ns0:UnitTest name="W.DmProvider.SecurityTests.NegotiationPolicyTests.FullStreamTlsModesAlwaysRequireCertificateValidatedUpgrade" storage="/users/wanghongyi/projects/w.dmprovider/.local/verification/r3/t18/frozen-source-v2/source/tests/w.dmprovider.securitytests/bin/release/net10.0/w.dmprovider.securitytests.dll" id="b4d4b230-39e9-c383-f1e9-0e20f3e9c4f0">
      <ns0:Execution id="df15fa5b-f812-4cab-b8dc-149bfb3aa145" />
      <ns0:TestMethod codeBase="/Users/wanghongyi/Projects/W.DmProvider/.local/verification/r3/t18/frozen-source-v2/source/tests/W.DmProvider.SecurityTests/bin/Release/net10.0/W.DmProvider.SecurityTests.dll" adapterTypeName="executor://xunit/VsTestRunner2/netcoreapp" className="W.DmProvider.SecurityTests.NegotiationPolicyTests" name="FullStreamTlsModesAlwaysRequireCertificateValidatedUpgrade" />
    </ns0:UnitTest>
  </ns0:TestDefinitions>
  <ns0:TestEntries>
    <ns0:TestEntry testId="c2e588d7-c5ab-a805-daf0-77721f823204" executionId="0d37d308-ad30-4886-b54a-966b665218b4" testListId="8c84fa94-04c1-424b-9868-57a2d4851a1d" />
    <ns0:TestEntry testId="9a709573-0898-71a2-1408-75ab7e886ec9" executionId="514f3455-58d6-4e84-86f7-f2cf16c44340" testListId="8c84fa94-04c1-424b-9868-57a2d4851a1d" />
    <ns0:TestEntry testId="00143dfc-666b-f13a-51c5-1481d5385060" executionId="e83f7e40-8c75-4f4c-a752-61bcc3d030f6" testListId="8c84fa94-04c1-424b-9868-57a2d4851a1d" />
    <ns0:TestEntry testId="719042bb-0383-bde5-0833-d0ec751e2cab" executionId="79cd447a-f752-4934-97dd-c781cba19899" testListId="8c84fa94-04c1-424b-9868-57a2d4851a1d" />
    <ns0:TestEntry testId="4cc3d041-bb8d-5ada-06b4-1815177fc9e8" executionId="31df968c-1721-4256-a4f5-0bcb5d684386" testListId="8c84fa94-04c1-424b-9868-57a2d4851a1d" />
    <ns0:TestEntry testId="d544fa27-8f7b-f2f1-d4d2-cb31d692a632" executionId="be9ff3b1-1dad-43e8-8880-1e575e40c46e" testListId="8c84fa94-04c1-424b-9868-57a2d4851a1d" />
    <ns0:TestEntry testId="533aac9f-5ad9-aaf1-c67e-9e6192acefd1" executionId="17c42c1c-fb65-4916-9c6a-df75dbf3ea96" testListId="8c84fa94-04c1-424b-9868-57a2d4851a1d" />
    <ns0:TestEntry testId="09e1589e-484a-0450-bfad-8a8789fc9d6b" executionId="5e851d31-effb-4d70-902d-3a3697de2ff8" testListId="8c84fa94-04c1-424b-9868-57a2d4851a1d" />
    <ns0:TestEntry testId="eb164ca8-3483-50b7-e8bc-41d3010dbb66" executionId="162e337e-f6d5-4efa-8712-ded17b82bdbd" testListId="8c84fa94-04c1-424b-9868-57a2d4851a1d" />
    <ns0:TestEntry testId="32e1a5a9-e2b2-336f-f9d2-56994b3aba3a" executionId="3760dfb6-2aba-4b42-99fe-0b3ca32f9f80" testListId="8c84fa94-04c1-424b-9868-57a2d4851a1d" />
    <ns0:TestEntry testId="07fef50d-e839-46f1-d928-3333192e3e05" executionId="49eb9832-e8d2-402e-b041-6223b51a1934" testListId="8c84fa94-04c1-424b-9868-57a2d4851a1d" />
    <ns0:TestEntry testId="f6c00162-7eee-3786-786f-868f81e4d515" executionId="193e0eb0-ea5a-40ca-a671-b9b5f331468b" testListId="8c84fa94-04c1-424b-9868-57a2d4851a1d" />
    <ns0:TestEntry testId="dbc0457a-487c-54a7-225a-4097ec4fedf3" executionId="301956bd-5cbd-47c8-a342-256c84de850b" testListId="8c84fa94-04c1-424b-9868-57a2d4851a1d" />
    <ns0:TestEntry testId="981331c6-629b-96cc-89b4-d46a6705f120" executionId="24f88c95-0d93-4a5a-a86b-c51b046f7ea7" testListId="8c84fa94-04c1-424b-9868-57a2d4851a1d" />
    <ns0:TestEntry testId="b3295c2a-4d0a-ea15-0eee-3b3a74bc0db9" executionId="b49b4272-9487-443d-b90f-106cd567b0e3" testListId="8c84fa94-04c1-424b-9868-57a2d4851a1d" />
    <ns0:TestEntry testId="96d37f10-55cc-f2db-ca13-918a64e26e92" executionId="d5bbde07-6f35-4b35-83e2-ad31b880bfdf" testListId="8c84fa94-04c1-424b-9868-57a2d4851a1d" />
    <ns0:TestEntry testId="32412b20-55cb-2db2-c5cf-f187f986f237" executionId="ee8669fe-8e7b-4a2d-bf9f-83bc90d8b497" testListId="8c84fa94-04c1-424b-9868-57a2d4851a1d" />
    <ns0:TestEntry testId="2111c572-24d9-5985-2a05-00e4a448a567" executionId="361a8136-9b8d-4b59-bc91-861859c81c24" testListId="8c84fa94-04c1-424b-9868-57a2d4851a1d" />
    <ns0:TestEntry testId="3769e0a3-057b-95a0-4030-ba582b7af85f" executionId="7ba14834-fe2c-4c3b-9ed6-0cd42f5ef10a" testListId="8c84fa94-04c1-424b-9868-57a2d4851a1d" />
    <ns0:TestEntry testId="62fc4ca7-4547-2435-c81f-76b9c740d025" executionId="f0bffc0f-02f6-4137-ba50-8e29c2777a0e" testListId="8c84fa94-04c1-424b-9868-57a2d4851a1d" />
    <ns0:TestEntry testId="6743f84c-2790-1570-06b5-a4177c9dff5a" executionId="caeaa517-a7ea-43d1-80b8-a000648882ce" testListId="8c84fa94-04c1-424b-9868-57a2d4851a1d" />
    <ns0:TestEntry testId="2050529e-09a0-eba2-3716-94f8b10dc222" executionId="b2c3e413-45ca-41a3-9da3-1454f12b8850" testListId="8c84fa94-04c1-424b-9868-57a2d4851a1d" />
    <ns0:TestEntry testId="b4d4b230-39e9-c383-f1e9-0e20f3e9c4f0" executionId="df15fa5b-f812-4cab-b8dc-149bfb3aa145" testListId="8c84fa94-04c1-424b-9868-57a2d4851a1d" />
    <ns0:TestEntry testId="3463e555-1b44-3c6b-2e15-d721f966a75f" executionId="808fbf51-7747-41b5-ac58-dbd8919de35f" testListId="8c84fa94-04c1-424b-9868-57a2d4851a1d" />
    <ns0:TestEntry testId="752eb6fd-80fd-15b0-1371-18c8edcb5253" executionId="f92903ea-addc-4465-a3f4-f48548945341" testListId="8c84fa94-04c1-424b-9868-57a2d4851a1d" />
    <ns0:TestEntry testId="d950d80f-54a5-a03b-1289-9bb5c847ed44" executionId="ebb90e6a-68ea-4bbe-9206-6c1bff864dca" testListId="8c84fa94-04c1-424b-9868-57a2d4851a1d" />
    <ns0:TestEntry testId="8e414bf6-c357-b6ff-7d94-b21ed5fca0ff" executionId="6e2e3f3d-9cdb-4ed5-83d8-bb5a46b32ad6" testListId="8c84fa94-04c1-424b-9868-57a2d4851a1d" />
    <ns0:TestEntry testId="ffa8c015-1b5f-6df4-eb1d-c07b25f0e9fb" executionId="bf4492c9-01a2-4d41-871f-30ba82207775" testListId="8c84fa94-04c1-424b-9868-57a2d4851a1d" />
    <ns0:TestEntry testId="c255853a-7a5c-81f9-8917-4665709afdd9" executionId="a6125c3a-149d-47be-b80c-c65138bb0abd" testListId="8c84fa94-04c1-424b-9868-57a2d4851a1d" />
    <ns0:TestEntry testId="1f1a7e11-1342-b49b-52a9-11ab1d1521aa" executionId="f8da82f3-474c-4265-a869-4e0d1eb3aa53" testListId="8c84fa94-04c1-424b-9868-57a2d4851a1d" />
    <ns0:TestEntry testId="634dad1c-5ae4-d06f-6b4a-da9a9c0cb189" executionId="570200b8-d20c-46e4-8eed-a9553305365f" testListId="8c84fa94-04c1-424b-9868-57a2d4851a1d" />
    <ns0:TestEntry testId="0755ab7d-4285-6bd9-d50d-437a9a762292" executionId="b0945b5f-701b-4a47-a193-90f7122dfc77" testListId="8c84fa94-04c1-424b-9868-57a2d4851a1d" />
    <ns0:TestEntry testId="5e88a0e5-0693-1b61-df6a-0e031ba92b69" executionId="5e4dc9d3-49dc-408a-a55e-35b5371c72da" testListId="8c84fa94-04c1-424b-9868-57a2d4851a1d" />
    <ns0:TestEntry testId="703d5ae8-995f-4c6e-d3d8-9ac371c824f0" executionId="cb9725e6-7d5d-4560-8ee0-cb17e3c135c4" testListId="8c84fa94-04c1-424b-9868-57a2d4851a1d" />
    <ns0:TestEntry testId="c0a58523-3721-e6de-00c8-89df61d600a9" executionId="e41363c9-a42e-4a3a-b3ed-1548322972d3" testListId="8c84fa94-04c1-424b-9868-57a2d4851a1d" />
    <ns0:TestEntry testId="ca2ff1a3-5a53-b40d-abae-38f33479a5db" executionId="7d54b7b1-ecf8-47eb-87e8-021b35b8c971" testListId="8c84fa94-04c1-424b-9868-57a2d4851a1d" />
    <ns0:TestEntry testId="de70bb76-193e-6a88-cc9e-d7ca85af1f86" executionId="efa52292-988f-4503-8cee-09a2247f969e" testListId="8c84fa94-04c1-424b-9868-57a2d4851a1d" />
    <ns0:TestEntry testId="5e31de7c-4179-0927-4701-dd9750fc3b24" executionId="f7b6e3a3-94f5-4174-b207-0ed69bb04c1a" testListId="8c84fa94-04c1-424b-9868-57a2d4851a1d" />
    <ns0:TestEntry testId="cbbcc1d3-4d96-11ea-4f1c-18cc05676615" executionId="86c7f7c8-a774-4aa5-803d-1f12cebb19fd" testListId="8c84fa94-04c1-424b-9868-57a2d4851a1d" />
  </ns0:TestEntries>
  <ns0:TestLists>
    <ns0:TestList name="Results Not in a List" id="8c84fa94-04c1-424b-9868-57a2d4851a1d" />
    <ns0:TestList name="All Loaded Results" id="19431567-8539-422a-85d7-44ee4e166bda" />
  </ns0:TestLists>
  <ns0:ResultSummary outcome="Completed">
    <ns0:Counters total="39" executed="39" passed="39" failed="0" error="0" timeout="0" aborted="0" inconclusive="0" passedButRunAborted="0" notRunnable="0" notExecuted="0" disconnected="0" warning="0" completed="0" inProgress="0" pending="0" />
    </ns0:ResultSummary>
</ns0:TestRun>