<?xml version='1.0' encoding='utf-8'?>
<ns0:TestRun xmlns:ns0="http://microsoft.com/schemas/VisualStudio/TeamTest/2010" id="13fbefb6-6763-4488-81f9-4686060ab91d" name="@runnervm8df0l 2026-10-03 07:59:05">
  <ns0:Times creation="2026-10-03T07:59:05.4731348+00:00" queuing="2026-10-03T07:59:05.4731349+00:00" start="2026-10-03T07:59:04.4241645+00:00" finish="2026-10-03T07:59:05.5092822+00:00" />
  <ns0:TestSettings name="default" id="f95a41ee-fb03-42cb-b7bc-681458a3e4c2">
    <ns0:Deployment runDeploymentRoot="_runnervm8df0l_2026-10-03_07_59_05" />
  </ns0:TestSettings>
  <ns0:Results>
    <ns0:UnitTestResult executionId="8e43147a-c4de-416c-8349-60251a6b7f2c" testId="5a852fb5-ecfe-d947-524a-91cb585f36fa" testName="W.DmProvider.ConfigurationTests.ConfigurationTests.IncompleteAuthenticationRejectsBeforeNetwork" computerName="runnervm8df0l" duration="00:00:00.2963210" startTime="2026-10-03T07:59:05.3331584+00:00" endTime="2026-10-03T07:59:05.3331888+00:00" testType="13cdc9d9-ddb5-4fa4-a97d-d965ccfc6d4b" outcome="Passed" testListId="8c84fa94-04c1-424b-9868-57a2d4851a1d" relativeResultsDirectory="8e43147a-c4de-416c-8349-60251a6b7f2c" />
    <ns0:UnitTestResult executionId="ae6ca147-bce9-4ef9-873a-3350f6f8a087" testId="07a69d97-ae1c-c476-2db9-89aff6f88939" testName="W.DmProvider.ConfigurationTests.ConfigurationTests.SecretAndSnapshotsRemainLocal" computerName="runnervm8df0l" duration="00:00:00.0020619" startTime="2026-10-03T07:59:05.3919125+00:00" endTime="2026-10-03T07:59:05.3919126+00:00" testType="13cdc9d9-ddb5-4fa4-a97d-d965ccfc6d4b" outcome="Passed" testListId="8c84fa94-04c1-424b-9868-57a2d4851a1d" relativeResultsDirectory="ae6ca147-bce9-4ef9-873a-3350f6f8a087" />
    <ns0:UnitTestResult executionId="6d8f2ccc-814b-4883-989d-c16923d91060" testId="05b07a3b-d6d8-a3ea-7fc3-94c47d408054" testName="W.DmProvider.ConfigurationTests.ConfigurationTests.NegotiatedSecurityFlagsAreRejectedBeforeLegacyCipherUse" computerName="runnervm8df0l" duration="00:00:00.0007752" startTime="2026-10-03T07:59:05.3897814+00:00" endTime="2026-10-03T07:59:05.3897815+00:00" testType="13cdc9d9-ddb5-4fa4-a97d-d965ccfc6d4b" outcome="Passed" testListId="8c84fa94-04c1-424b-9868-57a2d4851a1d" relativeResultsDirectory="6d8f2ccc-814b-4883-989d-c16923d91060" />
    <ns0:UnitTestResult executionId="11ee27ed-aeca-4dc3-9d84-2e149bdadb54" testId="c3d0f3b0-4416-4fca-8770-aeda849f36c5" testName="W.DmProvider.ConfigurationTests.ConfigurationTests.UnsupportedAndAdvancedEntrypointsReject" computerName="runnervm8df0l" duration="00:00:00.0046338" startTime="2026-10-03T07:59:05.4042455+00:00" endTime="2026-10-03T07:59:05.4042456+00:00" testType="13cdc9d9-ddb5-4fa4-a97d-d965ccfc6d4b" outcome="Passed" testListId="8c84fa94-04c1-424b-9868-57a2d4851a1d" relativeResultsDirectory="11ee27ed-aeca-4dc3-9d84-2e149bdadb54" />
    <ns0:UnitTestResult executionId="cf475ff5-0ebd-4b8b-9181-933831f2a7ca" testId="1b11932d-78a7-1dbd-cb42-73988218ce02" testName="W.DmProvider.ConfigurationTests.ConfigurationTests.ConnectingEventFailureRestoresClosedState" computerName="runnervm8df0l" duration="00:00:00.0107089" startTime="2026-10-03T07:59:05.4150344+00:00" endTime="2026-10-03T07:59:05.4150345+00:00" testType="13cdc9d9-ddb5-4fa4-a97d-d965ccfc6d4b" outcome="Passed" testListId="8c84fa94-04c1-424b-9868-57a2d4851a1d" relativeResultsDirectory="cf475ff5-0ebd-4b8b-9181-933831f2a7ca" />
    <ns0:UnitTestResult executionId="b86e8464-8ea3-4c4a-a801-2ee404880d2e" testId="af30e4c9-55aa-1a66-e813-43ed28dfd287" testName="W.DmProvider.ConfigurationTests.ConfigurationTests.SafeDefaultsAndStandardUnits" computerName="runnervm8df0l" duration="00:00:00.0075649" startTime="2026-10-03T07:59:05.3995359+00:00" endTime="2026-10-03T07:59:05.3995360+00:00" testType="13cdc9d9-ddb5-4fa4-a97d-d965ccfc6d4b" outcome="Passed" testListId="8c84fa94-04c1-424b-9868-57a2d4851a1d" relativeResultsDirectory="b86e8464-8ea3-4c4a-a801-2ee404880d2e" />
    <ns0:UnitTestResult executionId="60b446ec-c0f9-4a36-82c6-f40ebdafcc1a" testId="4348633f-e01a-7b39-99a7-115d0b59b801" testName="W.DmProvider.ConfigurationTests.ConfigurationTests.LegacyMillisecondsAndTypedTimeSpanAgree" computerName="runnervm8df0l" duration="00:00:00.0033243" startTime="2026-10-03T07:59:05.3889535+00:00" endTime="2026-10-03T07:59:05.3889536+00:00" testType="13cdc9d9-ddb5-4fa4-a97d-d965ccfc6d4b" outcome="Passed" testListId="8c84fa94-04c1-424b-9868-57a2d4851a1d" relativeResultsDirectory="60b446ec-c0f9-4a36-82c6-f40ebdafcc1a" />
    <ns0:UnitTestResult executionId="6c52d64a-4d13-4ca2-ab93-ae438c0b48bc" testId="e8491816-4754-b3c5-11cb-3e1a1d7e46c4" testName="W.DmProvider.ConfigurationTests.ConfigurationTests.DerivedSetterRollbackAndBaseSetterFailureFamilies" computerName="runnervm8df0l" duration="00:00:00.0019718" startTime="2026-10-03T07:59:05.4417278+00:00" endTime="2026-10-03T07:59:05.4417279+00:00" testType="13cdc9d9-ddb5-4fa4-a97d-d965ccfc6d4b" outcome="Passed" testListId="8c84fa94-04c1-424b-9868-57a2d4851a1d" relativeResultsDirectory="6c52d64a-4d13-4ca2-ab93-ae438c0b48bc" />
    <ns0:UnitTestResult executionId="0f1b7f99-2a36-4909-bd74-648ce64ad590" testId="cb11d85d-fcb1-d048-3169-7936e9ba4060" testName="W.DmProvider.ConfigurationTests.ConfigurationTests.FixtureCases" computerName="runnervm8df0l" duration="00:00:00.0185465" startTime="2026-10-03T07:59:05.3855547+00:00" endTime="2026-10-03T07:59:05.3855548+00:00" testType="13cdc9d9-ddb5-4fa4-a97d-d965ccfc6d4b" outcome="Passed" testListId="8c84fa94-04c1-424b-9868-57a2d4851a1d" relativeResultsDirectory="0f1b7f99-2a36-4909-bd74-648ce64ad590" />
    <ns0:UnitTestResult executionId="ddb13b03-09f4-4e30-ae38-f211cc598fcd" testId="5dcd22b8-bb21-5427-3e5c-51a6ac123d71" testName="W.DmProvider.ConfigurationTests.ConfigurationTests.SchemaEntryPointsShareValidationAndQuoteOneIdentifier" computerName="runnervm8df0l" duration="00:00:00.0342767" startTime="2026-10-03T07:59:05.3669813+00:00" endTime="2026-10-03T07:59:05.3669815+00:00" testType="13cdc9d9-ddb5-4fa4-a97d-d965ccfc6d4b" outcome="Passed" testListId="8c84fa94-04c1-424b-9868-57a2d4851a1d" relativeResultsDirectory="ddb13b03-09f4-4e30-ae38-f211cc598fcd" />
    <ns0:UnitTestResult executionId="1e97c081-e19d-4e89-8941-75e1e72b4b20" testId="9e976908-d562-15d3-c81e-1a31020635c8" testName="W.DmProvider.ConfigurationTests.ConfigurationTests.StrictAliasAssignmentAndRecovery" computerName="runnervm8df0l" duration="00:00:00.0010988" startTime="2026-10-03T07:59:05.4414983+00:00" endTime="2026-10-03T07:59:05.4414984+00:00" testType="13cdc9d9-ddb5-4fa4-a97d-d965ccfc6d4b" outcome="Passed" testListId="8c84fa94-04c1-424b-9868-57a2d4851a1d" relativeResultsDirectory="1e97c081-e19d-4e89-8941-75e1e72b4b20" />
  </ns0:Results>
  <ns0:TestDefinitions>
    <ns0:UnitTest name="W.DmProvider.ConfigurationTests.ConfigurationTests.IncompleteAuthenticationRejectsBeforeNetwork" storage="[runner-temp]/r3-candidate/0.1.0-r3.20261003075844/private/source/tests/w.dmprovider.configurationtests/bin/release/net10.0/w.dmprovider.configurationtests.dll" id="5a852fb5-ecfe-d947-524a-91cb585f36fa">
      <ns0:Execution id="8e43147a-c4de-416c-8349-60251a6b7f2c" />
      <ns0:TestMethod codeBase="[runner-temp]/r3-candidate/0.1.0-r3.20261003075844/private/source/tests/W.DmProvider.ConfigurationTests/bin/Release/net10.0/W.DmProvider.ConfigurationTests.dll" adapterTypeName="executor://xunit/VsTestRunner2/netcoreapp" className="W.DmProvider.ConfigurationTests.ConfigurationTests" name="IncompleteAuthenticationRejectsBeforeNetwork" />
    </ns0:UnitTest>
    <ns0:UnitTest name="W.DmProvider.ConfigurationTests.ConfigurationTests.ConnectingEventFailureRestoresClosedState" storage="[runner-temp]/r3-candidate/0.1.0-r3.20261003075844/private/source/tests/w.dmprovider.configurationtests/bin/release/net10.0/w.dmprovider.configurationtests.dll" id="1b11932d-78a7-1dbd-cb42-73988218ce02">
      <ns0:Execution id="cf475ff5-0ebd-4b8b-9181-933831f2a7ca" />
      <ns0:TestMethod codeBase="[runner-temp]/r3-candidate/0.1.0-r3.20261003075844/private/source/tests/W.DmProvider.ConfigurationTests/bin/Release/net10.0/W.DmProvider.ConfigurationTests.dll" adapterTypeName="executor://xunit/VsTestRunner2/netcoreapp" className="W.DmProvider.ConfigurationTests.ConfigurationTests" name="ConnectingEventFailureRestoresClosedState" />
    </ns0:UnitTest>
    <ns0:UnitTest name="W.DmProvider.ConfigurationTests.ConfigurationTests.LegacyMillisecondsAndTypedTimeSpanAgree" storage="[runner-temp]/r3-candidate/0.1.0-r3.20261003075844/private/source/tests/w.dmprovider.configurationtests/bin/release/net10.0/w.dmprovider.configurationtests.dll" id="4348633f-e01a-7b39-99a7-115d0b59b801">
      <ns0:Execution id="60b446ec-c0f9-4a36-82c6-f40ebdafcc1a" />
      <ns0:TestMethod codeBase="[runner-temp]/r3-candidate/0.1.0-r3.20261003075844/private/source/tests/W.DmProvider.ConfigurationTests/bin/Release/net10.0/W.DmProvider.ConfigurationTests.dll" adapterTypeName="executor://xunit/VsTestRunner2/netcoreapp" className="W.DmProvider.ConfigurationTests.ConfigurationTests" name="LegacyMillisecondsAndTypedTimeSpanAgree" />
    </ns0:UnitTest>
    <ns0:UnitTest name="W.DmProvider.ConfigurationTests.ConfigurationTests.DerivedSetterRollbackAndBaseSetterFailureFamilies" storage="[runner-temp]/r3-candidate/0.1.0-r3.20261003075844/private/source/tests/w.dmprovider.configurationtests/bin/release/net10.0/w.dmprovider.configurationtests.dll" id="e8491816-4754-b3c5-11cb-3e1a1d7e46c4">
      <ns0:Execution id="6c52d64a-4d13-4ca2-ab93-ae438c0b48bc" />
      <ns0:TestMethod codeBase="[runner-temp]/r3-candidate/0.1.0-r3.20261003075844/private/source/tests/W.DmProvider.ConfigurationTests/bin/Release/net10.0/W.DmProvider.ConfigurationTests.dll" adapterTypeName="executor://xunit/VsTestRunner2/netcoreapp" className="W.DmProvider.ConfigurationTests.ConfigurationTests" name="DerivedSetterRollbackAndBaseSetterFailureFamilies" />
    </ns0:UnitTest>
    <ns0:UnitTest name="W.DmProvider.ConfigurationTests.ConfigurationTests.SchemaEntryPointsShareValidationAndQuoteOneIdentifier" storage="[runner-temp]/r3-candidate/0.1.0-r3.20261003075844/private/source/tests/w.dmprovider.configurationtests/bin/release/net10.0/w.dmprovider.configurationtests.dll" id="5dcd22b8-bb21-5427-3e5c-51a6ac123d71">
      <ns0:Execution id="ddb13b03-09f4-4e30-ae38-f211cc598fcd" />
      <ns0:TestMethod codeBase="[runner-temp]/r3-candidate/0.1.0-r3.20261003075844/private/source/tests/W.DmProvider.ConfigurationTests/bin/Release/net10.0/W.DmProvider.ConfigurationTests.dll" adapterTypeName="executor://xunit/VsTestRunner2/netcoreapp" className="W.DmProvider.ConfigurationTests.ConfigurationTests" name="SchemaEntryPointsShareValidationAndQuoteOneIdentifier" />
    </ns0:UnitTest>
    <ns0:UnitTest name="W.DmProvider.ConfigurationTests.ConfigurationTests.SecretAndSnapshotsRemainLocal" storage="[runner-temp]/r3-candidate/0.1.0-r3.20261003075844/private/source/tests/w.dmprovider.configurationtests/bin/release/net10.0/w.dmprovider.configurationtests.dll" id="07a69d97-ae1c-c476-2db9-89aff6f88939">
      <ns0:Execution id="ae6ca147-bce9-4ef9-873a-3350f6f8a087" />
      <ns0:TestMethod codeBase="[runner-temp]/r3-candidate/0.1.0-r3.20261003075844/private/source/tests/W.DmProvider.ConfigurationTests/bin/Release/net10.0/W.DmProvider.ConfigurationTests.dll" adapterTypeName="executor://xunit/VsTestRunner2/netcoreapp" className="W.DmProvider.ConfigurationTests.ConfigurationTests" name="SecretAndSnapshotsRemainLocal" />
    </ns0:UnitTest>
    <ns0:UnitTest name="W.DmProvider.ConfigurationTests.ConfigurationTests.FixtureCases" storage="[runner-temp]/r3-candidate/0.1.0-r3.20261003075844/private/source/tests/w.dmprovider.configurationtests/bin/release/net10.0/w.dmprovider.configurationtests.dll" id="cb11d85d-fcb1-d048-3169-7936e9ba4060">
      <ns0:Execution id="0f1b7f99-2a36-4909-bd74-648ce64ad590" />
      <ns0:TestMethod codeBase="[runner-temp]/r3-candidate/0.1.0-r3.20261003075844/private/source/tests/W.DmProvider.ConfigurationTests/bin/Release/net10.0/W.DmProvider.ConfigurationTests.dll" adapterTypeName="executor://xunit/VsTestRunner2/netcoreapp" className="W.DmProvider.ConfigurationTests.ConfigurationTests" name="FixtureCases" />
    </ns0:UnitTest>
    <ns0:UnitTest name="W.DmProvider.ConfigurationTests.ConfigurationTests.UnsupportedAndAdvancedEntrypointsReject" storage="[runner-temp]/r3-candidate/0.1.0-r3.20261003075844/private/source/tests/w.dmprovider.configurationtests/bin/release/net10.0/w.dmprovider.configurationtests.dll" id="c3d0f3b0-4416-4fca-8770-aeda849f36c5">
      <ns0:Execution id="11ee27ed-aeca-4dc3-9d84-2e149bdadb54" />
      <ns0:TestMethod codeBase="[runner-temp]/r3-candidate/0.1.0-r3.20261003075844/private/source/tests/W.DmProvider.ConfigurationTests/bin/Release/net10.0/W.DmProvider.ConfigurationTests.dll" adapterTypeName="executor://xunit/VsTestRunner2/netcoreapp" className="W.DmProvider.ConfigurationTests.ConfigurationTests" name="UnsupportedAndAdvancedEntrypointsReject" />
    </ns0:UnitTest>
    <ns0:UnitTest name="W.DmProvider.ConfigurationTests.ConfigurationTests.NegotiatedSecurityFlagsAreRejectedBeforeLegacyCipherUse" storage="[runner-temp]/r3-candidate/0.1.0-r3.20261003075844/private/source/tests/w.dmprovider.configurationtests/bin/release/net10.0/w.dmprovider.configurationtests.dll" id="05b07a3b-d6d8-a3ea-7fc3-94c47d408054">
      <ns0:Execution id="6d8f2ccc-814b-4883-989d-c16923d91060" />
      <ns0:TestMethod codeBase="[runner-temp]/r3-candidate/0.1.0-r3.20261003075844/private/source/tests/W.DmProvider.ConfigurationTests/bin/Release/net10.0/W.DmProvider.ConfigurationTests.dll" adapterTypeName="executor://xunit/VsTestRunner2/netcoreapp" className="W.DmProvider.ConfigurationTests.ConfigurationTests" name="NegotiatedSecurityFlagsAreRejectedBeforeLegacyCipherUse" />
    </ns0:UnitTest>
    <ns0:UnitTest name="W.DmProvider.ConfigurationTests.ConfigurationTests.StrictAliasAssignmentAndRecovery" storage="[runner-temp]/r3-candidate/0.1.0-r3.20261003075844/private/source/tests/w.dmprovider.configurationtests/bin/release/net10.0/w.dmprovider.configurationtests.dll" id="9e976908-d562-15d3-c81e-1a31020635c8">
      <ns0:Execution id="1e97c081-e19d-4e89-8941-75e1e72b4b20" />
      <ns0:TestMethod codeBase="[runner-temp]/r3-candidate/0.1.0-r3.20261003075844/private/source/tests/W.DmProvider.ConfigurationTests/bin/Release/net10.0/W.DmProvider.ConfigurationTests.dll" adapterTypeName="executor://xunit/VsTestRunner2/netcoreapp" className="W.DmProvider.ConfigurationTests.ConfigurationTests" name="StrictAliasAssignmentAndRecovery" />
    </ns0:UnitTest>
    <ns0:UnitTest name="W.DmProvider.ConfigurationTests.ConfigurationTests.SafeDefaultsAndStandardUnits" storage="[runner-temp]/r3-candidate/0.1.0-r3.20261003075844/private/source/tests/w.dmprovider.configurationtests/bin/release/net10.0/w.dmprovider.configurationtests.dll" id="af30e4c9-55aa-1a66-e813-43ed28dfd287">
      <ns0:Execution id="b86e8464-8ea3-4c4a-a801-2ee404880d2e" />
      <ns0:TestMethod codeBase="[runner-temp]/r3-candidate/0.1.0-r3.20261003075844/private/source/tests/W.DmProvider.ConfigurationTests/bin/Release/net10.0/W.DmProvider.ConfigurationTests.dll" adapterTypeName="executor://xunit/VsTestRunner2/netcoreapp" className="W.DmProvider.ConfigurationTests.ConfigurationTests" name="SafeDefaultsAndStandardUnits" />
    </ns0:UnitTest>
  </ns0:TestDefinitions>
  <ns0:TestEntries>
    <ns0:TestEntry testId="5a852fb5-ecfe-d947-524a-91cb585f36fa" executionId="8e43147a-c4de-416c-8349-60251a6b7f2c" testListId="8c84fa94-04c1-424b-9868-57a2d4851a1d" />
    <ns0:TestEntry testId="07a69d97-ae1c-c476-2db9-89aff6f88939" executionId="ae6ca147-bce9-4ef9-873a-3350f6f8a087" testListId="8c84fa94-04c1-424b-9868-57a2d4851a1d" />
    <ns0:TestEntry testId="05b07a3b-d6d8-a3ea-7fc3-94c47d408054" executionId="6d8f2ccc-814b-4883-989d-c16923d91060" testListId="8c84fa94-04c1-424b-9868-57a2d4851a1d" />
    <ns0:TestEntry testId="c3d0f3b0-4416-4fca-8770-aeda849f36c5" executionId="11ee27ed-aeca-4dc3-9d84-2e149bdadb54" testListId="8c84fa94-04c1-424b-9868-57a2d4851a1d" />
    <ns0:TestEntry testId="1b11932d-78a7-1dbd-cb42-73988218ce02" executionId="cf475ff5-0ebd-4b8b-9181-933831f2a7ca" testListId="8c84fa94-04c1-424b-9868-57a2d4851a1d" />
    <ns0:TestEntry testId="af30e4c9-55aa-1a66-e813-43ed28dfd287" executionId="b86e8464-8ea3-4c4a-a801-2ee404880d2e" testListId="8c84fa94-04c1-424b-9868-57a2d4851a1d" />
    <ns0:TestEntry testId="4348633f-e01a-7b39-99a7-115d0b59b801" executionId="60b446ec-c0f9-4a36-82c6-f40ebdafcc1a" testListId="8c84fa94-04c1-424b-9868-57a2d4851a1d" />
    <ns0:TestEntry testId="e8491816-4754-b3c5-11cb-3e1a1d7e46c4" executionId="6c52d64a-4d13-4ca2-ab93-ae438c0b48bc" testListId="8c84fa94-04c1-424b-9868-57a2d4851a1d" />
    <ns0:TestEntry testId="cb11d85d-fcb1-d048-3169-7936e9ba4060" executionId="0f1b7f99-2a36-4909-bd74-648ce64ad590" testListId="8c84fa94-04c1-424b-9868-57a2d4851a1d" />
    <ns0:TestEntry testId="5dcd22b8-bb21-5427-3e5c-51a6ac123d71" executionId="ddb13b03-09f4-4e30-ae38-f211cc598fcd" testListId="8c84fa94-04c1-424b-9868-57a2d4851a1d" />
    <ns0:TestEntry testId="9e976908-d562-15d3-c81e-1a31020635c8" executionId="1e97c081-e19d-4e89-8941-75e1e72b4b20" testListId="8c84fa94-04c1-424b-9868-57a2d4851a1d" />
  </ns0:TestEntries>
  <ns0:TestLists>
    <ns0:TestList name="Results Not in a List" id="8c84fa94-04c1-424b-9868-57a2d4851a1d" />
    <ns0:TestList name="All Loaded Results" id="19431567-8539-422a-85d7-44ee4e166bda" />
  </ns0:TestLists>
  <ns0:ResultSummary outcome="Completed">
    <ns0:Counters total="11" executed="11" passed="11" failed="0" error="0" timeout="0" aborted="0" inconclusive="0" passedButRunAborted="0" notRunnable="0" notExecuted="0" disconnected="0" warning="0" completed="0" inProgress="0" pending="0" />
    </ns0:ResultSummary>
</ns0:TestRun>