<?xml version='1.0' encoding='utf-8'?>
<ns0:TestRun xmlns:ns0="http://microsoft.com/schemas/VisualStudio/TeamTest/2010" id="de4878f1-a5bf-4f34-b063-8c6a51b96871" name="@wanghongyideMacBook-Pro 2026-10-03 05:52:59">
  <ns0:Times creation="2026-10-03T05:52:59.4367550+08:00" queuing="2026-10-03T05:52:59.4367550+08:00" start="2026-10-03T05:52:59.1767020+08:00" finish="2026-10-03T05:52:59.4441760+08:00" />
  <ns0:TestSettings name="default" id="6d03b49b-8f09-4e55-a25e-d6b33ef28086">
    <ns0:Deployment runDeploymentRoot="_wanghongyideMacBook-Pro_2026-10-03_05_52_59" />
  </ns0:TestSettings>
  <ns0:Results>
    <ns0:UnitTestResult executionId="5b96ed8b-40db-45ec-b53f-1e0e72be4c32" testId="1b11932d-78a7-1dbd-cb42-73988218ce02" testName="W.DmProvider.ConfigurationTests.ConfigurationTests.ConnectingEventFailureRestoresClosedState" computerName="wanghongyideMacBook-Pro" duration="00:00:00.0014276" startTime="2026-10-03T05:52:59.4154440+08:00" endTime="2026-10-03T05:52:59.4154440+08:00" testType="13cdc9d9-ddb5-4fa4-a97d-d965ccfc6d4b" outcome="Passed" testListId="8c84fa94-04c1-424b-9868-57a2d4851a1d" relativeResultsDirectory="5b96ed8b-40db-45ec-b53f-1e0e72be4c32" />
    <ns0:UnitTestResult executionId="c85a59f3-a60e-4ccf-b649-81f64d3818fc" testId="4348633f-e01a-7b39-99a7-115d0b59b801" testName="W.DmProvider.ConfigurationTests.ConfigurationTests.LegacyMillisecondsAndTypedTimeSpanAgree" computerName="wanghongyideMacBook-Pro" duration="00:00:00.0012874" startTime="2026-10-03T05:52:59.4087990+08:00" endTime="2026-10-03T05:52:59.4087990+08:00" testType="13cdc9d9-ddb5-4fa4-a97d-d965ccfc6d4b" outcome="Passed" testListId="8c84fa94-04c1-424b-9868-57a2d4851a1d" relativeResultsDirectory="c85a59f3-a60e-4ccf-b649-81f64d3818fc" />
    <ns0:UnitTestResult executionId="efc6b712-e644-4656-a2bc-f0dbd6da4eb9" testId="05b07a3b-d6d8-a3ea-7fc3-94c47d408054" testName="W.DmProvider.ConfigurationTests.ConfigurationTests.NegotiatedSecurityFlagsAreRejectedBeforeLegacyCipherUse" computerName="wanghongyideMacBook-Pro" duration="00:00:00.0002828" startTime="2026-10-03T05:52:59.4090960+08:00" endTime="2026-10-03T05:52:59.4090960+08:00" testType="13cdc9d9-ddb5-4fa4-a97d-d965ccfc6d4b" outcome="Passed" testListId="8c84fa94-04c1-424b-9868-57a2d4851a1d" relativeResultsDirectory="efc6b712-e644-4656-a2bc-f0dbd6da4eb9" />
    <ns0:UnitTestResult executionId="f7725ea1-0950-4306-a57b-e059b936ff0b" testId="cb11d85d-fcb1-d048-3169-7936e9ba4060" testName="W.DmProvider.ConfigurationTests.ConfigurationTests.FixtureCases" computerName="wanghongyideMacBook-Pro" duration="00:00:00.0083788" startTime="2026-10-03T05:52:59.4074860+08:00" endTime="2026-10-03T05:52:59.4074860+08:00" testType="13cdc9d9-ddb5-4fa4-a97d-d965ccfc6d4b" outcome="Passed" testListId="8c84fa94-04c1-424b-9868-57a2d4851a1d" relativeResultsDirectory="f7725ea1-0950-4306-a57b-e059b936ff0b" />
    <ns0:UnitTestResult executionId="c1b92d00-97ee-45df-8786-50f554cf0f75" testId="9e976908-d562-15d3-c81e-1a31020635c8" testName="W.DmProvider.ConfigurationTests.ConfigurationTests.StrictAliasAssignmentAndRecovery" computerName="wanghongyideMacBook-Pro" duration="00:00:00.0002582" startTime="2026-10-03T05:52:59.4247060+08:00" endTime="2026-10-03T05:52:59.4247060+08:00" testType="13cdc9d9-ddb5-4fa4-a97d-d965ccfc6d4b" outcome="Passed" testListId="8c84fa94-04c1-424b-9868-57a2d4851a1d" relativeResultsDirectory="c1b92d00-97ee-45df-8786-50f554cf0f75" />
    <ns0:UnitTestResult executionId="05f68bf2-3fb5-4459-9cc4-771fcb817af5" testId="e8491816-4754-b3c5-11cb-3e1a1d7e46c4" testName="W.DmProvider.ConfigurationTests.ConfigurationTests.DerivedSetterRollbackAndBaseSetterFailureFamilies" computerName="wanghongyideMacBook-Pro" duration="00:00:00.0004236" startTime="2026-10-03T05:52:59.4247600+08:00" endTime="2026-10-03T05:52:59.4247600+08:00" testType="13cdc9d9-ddb5-4fa4-a97d-d965ccfc6d4b" outcome="Passed" testListId="8c84fa94-04c1-424b-9868-57a2d4851a1d" relativeResultsDirectory="05f68bf2-3fb5-4459-9cc4-771fcb817af5" />
    <ns0:UnitTestResult executionId="f937b6b7-5f9d-41ed-bce5-ab9987206018" testId="c3d0f3b0-4416-4fca-8770-aeda849f36c5" testName="W.DmProvider.ConfigurationTests.ConfigurationTests.UnsupportedAndAdvancedEntrypointsReject" computerName="wanghongyideMacBook-Pro" duration="00:00:00.0015184" startTime="2026-10-03T05:52:59.4140080+08:00" endTime="2026-10-03T05:52:59.4140080+08:00" testType="13cdc9d9-ddb5-4fa4-a97d-d965ccfc6d4b" outcome="Passed" testListId="8c84fa94-04c1-424b-9868-57a2d4851a1d" relativeResultsDirectory="f937b6b7-5f9d-41ed-bce5-ab9987206018" />
    <ns0:UnitTestResult executionId="c561c6bd-9c8d-46a0-bc21-72ecd9045646" testId="5dcd22b8-bb21-5427-3e5c-51a6ac123d71" testName="W.DmProvider.ConfigurationTests.ConfigurationTests.SchemaEntryPointsShareValidationAndQuoteOneIdentifier" computerName="wanghongyideMacBook-Pro" duration="00:00:00.0020243" startTime="2026-10-03T05:52:59.3990900+08:00" endTime="2026-10-03T05:52:59.3990900+08:00" testType="13cdc9d9-ddb5-4fa4-a97d-d965ccfc6d4b" outcome="Passed" testListId="8c84fa94-04c1-424b-9868-57a2d4851a1d" relativeResultsDirectory="c561c6bd-9c8d-46a0-bc21-72ecd9045646" />
    <ns0:UnitTestResult executionId="d4916d66-96d2-4b4d-9cfd-c9f9bbf1c50a" testId="07a69d97-ae1c-c476-2db9-89aff6f88939" testName="W.DmProvider.ConfigurationTests.ConfigurationTests.SecretAndSnapshotsRemainLocal" computerName="wanghongyideMacBook-Pro" duration="00:00:00.0006671" startTime="2026-10-03T05:52:59.4097750+08:00" endTime="2026-10-03T05:52:59.4097750+08:00" testType="13cdc9d9-ddb5-4fa4-a97d-d965ccfc6d4b" outcome="Passed" testListId="8c84fa94-04c1-424b-9868-57a2d4851a1d" relativeResultsDirectory="d4916d66-96d2-4b4d-9cfd-c9f9bbf1c50a" />
    <ns0:UnitTestResult executionId="8bcc0603-d520-4e2b-a610-8a8a3b5701d1" testId="af30e4c9-55aa-1a66-e813-43ed28dfd287" testName="W.DmProvider.ConfigurationTests.ConfigurationTests.SafeDefaultsAndStandardUnits" computerName="wanghongyideMacBook-Pro" duration="00:00:00.0026881" startTime="2026-10-03T05:52:59.4124770+08:00" endTime="2026-10-03T05:52:59.4124770+08:00" testType="13cdc9d9-ddb5-4fa4-a97d-d965ccfc6d4b" outcome="Passed" testListId="8c84fa94-04c1-424b-9868-57a2d4851a1d" relativeResultsDirectory="8bcc0603-d520-4e2b-a610-8a8a3b5701d1" />
    <ns0:UnitTestResult executionId="e4f8634b-a14d-4ccd-826d-79a77cca765a" testId="5a852fb5-ecfe-d947-524a-91cb585f36fa" testName="W.DmProvider.ConfigurationTests.ConfigurationTests.IncompleteAuthenticationRejectsBeforeNetwork" computerName="wanghongyideMacBook-Pro" duration="00:00:00.0141967" startTime="2026-10-03T05:52:59.3972680+08:00" endTime="2026-10-03T05:52:59.3972770+08:00" testType="13cdc9d9-ddb5-4fa4-a97d-d965ccfc6d4b" outcome="Passed" testListId="8c84fa94-04c1-424b-9868-57a2d4851a1d" relativeResultsDirectory="e4f8634b-a14d-4ccd-826d-79a77cca765a" />
  </ns0:Results>
  <ns0:TestDefinitions>
    <ns0:UnitTest name="W.DmProvider.ConfigurationTests.ConfigurationTests.IncompleteAuthenticationRejectsBeforeNetwork" storage="/users/wanghongyi/projects/w.dmprovider/.local/verification/r3/t19/runs/0.1.0-r3.20261002215249/private/source/tests/w.dmprovider.configurationtests/bin/release/net10.0/w.dmprovider.configurationtests.dll" id="5a852fb5-ecfe-d947-524a-91cb585f36fa">
      <ns0:Execution id="e4f8634b-a14d-4ccd-826d-79a77cca765a" />
      <ns0:TestMethod codeBase="/Users/wanghongyi/Projects/W.DmProvider/.local/verification/r3/t19/runs/0.1.0-r3.20261002215249/private/source/tests/W.DmProvider.ConfigurationTests/bin/Release/net10.0/W.DmProvider.ConfigurationTests.dll" adapterTypeName="executor://xunit/VsTestRunner2/netcoreapp" className="W.DmProvider.ConfigurationTests.ConfigurationTests" name="IncompleteAuthenticationRejectsBeforeNetwork" />
    </ns0:UnitTest>
    <ns0:UnitTest name="W.DmProvider.ConfigurationTests.ConfigurationTests.ConnectingEventFailureRestoresClosedState" storage="/users/wanghongyi/projects/w.dmprovider/.local/verification/r3/t19/runs/0.1.0-r3.20261002215249/private/source/tests/w.dmprovider.configurationtests/bin/release/net10.0/w.dmprovider.configurationtests.dll" id="1b11932d-78a7-1dbd-cb42-73988218ce02">
      <ns0:Execution id="5b96ed8b-40db-45ec-b53f-1e0e72be4c32" />
      <ns0:TestMethod codeBase="/Users/wanghongyi/Projects/W.DmProvider/.local/verification/r3/t19/runs/0.1.0-r3.20261002215249/private/source/tests/W.DmProvider.ConfigurationTests/bin/Release/net10.0/W.DmProvider.ConfigurationTests.dll" adapterTypeName="executor://xunit/VsTestRunner2/netcoreapp" className="W.DmProvider.ConfigurationTests.ConfigurationTests" name="ConnectingEventFailureRestoresClosedState" />
    </ns0:UnitTest>
    <ns0:UnitTest name="W.DmProvider.ConfigurationTests.ConfigurationTests.LegacyMillisecondsAndTypedTimeSpanAgree" storage="/users/wanghongyi/projects/w.dmprovider/.local/verification/r3/t19/runs/0.1.0-r3.20261002215249/private/source/tests/w.dmprovider.configurationtests/bin/release/net10.0/w.dmprovider.configurationtests.dll" id="4348633f-e01a-7b39-99a7-115d0b59b801">
      <ns0:Execution id="c85a59f3-a60e-4ccf-b649-81f64d3818fc" />
      <ns0:TestMethod codeBase="/Users/wanghongyi/Projects/W.DmProvider/.local/verification/r3/t19/runs/0.1.0-r3.20261002215249/private/source/tests/W.DmProvider.ConfigurationTests/bin/Release/net10.0/W.DmProvider.ConfigurationTests.dll" adapterTypeName="executor://xunit/VsTestRunner2/netcoreapp" className="W.DmProvider.ConfigurationTests.ConfigurationTests" name="LegacyMillisecondsAndTypedTimeSpanAgree" />
    </ns0:UnitTest>
    <ns0:UnitTest name="W.DmProvider.ConfigurationTests.ConfigurationTests.DerivedSetterRollbackAndBaseSetterFailureFamilies" storage="/users/wanghongyi/projects/w.dmprovider/.local/verification/r3/t19/runs/0.1.0-r3.20261002215249/private/source/tests/w.dmprovider.configurationtests/bin/release/net10.0/w.dmprovider.configurationtests.dll" id="e8491816-4754-b3c5-11cb-3e1a1d7e46c4">
      <ns0:Execution id="05f68bf2-3fb5-4459-9cc4-771fcb817af5" />
      <ns0:TestMethod codeBase="/Users/wanghongyi/Projects/W.DmProvider/.local/verification/r3/t19/runs/0.1.0-r3.20261002215249/private/source/tests/W.DmProvider.ConfigurationTests/bin/Release/net10.0/W.DmProvider.ConfigurationTests.dll" adapterTypeName="executor://xunit/VsTestRunner2/netcoreapp" className="W.DmProvider.ConfigurationTests.ConfigurationTests" name="DerivedSetterRollbackAndBaseSetterFailureFamilies" />
    </ns0:UnitTest>
    <ns0:UnitTest name="W.DmProvider.ConfigurationTests.ConfigurationTests.SchemaEntryPointsShareValidationAndQuoteOneIdentifier" storage="/users/wanghongyi/projects/w.dmprovider/.local/verification/r3/t19/runs/0.1.0-r3.20261002215249/private/source/tests/w.dmprovider.configurationtests/bin/release/net10.0/w.dmprovider.configurationtests.dll" id="5dcd22b8-bb21-5427-3e5c-51a6ac123d71">
      <ns0:Execution id="c561c6bd-9c8d-46a0-bc21-72ecd9045646" />
      <ns0:TestMethod codeBase="/Users/wanghongyi/Projects/W.DmProvider/.local/verification/r3/t19/runs/0.1.0-r3.20261002215249/private/source/tests/W.DmProvider.ConfigurationTests/bin/Release/net10.0/W.DmProvider.ConfigurationTests.dll" adapterTypeName="executor://xunit/VsTestRunner2/netcoreapp" className="W.DmProvider.ConfigurationTests.ConfigurationTests" name="SchemaEntryPointsShareValidationAndQuoteOneIdentifier" />
    </ns0:UnitTest>
    <ns0:UnitTest name="W.DmProvider.ConfigurationTests.ConfigurationTests.SecretAndSnapshotsRemainLocal" storage="/users/wanghongyi/projects/w.dmprovider/.local/verification/r3/t19/runs/0.1.0-r3.20261002215249/private/source/tests/w.dmprovider.configurationtests/bin/release/net10.0/w.dmprovider.configurationtests.dll" id="07a69d97-ae1c-c476-2db9-89aff6f88939">
      <ns0:Execution id="d4916d66-96d2-4b4d-9cfd-c9f9bbf1c50a" />
      <ns0:TestMethod codeBase="/Users/wanghongyi/Projects/W.DmProvider/.local/verification/r3/t19/runs/0.1.0-r3.20261002215249/private/source/tests/W.DmProvider.ConfigurationTests/bin/Release/net10.0/W.DmProvider.ConfigurationTests.dll" adapterTypeName="executor://xunit/VsTestRunner2/netcoreapp" className="W.DmProvider.ConfigurationTests.ConfigurationTests" name="SecretAndSnapshotsRemainLocal" />
    </ns0:UnitTest>
    <ns0:UnitTest name="W.DmProvider.ConfigurationTests.ConfigurationTests.FixtureCases" storage="/users/wanghongyi/projects/w.dmprovider/.local/verification/r3/t19/runs/0.1.0-r3.20261002215249/private/source/tests/w.dmprovider.configurationtests/bin/release/net10.0/w.dmprovider.configurationtests.dll" id="cb11d85d-fcb1-d048-3169-7936e9ba4060">
      <ns0:Execution id="f7725ea1-0950-4306-a57b-e059b936ff0b" />
      <ns0:TestMethod codeBase="/Users/wanghongyi/Projects/W.DmProvider/.local/verification/r3/t19/runs/0.1.0-r3.20261002215249/private/source/tests/W.DmProvider.ConfigurationTests/bin/Release/net10.0/W.DmProvider.ConfigurationTests.dll" adapterTypeName="executor://xunit/VsTestRunner2/netcoreapp" className="W.DmProvider.ConfigurationTests.ConfigurationTests" name="FixtureCases" />
    </ns0:UnitTest>
    <ns0:UnitTest name="W.DmProvider.ConfigurationTests.ConfigurationTests.UnsupportedAndAdvancedEntrypointsReject" storage="/users/wanghongyi/projects/w.dmprovider/.local/verification/r3/t19/runs/0.1.0-r3.20261002215249/private/source/tests/w.dmprovider.configurationtests/bin/release/net10.0/w.dmprovider.configurationtests.dll" id="c3d0f3b0-4416-4fca-8770-aeda849f36c5">
      <ns0:Execution id="f937b6b7-5f9d-41ed-bce5-ab9987206018" />
      <ns0:TestMethod codeBase="/Users/wanghongyi/Projects/W.DmProvider/.local/verification/r3/t19/runs/0.1.0-r3.20261002215249/private/source/tests/W.DmProvider.ConfigurationTests/bin/Release/net10.0/W.DmProvider.ConfigurationTests.dll" adapterTypeName="executor://xunit/VsTestRunner2/netcoreapp" className="W.DmProvider.ConfigurationTests.ConfigurationTests" name="UnsupportedAndAdvancedEntrypointsReject" />
    </ns0:UnitTest>
    <ns0:UnitTest name="W.DmProvider.ConfigurationTests.ConfigurationTests.NegotiatedSecurityFlagsAreRejectedBeforeLegacyCipherUse" storage="/users/wanghongyi/projects/w.dmprovider/.local/verification/r3/t19/runs/0.1.0-r3.20261002215249/private/source/tests/w.dmprovider.configurationtests/bin/release/net10.0/w.dmprovider.configurationtests.dll" id="05b07a3b-d6d8-a3ea-7fc3-94c47d408054">
      <ns0:Execution id="efc6b712-e644-4656-a2bc-f0dbd6da4eb9" />
      <ns0:TestMethod codeBase="/Users/wanghongyi/Projects/W.DmProvider/.local/verification/r3/t19/runs/0.1.0-r3.20261002215249/private/source/tests/W.DmProvider.ConfigurationTests/bin/Release/net10.0/W.DmProvider.ConfigurationTests.dll" adapterTypeName="executor://xunit/VsTestRunner2/netcoreapp" className="W.DmProvider.ConfigurationTests.ConfigurationTests" name="NegotiatedSecurityFlagsAreRejectedBeforeLegacyCipherUse" />
    </ns0:UnitTest>
    <ns0:UnitTest name="W.DmProvider.ConfigurationTests.ConfigurationTests.StrictAliasAssignmentAndRecovery" storage="/users/wanghongyi/projects/w.dmprovider/.local/verification/r3/t19/runs/0.1.0-r3.20261002215249/private/source/tests/w.dmprovider.configurationtests/bin/release/net10.0/w.dmprovider.configurationtests.dll" id="9e976908-d562-15d3-c81e-1a31020635c8">
      <ns0:Execution id="c1b92d00-97ee-45df-8786-50f554cf0f75" />
      <ns0:TestMethod codeBase="/Users/wanghongyi/Projects/W.DmProvider/.local/verification/r3/t19/runs/0.1.0-r3.20261002215249/private/source/tests/W.DmProvider.ConfigurationTests/bin/Release/net10.0/W.DmProvider.ConfigurationTests.dll" adapterTypeName="executor://xunit/VsTestRunner2/netcoreapp" className="W.DmProvider.ConfigurationTests.ConfigurationTests" name="StrictAliasAssignmentAndRecovery" />
    </ns0:UnitTest>
    <ns0:UnitTest name="W.DmProvider.ConfigurationTests.ConfigurationTests.SafeDefaultsAndStandardUnits" storage="/users/wanghongyi/projects/w.dmprovider/.local/verification/r3/t19/runs/0.1.0-r3.20261002215249/private/source/tests/w.dmprovider.configurationtests/bin/release/net10.0/w.dmprovider.configurationtests.dll" id="af30e4c9-55aa-1a66-e813-43ed28dfd287">
      <ns0:Execution id="8bcc0603-d520-4e2b-a610-8a8a3b5701d1" />
      <ns0:TestMethod codeBase="/Users/wanghongyi/Projects/W.DmProvider/.local/verification/r3/t19/runs/0.1.0-r3.20261002215249/private/source/tests/W.DmProvider.ConfigurationTests/bin/Release/net10.0/W.DmProvider.ConfigurationTests.dll" adapterTypeName="executor://xunit/VsTestRunner2/netcoreapp" className="W.DmProvider.ConfigurationTests.ConfigurationTests" name="SafeDefaultsAndStandardUnits" />
    </ns0:UnitTest>
  </ns0:TestDefinitions>
  <ns0:TestEntries>
    <ns0:TestEntry testId="1b11932d-78a7-1dbd-cb42-73988218ce02" executionId="5b96ed8b-40db-45ec-b53f-1e0e72be4c32" testListId="8c84fa94-04c1-424b-9868-57a2d4851a1d" />
    <ns0:TestEntry testId="4348633f-e01a-7b39-99a7-115d0b59b801" executionId="c85a59f3-a60e-4ccf-b649-81f64d3818fc" testListId="8c84fa94-04c1-424b-9868-57a2d4851a1d" />
    <ns0:TestEntry testId="05b07a3b-d6d8-a3ea-7fc3-94c47d408054" executionId="efc6b712-e644-4656-a2bc-f0dbd6da4eb9" testListId="8c84fa94-04c1-424b-9868-57a2d4851a1d" />
    <ns0:TestEntry testId="cb11d85d-fcb1-d048-3169-7936e9ba4060" executionId="f7725ea1-0950-4306-a57b-e059b936ff0b" testListId="8c84fa94-04c1-424b-9868-57a2d4851a1d" />
    <ns0:TestEntry testId="9e976908-d562-15d3-c81e-1a31020635c8" executionId="c1b92d00-97ee-45df-8786-50f554cf0f75" testListId="8c84fa94-04c1-424b-9868-57a2d4851a1d" />
    <ns0:TestEntry testId="e8491816-4754-b3c5-11cb-3e1a1d7e46c4" executionId="05f68bf2-3fb5-4459-9cc4-771fcb817af5" testListId="8c84fa94-04c1-424b-9868-57a2d4851a1d" />
    <ns0:TestEntry testId="c3d0f3b0-4416-4fca-8770-aeda849f36c5" executionId="f937b6b7-5f9d-41ed-bce5-ab9987206018" testListId="8c84fa94-04c1-424b-9868-57a2d4851a1d" />
    <ns0:TestEntry testId="5dcd22b8-bb21-5427-3e5c-51a6ac123d71" executionId="c561c6bd-9c8d-46a0-bc21-72ecd9045646" testListId="8c84fa94-04c1-424b-9868-57a2d4851a1d" />
    <ns0:TestEntry testId="07a69d97-ae1c-c476-2db9-89aff6f88939" executionId="d4916d66-96d2-4b4d-9cfd-c9f9bbf1c50a" testListId="8c84fa94-04c1-424b-9868-57a2d4851a1d" />
    <ns0:TestEntry testId="af30e4c9-55aa-1a66-e813-43ed28dfd287" executionId="8bcc0603-d520-4e2b-a610-8a8a3b5701d1" testListId="8c84fa94-04c1-424b-9868-57a2d4851a1d" />
    <ns0:TestEntry testId="5a852fb5-ecfe-d947-524a-91cb585f36fa" executionId="e4f8634b-a14d-4ccd-826d-79a77cca765a" testListId="8c84fa94-04c1-424b-9868-57a2d4851a1d" />
  </ns0:TestEntries>
  <ns0:TestLists>
    <ns0:TestList name="Results Not in a List" id="8c84fa94-04c1-424b-9868-57a2d4851a1d" />
    <ns0:TestList name="All Loaded Results" id="19431567-8539-422a-85d7-44ee4e166bda" />
  </ns0:TestLists>
  <ns0:ResultSummary outcome="Completed">
    <ns0:Counters total="11" executed="11" passed="11" failed="0" error="0" timeout="0" aborted="0" inconclusive="0" passedButRunAborted="0" notRunnable="0" notExecuted="0" disconnected="0" warning="0" completed="0" inProgress="0" pending="0" />
    </ns0:ResultSummary>
</ns0:TestRun>