<?xml version='1.0' encoding='utf-8'?>
<ns0:TestRun xmlns:ns0="http://microsoft.com/schemas/VisualStudio/TeamTest/2010" id="d82b8e85-53c0-4b30-8ada-8e617aae5e8e" name="@wanghongyideMacBook-Pro 2026-09-30 14:45:38">
  <ns0:Times creation="2026-09-30T14:45:38.6364290+08:00" queuing="2026-09-30T14:45:38.6364290+08:00" start="2026-09-30T14:45:38.3645470+08:00" finish="2026-09-30T14:45:38.6492610+08:00" />
  <ns0:TestSettings name="default" id="2eae5982-5028-4609-a03d-eef4fd3b0f2c">
    <ns0:Deployment runDeploymentRoot="_wanghongyideMacBook-Pro_2026-09-30_14_45_38" />
  </ns0:TestSettings>
  <ns0:Results>
    <ns0:UnitTestResult executionId="0266272a-4f8b-4c67-8e20-df7bccc83d0e" testId="28a87ee8-fa5f-cbc7-666d-ee897a17737b" testName="W.DmProvider.TransportTests.ConnectLifecycleTests.ExpiredDeadlineRejectsBeforeAnyTcpAttemptAndClosesTransport" computerName="wanghongyideMacBook-Pro" duration="00:00:00.0001232" startTime="2026-09-30T14:45:38.6271460+08:00" endTime="2026-09-30T14:45:38.6271460+08:00" testType="13cdc9d9-ddb5-4fa4-a97d-d965ccfc6d4b" outcome="Passed" testListId="8c84fa94-04c1-424b-9868-57a2d4851a1d" relativeResultsDirectory="0266272a-4f8b-4c67-8e20-df7bccc83d0e" />
    <ns0:UnitTestResult executionId="5696b1a5-5559-4c4b-be21-ff75ffe68037" testId="376f6dba-9179-6b21-10be-a395d92b6303" testName="W.DmProvider.TransportTests.FrameBoundaryTests.ElementCountsRejectInvalidOrOverflowBeforeAllocation" computerName="wanghongyideMacBook-Pro" duration="00:00:00.0000795" startTime="2026-09-30T14:45:38.6170630+08:00" endTime="2026-09-30T14:45:38.6170630+08:00" testType="13cdc9d9-ddb5-4fa4-a97d-d965ccfc6d4b" outcome="Passed" testListId="8c84fa94-04c1-424b-9868-57a2d4851a1d" relativeResultsDirectory="5696b1a5-5559-4c4b-be21-ff75ffe68037" />
    <ns0:UnitTestResult executionId="b2833a3d-3565-4d2c-b3e2-051531236c72" testId="0d1476b1-d5a7-b826-6b71-38229284e333" testName="W.DmProvider.TransportTests.DeadlineTests.MessageIdleCapUsesOperationPurposeWithoutChangingAbsoluteDeadline" computerName="wanghongyideMacBook-Pro" duration="00:00:00.0001900" startTime="2026-09-30T14:45:38.6276680+08:00" endTime="2026-09-30T14:45:38.6276680+08:00" testType="13cdc9d9-ddb5-4fa4-a97d-d965ccfc6d4b" outcome="Passed" testListId="8c84fa94-04c1-424b-9868-57a2d4851a1d" relativeResultsDirectory="b2833a3d-3565-4d2c-b3e2-051531236c72" />
    <ns0:UnitTestResult executionId="8f37195f-822d-4bb1-81c9-b05b63259799" testId="3a3dc3d3-2bfd-cf08-57b7-6ec8ed64fafb" testName="W.DmProvider.TransportTests.FrameBoundaryTests.ElementCountsRejectInvalidOrOverflowBeforeAllocation" computerName="wanghongyideMacBook-Pro" duration="00:00:00.0001321" startTime="2026-09-30T14:45:38.6169750+08:00" endTime="2026-09-30T14:45:38.6169750+08:00" testType="13cdc9d9-ddb5-4fa4-a97d-d965ccfc6d4b" outcome="Passed" testListId="8c84fa94-04c1-424b-9868-57a2d4851a1d" relativeResultsDirectory="8f37195f-822d-4bb1-81c9-b05b63259799" />
    <ns0:UnitTestResult executionId="750f31fe-c88e-433f-aa04-1c5dcc441cb8" testId="f4332847-a2cc-64fd-aeee-142d92d5fe0f" testName="W.DmProvider.TransportTests.TransportIoTests.ZeroProgressSendFailsWithoutRetryLoop" computerName="wanghongyideMacBook-Pro" duration="00:00:00.0003516" startTime="2026-09-30T14:45:38.6297950+08:00" endTime="2026-09-30T14:45:38.6297950+08:00" testType="13cdc9d9-ddb5-4fa4-a97d-d965ccfc6d4b" outcome="Passed" testListId="8c84fa94-04c1-424b-9868-57a2d4851a1d" relativeResultsDirectory="750f31fe-c88e-433f-aa04-1c5dcc441cb8" />
    <ns0:UnitTestResult executionId="b96dfceb-2e58-4b6a-a76b-4de43621ac3f" testId="13b7382a-8c36-e3ef-cd8a-83e52541d92b" testName="W.DmProvider.TransportTests.FrameBoundaryTests.RowCountsRejectInvalidOrExcessiveMaterialization" computerName="wanghongyideMacBook-Pro" duration="00:00:00.0000601" startTime="2026-09-30T14:45:38.6253000+08:00" endTime="2026-09-30T14:45:38.6253000+08:00" testType="13cdc9d9-ddb5-4fa4-a97d-d965ccfc6d4b" outcome="Passed" testListId="8c84fa94-04c1-424b-9868-57a2d4851a1d" relativeResultsDirectory="b96dfceb-2e58-4b6a-a76b-4de43621ac3f" />
    <ns0:UnitTestResult executionId="e810b744-8434-49cc-b87f-d71c39d803eb" testId="b52007f5-72ab-1c1a-279b-62d81117dae5" testName="W.DmProvider.TransportTests.ConnectLifecycleTests.CloseDuringPendingTcpConnectDisposesCandidateOnce" computerName="wanghongyideMacBook-Pro" duration="00:00:00.0011130" startTime="2026-09-30T14:45:38.6269920+08:00" endTime="2026-09-30T14:45:38.6269920+08:00" testType="13cdc9d9-ddb5-4fa4-a97d-d965ccfc6d4b" outcome="Passed" testListId="8c84fa94-04c1-424b-9868-57a2d4851a1d" relativeResultsDirectory="e810b744-8434-49cc-b87f-d71c39d803eb" />
    <ns0:UnitTestResult executionId="ac5f03ae-6b5c-4c12-874c-d67c80b8a8fd" testId="c1af20b7-e71f-cbce-3c12-a6a9cc21358c" testName="W.DmProvider.TransportTests.TransportIoTests.CloseReleasesInjectedChannelOnce" computerName="wanghongyideMacBook-Pro" duration="00:00:00.0000496" startTime="2026-09-30T14:45:38.6298480+08:00" endTime="2026-09-30T14:45:38.6298480+08:00" testType="13cdc9d9-ddb5-4fa4-a97d-d965ccfc6d4b" outcome="Passed" testListId="8c84fa94-04c1-424b-9868-57a2d4851a1d" relativeResultsDirectory="ac5f03ae-6b5c-4c12-874c-d67c80b8a8fd" />
    <ns0:UnitTestResult executionId="f2c4f67c-0284-4bb8-bcf6-97ba911c1d14" testId="acb30075-fac4-2d18-a847-990b591562c7" testName="W.DmProvider.TransportTests.FrameBoundaryTests.InvalidLengthRejectedBeforeBodyReadOrGrowth" computerName="wanghongyideMacBook-Pro" duration="00:00:00.0002357" startTime="2026-09-30T14:45:38.6166980+08:00" endTime="2026-09-30T14:45:38.6166980+08:00" testType="13cdc9d9-ddb5-4fa4-a97d-d965ccfc6d4b" outcome="Passed" testListId="8c84fa94-04c1-424b-9868-57a2d4851a1d" relativeResultsDirectory="f2c4f67c-0284-4bb8-bcf6-97ba911c1d14" />
    <ns0:UnitTestResult executionId="5ffaeeec-09fa-4fa2-8d41-f97697805d56" testId="8e60808d-65b6-70c4-c1ad-aba666130578" testName="W.DmProvider.TransportTests.FixtureVectorTests.SyntheticManifestHasUniqueContractsAndUsesVerifiedHeaderFields" computerName="wanghongyideMacBook-Pro" duration="00:00:00.0036633" startTime="2026-09-30T14:45:38.6156980+08:00" endTime="2026-09-30T14:45:38.6156980+08:00" testType="13cdc9d9-ddb5-4fa4-a97d-d965ccfc6d4b" outcome="Passed" testListId="8c84fa94-04c1-424b-9868-57a2d4851a1d" relativeResultsDirectory="5ffaeeec-09fa-4fa2-8d41-f97697805d56" />
    <ns0:UnitTestResult executionId="a5cdb2f8-a76c-4180-9413-6aed1a57bde2" testId="c040678f-6fc9-98db-31d7-cbe7802b343b" testName="W.DmProvider.TransportTests.DeadlineTests.SharedBudgetCountsElapsedTimeAcrossSequentialPhases" computerName="wanghongyideMacBook-Pro" duration="00:00:00.0001129" startTime="2026-09-30T14:45:38.6288710+08:00" endTime="2026-09-30T14:45:38.6288710+08:00" testType="13cdc9d9-ddb5-4fa4-a97d-d965ccfc6d4b" outcome="Passed" testListId="8c84fa94-04c1-424b-9868-57a2d4851a1d" relativeResultsDirectory="a5cdb2f8-a76c-4180-9413-6aed1a57bde2" />
    <ns0:UnitTestResult executionId="b3601307-24f2-414a-9a6d-b791109dc774" testId="25fccf33-a429-7840-ee81-99bc8ac87c0d" testName="W.DmProvider.TransportTests.FrameBoundaryTests.OneByteHeaderAndFragmentedBodyFormOneFrame" computerName="wanghongyideMacBook-Pro" duration="00:00:00.0001101" startTime="2026-09-30T14:45:38.6253800+08:00" endTime="2026-09-30T14:45:38.6253800+08:00" testType="13cdc9d9-ddb5-4fa4-a97d-d965ccfc6d4b" outcome="Passed" testListId="8c84fa94-04c1-424b-9868-57a2d4851a1d" relativeResultsDirectory="b3601307-24f2-414a-9a6d-b791109dc774" />
    <ns0:UnitTestResult executionId="b1e4f310-6229-4ae4-b7b6-429182918475" testId="9d9eb314-e6d3-74cf-8265-0792d9d1ca7b" testName="W.DmProvider.TransportTests.FrameBoundaryTests.InvalidLengthRejectedBeforeBodyReadOrGrowth" computerName="wanghongyideMacBook-Pro" duration="00:00:00.0001062" startTime="2026-09-30T14:45:38.6168100+08:00" endTime="2026-09-30T14:45:38.6168100+08:00" testType="13cdc9d9-ddb5-4fa4-a97d-d965ccfc6d4b" outcome="Passed" testListId="8c84fa94-04c1-424b-9868-57a2d4851a1d" relativeResultsDirectory="b1e4f310-6229-4ae4-b7b6-429182918475" />
    <ns0:UnitTestResult executionId="b5e1d310-d420-437e-a997-1cc945e1b16b" testId="5bdaaa7d-10be-a42e-ca0b-67c247cdf0dc" testName="W.DmProvider.TransportTests.ConnectLifecycleTests.LocalTcpOpenKeepsExactlyOneSuccessfulSocket" computerName="wanghongyideMacBook-Pro" duration="00:00:00.0002675" startTime="2026-09-30T14:45:38.6274130+08:00" endTime="2026-09-30T14:45:38.6274130+08:00" testType="13cdc9d9-ddb5-4fa4-a97d-d965ccfc6d4b" outcome="Passed" testListId="8c84fa94-04c1-424b-9868-57a2d4851a1d" relativeResultsDirectory="b5e1d310-d420-437e-a997-1cc945e1b16b" />
    <ns0:UnitTestResult executionId="555c1231-51ed-4d3c-b240-9d14c6844ce4" testId="06dcf592-6681-84b0-4163-35a3565579a0" testName="W.DmProvider.TransportTests.FrameBoundaryTests.DecodedPaddingBudgetRejectsOverflowAndNegativeCounts" computerName="wanghongyideMacBook-Pro" duration="00:00:00.0001224" startTime="2026-09-30T14:45:38.6258260+08:00" endTime="2026-09-30T14:45:38.6258260+08:00" testType="13cdc9d9-ddb5-4fa4-a97d-d965ccfc6d4b" outcome="Passed" testListId="8c84fa94-04c1-424b-9868-57a2d4851a1d" relativeResultsDirectory="555c1231-51ed-4d3c-b240-9d14c6844ce4" />
    <ns0:UnitTestResult executionId="c34d4044-94e2-45f2-9748-0c158d7d9715" testId="fee1d712-6e52-7178-c498-fd4ae53a5e6f" testName="W.DmProvider.TransportTests.FrameBoundaryTests.RowCountsRejectInvalidOrExcessiveMaterialization" computerName="wanghongyideMacBook-Pro" duration="00:00:00.0000068" startTime="2026-09-30T14:45:38.6253120+08:00" endTime="2026-09-30T14:45:38.6253120+08:00" testType="13cdc9d9-ddb5-4fa4-a97d-d965ccfc6d4b" outcome="Passed" testListId="8c84fa94-04c1-424b-9868-57a2d4851a1d" relativeResultsDirectory="c34d4044-94e2-45f2-9748-0c158d7d9715" />
    <ns0:UnitTestResult executionId="2005df1d-d5b5-4b9e-acc3-38ad91aeee05" testId="0da046b7-9c6c-3d9d-246a-f6a98e1b9e80" testName="W.DmProvider.TransportTests.ConnectLifecycleTests.RefusedLocalTcpConnectClosesTransport" computerName="wanghongyideMacBook-Pro" duration="00:00:00.0005061" startTime="2026-09-30T14:45:38.6259300+08:00" endTime="2026-09-30T14:45:38.6259300+08:00" testType="13cdc9d9-ddb5-4fa4-a97d-d965ccfc6d4b" outcome="Passed" testListId="8c84fa94-04c1-424b-9868-57a2d4851a1d" relativeResultsDirectory="2005df1d-d5b5-4b9e-acc3-38ad91aeee05" />
    <ns0:UnitTestResult executionId="078455bb-ffa2-4c89-a3af-95eb4ef387e1" testId="62c72aaf-af3c-9914-9d40-1dad81036ab9" testName="W.DmProvider.TransportTests.FrameBoundaryTests.DecodedPaddingBudgetAccumulatesAcrossPackagesWithoutAllocating" computerName="wanghongyideMacBook-Pro" duration="00:00:00.0000558" startTime="2026-09-30T14:45:38.6258560+08:00" endTime="2026-09-30T14:45:38.6258560+08:00" testType="13cdc9d9-ddb5-4fa4-a97d-d965ccfc6d4b" outcome="Passed" testListId="8c84fa94-04c1-424b-9868-57a2d4851a1d" relativeResultsDirectory="078455bb-ffa2-4c89-a3af-95eb4ef387e1" />
    <ns0:UnitTestResult executionId="76c859bc-6fe5-4eac-9904-dfb22aa92a50" testId="76f30262-27bd-ea7b-b7e6-5668cf66802b" testName="W.DmProvider.TransportTests.FrameBoundaryTests.HeartbeatsDoNotResetAbsoluteDeadline" computerName="wanghongyideMacBook-Pro" duration="00:00:00.0003461" startTime="2026-09-30T14:45:38.6253920+08:00" endTime="2026-09-30T14:45:38.6253920+08:00" testType="13cdc9d9-ddb5-4fa4-a97d-d965ccfc6d4b" outcome="Passed" testListId="8c84fa94-04c1-424b-9868-57a2d4851a1d" relativeResultsDirectory="76c859bc-6fe5-4eac-9904-dfb22aa92a50" />
    <ns0:UnitTestResult executionId="a2ef94dc-d7ee-4d33-9d4e-c36deaee5116" testId="3aec54db-fbc4-0d2e-457e-18d0d1b734c4" testName="W.DmProvider.TransportTests.ConnectLifecycleTests.MultipleAddressesConsumeOneDeadlineAndReleaseFailedCandidate" computerName="wanghongyideMacBook-Pro" duration="00:00:00.0035419" startTime="2026-09-30T14:45:38.6259190+08:00" endTime="2026-09-30T14:45:38.6259190+08:00" testType="13cdc9d9-ddb5-4fa4-a97d-d965ccfc6d4b" outcome="Passed" testListId="8c84fa94-04c1-424b-9868-57a2d4851a1d" relativeResultsDirectory="a2ef94dc-d7ee-4d33-9d4e-c36deaee5116" />
    <ns0:UnitTestResult executionId="5a00ff23-3f5b-49a3-ab5c-ee2998afc87e" testId="6b68b5a1-044f-adc8-7c2e-a7298d321ea9" testName="W.DmProvider.TransportTests.FrameBoundaryTests.InvalidLengthRejectedBeforeBodyReadOrGrowth" computerName="wanghongyideMacBook-Pro" duration="00:00:00.0000128" startTime="2026-09-30T14:45:38.6168320+08:00" endTime="2026-09-30T14:45:38.6168320+08:00" testType="13cdc9d9-ddb5-4fa4-a97d-d965ccfc6d4b" outcome="Passed" testListId="8c84fa94-04c1-424b-9868-57a2d4851a1d" relativeResultsDirectory="5a00ff23-3f5b-49a3-ab5c-ee2998afc87e" />
    <ns0:UnitTestResult executionId="c94dc48d-5b85-4dd4-a5ca-8dd719ed3476" testId="5832d2e7-8226-9515-d92b-d375568212b8" testName="W.DmProvider.TransportTests.FrameBoundaryTests.CorruptCrcIsRejected" computerName="wanghongyideMacBook-Pro" duration="00:00:00.0001594" startTime="2026-09-30T14:45:38.6258700+08:00" endTime="2026-09-30T14:45:38.6258700+08:00" testType="13cdc9d9-ddb5-4fa4-a97d-d965ccfc6d4b" outcome="Passed" testListId="8c84fa94-04c1-424b-9868-57a2d4851a1d" relativeResultsDirectory="c94dc48d-5b85-4dd4-a5ca-8dd719ed3476" />
    <ns0:UnitTestResult executionId="ad9a33a9-c43a-4a17-bbc1-9fa41141e923" testId="ed0ff9e6-0fde-750d-84a5-0f9244aa9173" testName="W.DmProvider.TransportTests.FrameBoundaryTests.RowCountsRejectInvalidOrExcessiveMaterialization" computerName="wanghongyideMacBook-Pro" duration="00:00:00.0000978" startTime="2026-09-30T14:45:38.6252470+08:00" endTime="2026-09-30T14:45:38.6252470+08:00" testType="13cdc9d9-ddb5-4fa4-a97d-d965ccfc6d4b" outcome="Passed" testListId="8c84fa94-04c1-424b-9868-57a2d4851a1d" relativeResultsDirectory="ad9a33a9-c43a-4a17-bbc1-9fa41141e923" />
    <ns0:UnitTestResult executionId="5df2c441-9c02-49d4-8caf-74153f74243b" testId="96fcb874-c023-47eb-bc0c-5a431908062a" testName="W.DmProvider.TransportTests.FrameBoundaryTests.TruncatedHeaderOrBodyFails" computerName="wanghongyideMacBook-Pro" duration="00:00:00.0001262" startTime="2026-09-30T14:45:38.6253430+08:00" endTime="2026-09-30T14:45:38.6253430+08:00" testType="13cdc9d9-ddb5-4fa4-a97d-d965ccfc6d4b" outcome="Passed" testListId="8c84fa94-04c1-424b-9868-57a2d4851a1d" relativeResultsDirectory="5df2c441-9c02-49d4-8caf-74153f74243b" />
    <ns0:UnitTestResult executionId="67bf9ffd-98ad-4f5b-957f-e65fd726b602" testId="385a8cb6-62d8-bf56-0e5a-719459c3d719" testName="W.DmProvider.TransportTests.FrameBoundaryTests.CoalescedFramesRemainSeparate" computerName="wanghongyideMacBook-Pro" duration="00:00:00.0001424" startTime="2026-09-30T14:45:38.6258420+08:00" endTime="2026-09-30T14:45:38.6258420+08:00" testType="13cdc9d9-ddb5-4fa4-a97d-d965ccfc6d4b" outcome="Passed" testListId="8c84fa94-04c1-424b-9868-57a2d4851a1d" relativeResultsDirectory="67bf9ffd-98ad-4f5b-957f-e65fd726b602" />
    <ns0:UnitTestResult executionId="8d7b395d-4b0d-4fde-81c0-94a7f97e16aa" testId="d917b0d7-8307-91ba-0f84-99a7fc3df648" testName="W.DmProvider.TransportTests.FrameBoundaryTests.TruncatedHeaderOrBodyFails" computerName="wanghongyideMacBook-Pro" duration="00:00:00.0000423" startTime="2026-09-30T14:45:38.6253540+08:00" endTime="2026-09-30T14:45:38.6253540+08:00" testType="13cdc9d9-ddb5-4fa4-a97d-d965ccfc6d4b" outcome="Passed" testListId="8c84fa94-04c1-424b-9868-57a2d4851a1d" relativeResultsDirectory="8d7b395d-4b0d-4fde-81c0-94a7f97e16aa" />
    <ns0:UnitTestResult executionId="9544d03f-2fb2-4398-887c-29f6a1ea31ee" testId="9871a7f8-16b9-ffb3-1949-07c98f29e599" testName="W.DmProvider.TransportTests.FrameBoundaryTests.ElementCountsRejectInvalidOrOverflowBeforeAllocation" computerName="wanghongyideMacBook-Pro" duration="00:00:00.0000050" startTime="2026-09-30T14:45:38.6170760+08:00" endTime="2026-09-30T14:45:38.6170760+08:00" testType="13cdc9d9-ddb5-4fa4-a97d-d965ccfc6d4b" outcome="Passed" testListId="8c84fa94-04c1-424b-9868-57a2d4851a1d" relativeResultsDirectory="9544d03f-2fb2-4398-887c-29f6a1ea31ee" />
    <ns0:UnitTestResult executionId="b0a6a532-b35f-4c91-87da-949c96a2f3e8" testId="e1d3e69c-2c60-2b64-46e4-f1beec976756" testName="W.DmProvider.TransportTests.FrameBoundaryTests.RowCountsRejectInvalidOrExcessiveMaterialization" computerName="wanghongyideMacBook-Pro" duration="00:00:00.0000041" startTime="2026-09-30T14:45:38.6253230+08:00" endTime="2026-09-30T14:45:38.6253230+08:00" testType="13cdc9d9-ddb5-4fa4-a97d-d965ccfc6d4b" outcome="Passed" testListId="8c84fa94-04c1-424b-9868-57a2d4851a1d" relativeResultsDirectory="b0a6a532-b35f-4c91-87da-949c96a2f3e8" />
    <ns0:UnitTestResult executionId="907e157b-ea7f-4e27-83e6-8d943c37e9e9" testId="12061c73-6164-7f07-bf1a-b5b6bbe4d1cb" testName="W.DmProvider.TransportTests.FixtureVectorTests.ManifestCrcAndLimitVectorsRejectWithoutUnboundedRead" computerName="wanghongyideMacBook-Pro" duration="00:00:00.0007642" startTime="2026-09-30T14:45:38.6129370+08:00" endTime="2026-09-30T14:45:38.6129370+08:00" testType="13cdc9d9-ddb5-4fa4-a97d-d965ccfc6d4b" outcome="Passed" testListId="8c84fa94-04c1-424b-9868-57a2d4851a1d" relativeResultsDirectory="907e157b-ea7f-4e27-83e6-8d943c37e9e9" />
    <ns0:UnitTestResult executionId="b9ff3242-d6e2-4e98-8408-f8262d5da243" testId="e5699aea-84c4-1a5a-fb57-e50769898e09" testName="W.DmProvider.TransportTests.TransportIoTests.ShortSendWritesEveryByteInOrder" computerName="wanghongyideMacBook-Pro" duration="00:00:00.0005096" startTime="2026-09-30T14:45:38.6294210+08:00" endTime="2026-09-30T14:45:38.6294210+08:00" testType="13cdc9d9-ddb5-4fa4-a97d-d965ccfc6d4b" outcome="Passed" testListId="8c84fa94-04c1-424b-9868-57a2d4851a1d" relativeResultsDirectory="b9ff3242-d6e2-4e98-8408-f8262d5da243" />
    <ns0:UnitTestResult executionId="cbfeeb3c-cd97-4c51-a671-ffc048cf7e5c" testId="86c3d7c3-1361-72c9-d269-8fd95e9d8ae7" testName="W.DmProvider.TransportTests.FrameBoundaryTests.HeartbeatConsumesItsBodyAndDoesNotEatNextResponse" computerName="wanghongyideMacBook-Pro" duration="00:00:00.0001302" startTime="2026-09-30T14:45:38.6253680+08:00" endTime="2026-09-30T14:45:38.6253680+08:00" testType="13cdc9d9-ddb5-4fa4-a97d-d965ccfc6d4b" outcome="Passed" testListId="8c84fa94-04c1-424b-9868-57a2d4851a1d" relativeResultsDirectory="cbfeeb3c-cd97-4c51-a671-ffc048cf7e5c" />
    <ns0:UnitTestResult executionId="cf265115-7e4b-41f7-bb3e-08acdd1cbaee" testId="07831d24-991d-1e10-3c52-5f74cd8b93e6" testName="W.DmProvider.TransportTests.TransportIoTests.OneByteReceivesReassembleExactBuffer" computerName="wanghongyideMacBook-Pro" duration="00:00:00.0006708" startTime="2026-09-30T14:45:38.6307440+08:00" endTime="2026-09-30T14:45:38.6307440+08:00" testType="13cdc9d9-ddb5-4fa4-a97d-d965ccfc6d4b" outcome="Passed" testListId="8c84fa94-04c1-424b-9868-57a2d4851a1d" relativeResultsDirectory="cf265115-7e4b-41f7-bb3e-08acdd1cbaee" />
    <ns0:UnitTestResult executionId="2872f754-e723-49e5-a0cc-215faf312ad3" testId="5463c68b-963f-6342-379c-37567a592c05" testName="W.DmProvider.TransportTests.FixtureVectorTests.ManifestFragmentAndCoalescedVectorsExecuteAgainstFrameReader" computerName="wanghongyideMacBook-Pro" duration="00:00:00.0068987" startTime="2026-09-30T14:45:38.6115360+08:00" endTime="2026-09-30T14:45:38.6115450+08:00" testType="13cdc9d9-ddb5-4fa4-a97d-d965ccfc6d4b" outcome="Passed" testListId="8c84fa94-04c1-424b-9868-57a2d4851a1d" relativeResultsDirectory="2872f754-e723-49e5-a0cc-215faf312ad3" />
    <ns0:UnitTestResult executionId="9ab62eed-147e-412c-9d2a-d6e8de9ccde2" testId="138c95f5-c9d3-0749-ea98-4c347184abb6" testName="W.DmProvider.TransportTests.ConnectLifecycleTests.ExhaustedBudgetBetweenAddressAttemptsStopsBeforeCreatingSecondSocket" computerName="wanghongyideMacBook-Pro" duration="00:00:00.0030398" startTime="2026-09-30T14:45:38.6258900+08:00" endTime="2026-09-30T14:45:38.6258900+08:00" testType="13cdc9d9-ddb5-4fa4-a97d-d965ccfc6d4b" outcome="Passed" testListId="8c84fa94-04c1-424b-9868-57a2d4851a1d" relativeResultsDirectory="9ab62eed-147e-412c-9d2a-d6e8de9ccde2" />
    <ns0:UnitTestResult executionId="6f240c82-fd25-4def-8043-4d5ab053a601" testId="f5465b0f-cb12-2494-332b-bfcb8ef74e76" testName="W.DmProvider.TransportTests.TransportIoTests.EofDuringExactReadIsTruncation" computerName="wanghongyideMacBook-Pro" duration="00:00:00.0001974" startTime="2026-09-30T14:45:38.6300570+08:00" endTime="2026-09-30T14:45:38.6300570+08:00" testType="13cdc9d9-ddb5-4fa4-a97d-d965ccfc6d4b" outcome="Passed" testListId="8c84fa94-04c1-424b-9868-57a2d4851a1d" relativeResultsDirectory="6f240c82-fd25-4def-8043-4d5ab053a601" />
    <ns0:UnitTestResult executionId="a97f3983-585f-4e8a-a53c-ca76aff88397" testId="11fbad25-ea90-270d-0b2e-637e06f8d3cf" testName="W.DmProvider.TransportTests.DeadlineTests.InfiniteDeadlineDoesNotExpireAsClockAdvances" computerName="wanghongyideMacBook-Pro" duration="00:00:00.0000196" startTime="2026-09-30T14:45:38.6287470+08:00" endTime="2026-09-30T14:45:38.6287470+08:00" testType="13cdc9d9-ddb5-4fa4-a97d-d965ccfc6d4b" outcome="Passed" testListId="8c84fa94-04c1-424b-9868-57a2d4851a1d" relativeResultsDirectory="a97f3983-585f-4e8a-a53c-ca76aff88397" />
    <ns0:UnitTestResult executionId="eef2a537-8179-479e-9c38-a44ab03b39cf" testId="456bd525-d46e-206e-9803-c36e224c6009" testName="W.DmProvider.TransportTests.ConnectLifecycleTests.ConstructorDoesNotResolveOrConnect" computerName="wanghongyideMacBook-Pro" duration="00:00:00.0001046" startTime="2026-09-30T14:45:38.6259020+08:00" endTime="2026-09-30T14:45:38.6259020+08:00" testType="13cdc9d9-ddb5-4fa4-a97d-d965ccfc6d4b" outcome="Passed" testListId="8c84fa94-04c1-424b-9868-57a2d4851a1d" relativeResultsDirectory="eef2a537-8179-479e-9c38-a44ab03b39cf" />
    <ns0:UnitTestResult executionId="e6a63cd9-ee98-426f-8e66-a12c83f84b11" testId="b9fc0a91-2a43-df34-5d6f-2b52581ce376" testName="W.DmProvider.TransportTests.DeadlineTests.ReaderInvocationsGetFreshBudgetWhileQueryKeepsItsRootBudget" computerName="wanghongyideMacBook-Pro" duration="00:00:00.0010303" startTime="2026-09-30T14:45:38.6287120+08:00" endTime="2026-09-30T14:45:38.6287120+08:00" testType="13cdc9d9-ddb5-4fa4-a97d-d965ccfc6d4b" outcome="Passed" testListId="8c84fa94-04c1-424b-9868-57a2d4851a1d" relativeResultsDirectory="e6a63cd9-ee98-426f-8e66-a12c83f84b11" />
  </ns0:Results>
  <ns0:TestDefinitions>
    <ns0:UnitTest name="W.DmProvider.TransportTests.FrameBoundaryTests.InvalidLengthRejectedBeforeBodyReadOrGrowth" storage="/users/wanghongyi/projects/w.dmprovider/tests/w.dmprovider.transporttests/bin/release/net10.0/w.dmprovider.transporttests.dll" id="6b68b5a1-044f-adc8-7c2e-a7298d321ea9">
      <ns0:Execution id="5a00ff23-3f5b-49a3-ab5c-ee2998afc87e" />
      <ns0:TestMethod codeBase="/Users/wanghongyi/Projects/W.DmProvider/tests/W.DmProvider.TransportTests/bin/Release/net10.0/W.DmProvider.TransportTests.dll" adapterTypeName="executor://xunit/VsTestRunner2/netcoreapp" className="W.DmProvider.TransportTests.FrameBoundaryTests" name="InvalidLengthRejectedBeforeBodyReadOrGrowth" />
    </ns0:UnitTest>
    <ns0:UnitTest name="W.DmProvider.TransportTests.FixtureVectorTests.ManifestFragmentAndCoalescedVectorsExecuteAgainstFrameReader" storage="/users/wanghongyi/projects/w.dmprovider/tests/w.dmprovider.transporttests/bin/release/net10.0/w.dmprovider.transporttests.dll" id="5463c68b-963f-6342-379c-37567a592c05">
      <ns0:Execution id="2872f754-e723-49e5-a0cc-215faf312ad3" />
      <ns0:TestMethod codeBase="/Users/wanghongyi/Projects/W.DmProvider/tests/W.DmProvider.TransportTests/bin/Release/net10.0/W.DmProvider.TransportTests.dll" adapterTypeName="executor://xunit/VsTestRunner2/netcoreapp" className="W.DmProvider.TransportTests.FixtureVectorTests" name="ManifestFragmentAndCoalescedVectorsExecuteAgainstFrameReader" />
    </ns0:UnitTest>
    <ns0:UnitTest name="W.DmProvider.TransportTests.FrameBoundaryTests.RowCountsRejectInvalidOrExcessiveMaterialization" storage="/users/wanghongyi/projects/w.dmprovider/tests/w.dmprovider.transporttests/bin/release/net10.0/w.dmprovider.transporttests.dll" id="fee1d712-6e52-7178-c498-fd4ae53a5e6f">
      <ns0:Execution id="c34d4044-94e2-45f2-9748-0c158d7d9715" />
      <ns0:TestMethod codeBase="/Users/wanghongyi/Projects/W.DmProvider/tests/W.DmProvider.TransportTests/bin/Release/net10.0/W.DmProvider.TransportTests.dll" adapterTypeName="executor://xunit/VsTestRunner2/netcoreapp" className="W.DmProvider.TransportTests.FrameBoundaryTests" name="RowCountsRejectInvalidOrExcessiveMaterialization" />
    </ns0:UnitTest>
    <ns0:UnitTest name="W.DmProvider.TransportTests.ConnectLifecycleTests.RefusedLocalTcpConnectClosesTransport" storage="/users/wanghongyi/projects/w.dmprovider/tests/w.dmprovider.transporttests/bin/release/net10.0/w.dmprovider.transporttests.dll" id="0da046b7-9c6c-3d9d-246a-f6a98e1b9e80">
      <ns0:Execution id="2005df1d-d5b5-4b9e-acc3-38ad91aeee05" />
      <ns0:TestMethod codeBase="/Users/wanghongyi/Projects/W.DmProvider/tests/W.DmProvider.TransportTests/bin/Release/net10.0/W.DmProvider.TransportTests.dll" adapterTypeName="executor://xunit/VsTestRunner2/netcoreapp" className="W.DmProvider.TransportTests.ConnectLifecycleTests" name="RefusedLocalTcpConnectClosesTransport" />
    </ns0:UnitTest>
    <ns0:UnitTest name="W.DmProvider.TransportTests.FrameBoundaryTests.RowCountsRejectInvalidOrExcessiveMaterialization" storage="/users/wanghongyi/projects/w.dmprovider/tests/w.dmprovider.transporttests/bin/release/net10.0/w.dmprovider.transporttests.dll" id="e1d3e69c-2c60-2b64-46e4-f1beec976756">
      <ns0:Execution id="b0a6a532-b35f-4c91-87da-949c96a2f3e8" />
      <ns0:TestMethod codeBase="/Users/wanghongyi/Projects/W.DmProvider/tests/W.DmProvider.TransportTests/bin/Release/net10.0/W.DmProvider.TransportTests.dll" adapterTypeName="executor://xunit/VsTestRunner2/netcoreapp" className="W.DmProvider.TransportTests.FrameBoundaryTests" name="RowCountsRejectInvalidOrExcessiveMaterialization" />
    </ns0:UnitTest>
    <ns0:UnitTest name="W.DmProvider.TransportTests.FrameBoundaryTests.CorruptCrcIsRejected" storage="/users/wanghongyi/projects/w.dmprovider/tests/w.dmprovider.transporttests/bin/release/net10.0/w.dmprovider.transporttests.dll" id="5832d2e7-8226-9515-d92b-d375568212b8">
      <ns0:Execution id="c94dc48d-5b85-4dd4-a5ca-8dd719ed3476" />
      <ns0:TestMethod codeBase="/Users/wanghongyi/Projects/W.DmProvider/tests/W.DmProvider.TransportTests/bin/Release/net10.0/W.DmProvider.TransportTests.dll" adapterTypeName="executor://xunit/VsTestRunner2/netcoreapp" className="W.DmProvider.TransportTests.FrameBoundaryTests" name="CorruptCrcIsRejected" />
    </ns0:UnitTest>
    <ns0:UnitTest name="W.DmProvider.TransportTests.ConnectLifecycleTests.CloseDuringPendingTcpConnectDisposesCandidateOnce" storage="/users/wanghongyi/projects/w.dmprovider/tests/w.dmprovider.transporttests/bin/release/net10.0/w.dmprovider.transporttests.dll" id="b52007f5-72ab-1c1a-279b-62d81117dae5">
      <ns0:Execution id="e810b744-8434-49cc-b87f-d71c39d803eb" />
      <ns0:TestMethod codeBase="/Users/wanghongyi/Projects/W.DmProvider/tests/W.DmProvider.TransportTests/bin/Release/net10.0/W.DmProvider.TransportTests.dll" adapterTypeName="executor://xunit/VsTestRunner2/netcoreapp" className="W.DmProvider.TransportTests.ConnectLifecycleTests" name="CloseDuringPendingTcpConnectDisposesCandidateOnce" />
    </ns0:UnitTest>
    <ns0:UnitTest name="W.DmProvider.TransportTests.FrameBoundaryTests.HeartbeatsDoNotResetAbsoluteDeadline" storage="/users/wanghongyi/projects/w.dmprovider/tests/w.dmprovider.transporttests/bin/release/net10.0/w.dmprovider.transporttests.dll" id="76f30262-27bd-ea7b-b7e6-5668cf66802b">
      <ns0:Execution id="76c859bc-6fe5-4eac-9904-dfb22aa92a50" />
      <ns0:TestMethod codeBase="/Users/wanghongyi/Projects/W.DmProvider/tests/W.DmProvider.TransportTests/bin/Release/net10.0/W.DmProvider.TransportTests.dll" adapterTypeName="executor://xunit/VsTestRunner2/netcoreapp" className="W.DmProvider.TransportTests.FrameBoundaryTests" name="HeartbeatsDoNotResetAbsoluteDeadline" />
    </ns0:UnitTest>
    <ns0:UnitTest name="W.DmProvider.TransportTests.DeadlineTests.ReaderInvocationsGetFreshBudgetWhileQueryKeepsItsRootBudget" storage="/users/wanghongyi/projects/w.dmprovider/tests/w.dmprovider.transporttests/bin/release/net10.0/w.dmprovider.transporttests.dll" id="b9fc0a91-2a43-df34-5d6f-2b52581ce376">
      <ns0:Execution id="e6a63cd9-ee98-426f-8e66-a12c83f84b11" />
      <ns0:TestMethod codeBase="/Users/wanghongyi/Projects/W.DmProvider/tests/W.DmProvider.TransportTests/bin/Release/net10.0/W.DmProvider.TransportTests.dll" adapterTypeName="executor://xunit/VsTestRunner2/netcoreapp" className="W.DmProvider.TransportTests.DeadlineTests" name="ReaderInvocationsGetFreshBudgetWhileQueryKeepsItsRootBudget" />
    </ns0:UnitTest>
    <ns0:UnitTest name="W.DmProvider.TransportTests.ConnectLifecycleTests.ExpiredDeadlineRejectsBeforeAnyTcpAttemptAndClosesTransport" storage="/users/wanghongyi/projects/w.dmprovider/tests/w.dmprovider.transporttests/bin/release/net10.0/w.dmprovider.transporttests.dll" id="28a87ee8-fa5f-cbc7-666d-ee897a17737b">
      <ns0:Execution id="0266272a-4f8b-4c67-8e20-df7bccc83d0e" />
      <ns0:TestMethod codeBase="/Users/wanghongyi/Projects/W.DmProvider/tests/W.DmProvider.TransportTests/bin/Release/net10.0/W.DmProvider.TransportTests.dll" adapterTypeName="executor://xunit/VsTestRunner2/netcoreapp" className="W.DmProvider.TransportTests.ConnectLifecycleTests" name="ExpiredDeadlineRejectsBeforeAnyTcpAttemptAndClosesTransport" />
    </ns0:UnitTest>
    <ns0:UnitTest name="W.DmProvider.TransportTests.FrameBoundaryTests.CoalescedFramesRemainSeparate" storage="/users/wanghongyi/projects/w.dmprovider/tests/w.dmprovider.transporttests/bin/release/net10.0/w.dmprovider.transporttests.dll" id="385a8cb6-62d8-bf56-0e5a-719459c3d719">
      <ns0:Execution id="67bf9ffd-98ad-4f5b-957f-e65fd726b602" />
      <ns0:TestMethod codeBase="/Users/wanghongyi/Projects/W.DmProvider/tests/W.DmProvider.TransportTests/bin/Release/net10.0/W.DmProvider.TransportTests.dll" adapterTypeName="executor://xunit/VsTestRunner2/netcoreapp" className="W.DmProvider.TransportTests.FrameBoundaryTests" name="CoalescedFramesRemainSeparate" />
    </ns0:UnitTest>
    <ns0:UnitTest name="W.DmProvider.TransportTests.DeadlineTests.InfiniteDeadlineDoesNotExpireAsClockAdvances" storage="/users/wanghongyi/projects/w.dmprovider/tests/w.dmprovider.transporttests/bin/release/net10.0/w.dmprovider.transporttests.dll" id="11fbad25-ea90-270d-0b2e-637e06f8d3cf">
      <ns0:Execution id="a97f3983-585f-4e8a-a53c-ca76aff88397" />
      <ns0:TestMethod codeBase="/Users/wanghongyi/Projects/W.DmProvider/tests/W.DmProvider.TransportTests/bin/Release/net10.0/W.DmProvider.TransportTests.dll" adapterTypeName="executor://xunit/VsTestRunner2/netcoreapp" className="W.DmProvider.TransportTests.DeadlineTests" name="InfiniteDeadlineDoesNotExpireAsClockAdvances" />
    </ns0:UnitTest>
    <ns0:UnitTest name="W.DmProvider.TransportTests.FrameBoundaryTests.OneByteHeaderAndFragmentedBodyFormOneFrame" storage="/users/wanghongyi/projects/w.dmprovider/tests/w.dmprovider.transporttests/bin/release/net10.0/w.dmprovider.transporttests.dll" id="25fccf33-a429-7840-ee81-99bc8ac87c0d">
      <ns0:Execution id="b3601307-24f2-414a-9a6d-b791109dc774" />
      <ns0:TestMethod codeBase="/Users/wanghongyi/Projects/W.DmProvider/tests/W.DmProvider.TransportTests/bin/Release/net10.0/W.DmProvider.TransportTests.dll" adapterTypeName="executor://xunit/VsTestRunner2/netcoreapp" className="W.DmProvider.TransportTests.FrameBoundaryTests" name="OneByteHeaderAndFragmentedBodyFormOneFrame" />
    </ns0:UnitTest>
    <ns0:UnitTest name="W.DmProvider.TransportTests.FrameBoundaryTests.InvalidLengthRejectedBeforeBodyReadOrGrowth" storage="/users/wanghongyi/projects/w.dmprovider/tests/w.dmprovider.transporttests/bin/release/net10.0/w.dmprovider.transporttests.dll" id="acb30075-fac4-2d18-a847-990b591562c7">
      <ns0:Execution id="f2c4f67c-0284-4bb8-bcf6-97ba911c1d14" />
      <ns0:TestMethod codeBase="/Users/wanghongyi/Projects/W.DmProvider/tests/W.DmProvider.TransportTests/bin/Release/net10.0/W.DmProvider.TransportTests.dll" adapterTypeName="executor://xunit/VsTestRunner2/netcoreapp" className="W.DmProvider.TransportTests.FrameBoundaryTests" name="InvalidLengthRejectedBeforeBodyReadOrGrowth" />
    </ns0:UnitTest>
    <ns0:UnitTest name="W.DmProvider.TransportTests.FrameBoundaryTests.DecodedPaddingBudgetAccumulatesAcrossPackagesWithoutAllocating" storage="/users/wanghongyi/projects/w.dmprovider/tests/w.dmprovider.transporttests/bin/release/net10.0/w.dmprovider.transporttests.dll" id="62c72aaf-af3c-9914-9d40-1dad81036ab9">
      <ns0:Execution id="078455bb-ffa2-4c89-a3af-95eb4ef387e1" />
      <ns0:TestMethod codeBase="/Users/wanghongyi/Projects/W.DmProvider/tests/W.DmProvider.TransportTests/bin/Release/net10.0/W.DmProvider.TransportTests.dll" adapterTypeName="executor://xunit/VsTestRunner2/netcoreapp" className="W.DmProvider.TransportTests.FrameBoundaryTests" name="DecodedPaddingBudgetAccumulatesAcrossPackagesWithoutAllocating" />
    </ns0:UnitTest>
    <ns0:UnitTest name="W.DmProvider.TransportTests.FrameBoundaryTests.ElementCountsRejectInvalidOrOverflowBeforeAllocation" storage="/users/wanghongyi/projects/w.dmprovider/tests/w.dmprovider.transporttests/bin/release/net10.0/w.dmprovider.transporttests.dll" id="376f6dba-9179-6b21-10be-a395d92b6303">
      <ns0:Execution id="5696b1a5-5559-4c4b-be21-ff75ffe68037" />
      <ns0:TestMethod codeBase="/Users/wanghongyi/Projects/W.DmProvider/tests/W.DmProvider.TransportTests/bin/Release/net10.0/W.DmProvider.TransportTests.dll" adapterTypeName="executor://xunit/VsTestRunner2/netcoreapp" className="W.DmProvider.TransportTests.FrameBoundaryTests" name="ElementCountsRejectInvalidOrOverflowBeforeAllocation" />
    </ns0:UnitTest>
    <ns0:UnitTest name="W.DmProvider.TransportTests.FrameBoundaryTests.HeartbeatConsumesItsBodyAndDoesNotEatNextResponse" storage="/users/wanghongyi/projects/w.dmprovider/tests/w.dmprovider.transporttests/bin/release/net10.0/w.dmprovider.transporttests.dll" id="86c3d7c3-1361-72c9-d269-8fd95e9d8ae7">
      <ns0:Execution id="cbfeeb3c-cd97-4c51-a671-ffc048cf7e5c" />
      <ns0:TestMethod codeBase="/Users/wanghongyi/Projects/W.DmProvider/tests/W.DmProvider.TransportTests/bin/Release/net10.0/W.DmProvider.TransportTests.dll" adapterTypeName="executor://xunit/VsTestRunner2/netcoreapp" className="W.DmProvider.TransportTests.FrameBoundaryTests" name="HeartbeatConsumesItsBodyAndDoesNotEatNextResponse" />
    </ns0:UnitTest>
    <ns0:UnitTest name="W.DmProvider.TransportTests.ConnectLifecycleTests.MultipleAddressesConsumeOneDeadlineAndReleaseFailedCandidate" storage="/users/wanghongyi/projects/w.dmprovider/tests/w.dmprovider.transporttests/bin/release/net10.0/w.dmprovider.transporttests.dll" id="3aec54db-fbc4-0d2e-457e-18d0d1b734c4">
      <ns0:Execution id="a2ef94dc-d7ee-4d33-9d4e-c36deaee5116" />
      <ns0:TestMethod codeBase="/Users/wanghongyi/Projects/W.DmProvider/tests/W.DmProvider.TransportTests/bin/Release/net10.0/W.DmProvider.TransportTests.dll" adapterTypeName="executor://xunit/VsTestRunner2/netcoreapp" className="W.DmProvider.TransportTests.ConnectLifecycleTests" name="MultipleAddressesConsumeOneDeadlineAndReleaseFailedCandidate" />
    </ns0:UnitTest>
    <ns0:UnitTest name="W.DmProvider.TransportTests.FrameBoundaryTests.ElementCountsRejectInvalidOrOverflowBeforeAllocation" storage="/users/wanghongyi/projects/w.dmprovider/tests/w.dmprovider.transporttests/bin/release/net10.0/w.dmprovider.transporttests.dll" id="9871a7f8-16b9-ffb3-1949-07c98f29e599">
      <ns0:Execution id="9544d03f-2fb2-4398-887c-29f6a1ea31ee" />
      <ns0:TestMethod codeBase="/Users/wanghongyi/Projects/W.DmProvider/tests/W.DmProvider.TransportTests/bin/Release/net10.0/W.DmProvider.TransportTests.dll" adapterTypeName="executor://xunit/VsTestRunner2/netcoreapp" className="W.DmProvider.TransportTests.FrameBoundaryTests" name="ElementCountsRejectInvalidOrOverflowBeforeAllocation" />
    </ns0:UnitTest>
    <ns0:UnitTest name="W.DmProvider.TransportTests.DeadlineTests.MessageIdleCapUsesOperationPurposeWithoutChangingAbsoluteDeadline" storage="/users/wanghongyi/projects/w.dmprovider/tests/w.dmprovider.transporttests/bin/release/net10.0/w.dmprovider.transporttests.dll" id="0d1476b1-d5a7-b826-6b71-38229284e333">
      <ns0:Execution id="b2833a3d-3565-4d2c-b3e2-051531236c72" />
      <ns0:TestMethod codeBase="/Users/wanghongyi/Projects/W.DmProvider/tests/W.DmProvider.TransportTests/bin/Release/net10.0/W.DmProvider.TransportTests.dll" adapterTypeName="executor://xunit/VsTestRunner2/netcoreapp" className="W.DmProvider.TransportTests.DeadlineTests" name="MessageIdleCapUsesOperationPurposeWithoutChangingAbsoluteDeadline" />
    </ns0:UnitTest>
    <ns0:UnitTest name="W.DmProvider.TransportTests.FrameBoundaryTests.TruncatedHeaderOrBodyFails" storage="/users/wanghongyi/projects/w.dmprovider/tests/w.dmprovider.transporttests/bin/release/net10.0/w.dmprovider.transporttests.dll" id="d917b0d7-8307-91ba-0f84-99a7fc3df648">
      <ns0:Execution id="8d7b395d-4b0d-4fde-81c0-94a7f97e16aa" />
      <ns0:TestMethod codeBase="/Users/wanghongyi/Projects/W.DmProvider/tests/W.DmProvider.TransportTests/bin/Release/net10.0/W.DmProvider.TransportTests.dll" adapterTypeName="executor://xunit/VsTestRunner2/netcoreapp" className="W.DmProvider.TransportTests.FrameBoundaryTests" name="TruncatedHeaderOrBodyFails" />
    </ns0:UnitTest>
    <ns0:UnitTest name="W.DmProvider.TransportTests.FixtureVectorTests.ManifestCrcAndLimitVectorsRejectWithoutUnboundedRead" storage="/users/wanghongyi/projects/w.dmprovider/tests/w.dmprovider.transporttests/bin/release/net10.0/w.dmprovider.transporttests.dll" id="12061c73-6164-7f07-bf1a-b5b6bbe4d1cb">
      <ns0:Execution id="907e157b-ea7f-4e27-83e6-8d943c37e9e9" />
      <ns0:TestMethod codeBase="/Users/wanghongyi/Projects/W.DmProvider/tests/W.DmProvider.TransportTests/bin/Release/net10.0/W.DmProvider.TransportTests.dll" adapterTypeName="executor://xunit/VsTestRunner2/netcoreapp" className="W.DmProvider.TransportTests.FixtureVectorTests" name="ManifestCrcAndLimitVectorsRejectWithoutUnboundedRead" />
    </ns0:UnitTest>
    <ns0:UnitTest name="W.DmProvider.TransportTests.TransportIoTests.EofDuringExactReadIsTruncation" storage="/users/wanghongyi/projects/w.dmprovider/tests/w.dmprovider.transporttests/bin/release/net10.0/w.dmprovider.transporttests.dll" id="f5465b0f-cb12-2494-332b-bfcb8ef74e76">
      <ns0:Execution id="6f240c82-fd25-4def-8043-4d5ab053a601" />
      <ns0:TestMethod codeBase="/Users/wanghongyi/Projects/W.DmProvider/tests/W.DmProvider.TransportTests/bin/Release/net10.0/W.DmProvider.TransportTests.dll" adapterTypeName="executor://xunit/VsTestRunner2/netcoreapp" className="W.DmProvider.TransportTests.TransportIoTests" name="EofDuringExactReadIsTruncation" />
    </ns0:UnitTest>
    <ns0:UnitTest name="W.DmProvider.TransportTests.TransportIoTests.OneByteReceivesReassembleExactBuffer" storage="/users/wanghongyi/projects/w.dmprovider/tests/w.dmprovider.transporttests/bin/release/net10.0/w.dmprovider.transporttests.dll" id="07831d24-991d-1e10-3c52-5f74cd8b93e6">
      <ns0:Execution id="cf265115-7e4b-41f7-bb3e-08acdd1cbaee" />
      <ns0:TestMethod codeBase="/Users/wanghongyi/Projects/W.DmProvider/tests/W.DmProvider.TransportTests/bin/Release/net10.0/W.DmProvider.TransportTests.dll" adapterTypeName="executor://xunit/VsTestRunner2/netcoreapp" className="W.DmProvider.TransportTests.TransportIoTests" name="OneByteReceivesReassembleExactBuffer" />
    </ns0:UnitTest>
    <ns0:UnitTest name="W.DmProvider.TransportTests.FrameBoundaryTests.DecodedPaddingBudgetRejectsOverflowAndNegativeCounts" storage="/users/wanghongyi/projects/w.dmprovider/tests/w.dmprovider.transporttests/bin/release/net10.0/w.dmprovider.transporttests.dll" id="06dcf592-6681-84b0-4163-35a3565579a0">
      <ns0:Execution id="555c1231-51ed-4d3c-b240-9d14c6844ce4" />
      <ns0:TestMethod codeBase="/Users/wanghongyi/Projects/W.DmProvider/tests/W.DmProvider.TransportTests/bin/Release/net10.0/W.DmProvider.TransportTests.dll" adapterTypeName="executor://xunit/VsTestRunner2/netcoreapp" className="W.DmProvider.TransportTests.FrameBoundaryTests" name="DecodedPaddingBudgetRejectsOverflowAndNegativeCounts" />
    </ns0:UnitTest>
    <ns0:UnitTest name="W.DmProvider.TransportTests.FrameBoundaryTests.RowCountsRejectInvalidOrExcessiveMaterialization" storage="/users/wanghongyi/projects/w.dmprovider/tests/w.dmprovider.transporttests/bin/release/net10.0/w.dmprovider.transporttests.dll" id="13b7382a-8c36-e3ef-cd8a-83e52541d92b">
      <ns0:Execution id="b96dfceb-2e58-4b6a-a76b-4de43621ac3f" />
      <ns0:TestMethod codeBase="/Users/wanghongyi/Projects/W.DmProvider/tests/W.DmProvider.TransportTests/bin/Release/net10.0/W.DmProvider.TransportTests.dll" adapterTypeName="executor://xunit/VsTestRunner2/netcoreapp" className="W.DmProvider.TransportTests.FrameBoundaryTests" name="RowCountsRejectInvalidOrExcessiveMaterialization" />
    </ns0:UnitTest>
    <ns0:UnitTest name="W.DmProvider.TransportTests.DeadlineTests.SharedBudgetCountsElapsedTimeAcrossSequentialPhases" storage="/users/wanghongyi/projects/w.dmprovider/tests/w.dmprovider.transporttests/bin/release/net10.0/w.dmprovider.transporttests.dll" id="c040678f-6fc9-98db-31d7-cbe7802b343b">
      <ns0:Execution id="a5cdb2f8-a76c-4180-9413-6aed1a57bde2" />
      <ns0:TestMethod codeBase="/Users/wanghongyi/Projects/W.DmProvider/tests/W.DmProvider.TransportTests/bin/Release/net10.0/W.DmProvider.TransportTests.dll" adapterTypeName="executor://xunit/VsTestRunner2/netcoreapp" className="W.DmProvider.TransportTests.DeadlineTests" name="SharedBudgetCountsElapsedTimeAcrossSequentialPhases" />
    </ns0:UnitTest>
    <ns0:UnitTest name="W.DmProvider.TransportTests.FrameBoundaryTests.TruncatedHeaderOrBodyFails" storage="/users/wanghongyi/projects/w.dmprovider/tests/w.dmprovider.transporttests/bin/release/net10.0/w.dmprovider.transporttests.dll" id="96fcb874-c023-47eb-bc0c-5a431908062a">
      <ns0:Execution id="5df2c441-9c02-49d4-8caf-74153f74243b" />
      <ns0:TestMethod codeBase="/Users/wanghongyi/Projects/W.DmProvider/tests/W.DmProvider.TransportTests/bin/Release/net10.0/W.DmProvider.TransportTests.dll" adapterTypeName="executor://xunit/VsTestRunner2/netcoreapp" className="W.DmProvider.TransportTests.FrameBoundaryTests" name="TruncatedHeaderOrBodyFails" />
    </ns0:UnitTest>
    <ns0:UnitTest name="W.DmProvider.TransportTests.FrameBoundaryTests.InvalidLengthRejectedBeforeBodyReadOrGrowth" storage="/users/wanghongyi/projects/w.dmprovider/tests/w.dmprovider.transporttests/bin/release/net10.0/w.dmprovider.transporttests.dll" id="9d9eb314-e6d3-74cf-8265-0792d9d1ca7b">
      <ns0:Execution id="b1e4f310-6229-4ae4-b7b6-429182918475" />
      <ns0:TestMethod codeBase="/Users/wanghongyi/Projects/W.DmProvider/tests/W.DmProvider.TransportTests/bin/Release/net10.0/W.DmProvider.TransportTests.dll" adapterTypeName="executor://xunit/VsTestRunner2/netcoreapp" className="W.DmProvider.TransportTests.FrameBoundaryTests" name="InvalidLengthRejectedBeforeBodyReadOrGrowth" />
    </ns0:UnitTest>
    <ns0:UnitTest name="W.DmProvider.TransportTests.TransportIoTests.CloseReleasesInjectedChannelOnce" storage="/users/wanghongyi/projects/w.dmprovider/tests/w.dmprovider.transporttests/bin/release/net10.0/w.dmprovider.transporttests.dll" id="c1af20b7-e71f-cbce-3c12-a6a9cc21358c">
      <ns0:Execution id="ac5f03ae-6b5c-4c12-874c-d67c80b8a8fd" />
      <ns0:TestMethod codeBase="/Users/wanghongyi/Projects/W.DmProvider/tests/W.DmProvider.TransportTests/bin/Release/net10.0/W.DmProvider.TransportTests.dll" adapterTypeName="executor://xunit/VsTestRunner2/netcoreapp" className="W.DmProvider.TransportTests.TransportIoTests" name="CloseReleasesInjectedChannelOnce" />
    </ns0:UnitTest>
    <ns0:UnitTest name="W.DmProvider.TransportTests.ConnectLifecycleTests.LocalTcpOpenKeepsExactlyOneSuccessfulSocket" storage="/users/wanghongyi/projects/w.dmprovider/tests/w.dmprovider.transporttests/bin/release/net10.0/w.dmprovider.transporttests.dll" id="5bdaaa7d-10be-a42e-ca0b-67c247cdf0dc">
      <ns0:Execution id="b5e1d310-d420-437e-a997-1cc945e1b16b" />
      <ns0:TestMethod codeBase="/Users/wanghongyi/Projects/W.DmProvider/tests/W.DmProvider.TransportTests/bin/Release/net10.0/W.DmProvider.TransportTests.dll" adapterTypeName="executor://xunit/VsTestRunner2/netcoreapp" className="W.DmProvider.TransportTests.ConnectLifecycleTests" name="LocalTcpOpenKeepsExactlyOneSuccessfulSocket" />
    </ns0:UnitTest>
    <ns0:UnitTest name="W.DmProvider.TransportTests.FixtureVectorTests.SyntheticManifestHasUniqueContractsAndUsesVerifiedHeaderFields" storage="/users/wanghongyi/projects/w.dmprovider/tests/w.dmprovider.transporttests/bin/release/net10.0/w.dmprovider.transporttests.dll" id="8e60808d-65b6-70c4-c1ad-aba666130578">
      <ns0:Execution id="5ffaeeec-09fa-4fa2-8d41-f97697805d56" />
      <ns0:TestMethod codeBase="/Users/wanghongyi/Projects/W.DmProvider/tests/W.DmProvider.TransportTests/bin/Release/net10.0/W.DmProvider.TransportTests.dll" adapterTypeName="executor://xunit/VsTestRunner2/netcoreapp" className="W.DmProvider.TransportTests.FixtureVectorTests" name="SyntheticManifestHasUniqueContractsAndUsesVerifiedHeaderFields" />
    </ns0:UnitTest>
    <ns0:UnitTest name="W.DmProvider.TransportTests.FrameBoundaryTests.ElementCountsRejectInvalidOrOverflowBeforeAllocation" storage="/users/wanghongyi/projects/w.dmprovider/tests/w.dmprovider.transporttests/bin/release/net10.0/w.dmprovider.transporttests.dll" id="3a3dc3d3-2bfd-cf08-57b7-6ec8ed64fafb">
      <ns0:Execution id="8f37195f-822d-4bb1-81c9-b05b63259799" />
      <ns0:TestMethod codeBase="/Users/wanghongyi/Projects/W.DmProvider/tests/W.DmProvider.TransportTests/bin/Release/net10.0/W.DmProvider.TransportTests.dll" adapterTypeName="executor://xunit/VsTestRunner2/netcoreapp" className="W.DmProvider.TransportTests.FrameBoundaryTests" name="ElementCountsRejectInvalidOrOverflowBeforeAllocation" />
    </ns0:UnitTest>
    <ns0:UnitTest name="W.DmProvider.TransportTests.FrameBoundaryTests.RowCountsRejectInvalidOrExcessiveMaterialization" storage="/users/wanghongyi/projects/w.dmprovider/tests/w.dmprovider.transporttests/bin/release/net10.0/w.dmprovider.transporttests.dll" id="ed0ff9e6-0fde-750d-84a5-0f9244aa9173">
      <ns0:Execution id="ad9a33a9-c43a-4a17-bbc1-9fa41141e923" />
      <ns0:TestMethod codeBase="/Users/wanghongyi/Projects/W.DmProvider/tests/W.DmProvider.TransportTests/bin/Release/net10.0/W.DmProvider.TransportTests.dll" adapterTypeName="executor://xunit/VsTestRunner2/netcoreapp" className="W.DmProvider.TransportTests.FrameBoundaryTests" name="RowCountsRejectInvalidOrExcessiveMaterialization" />
    </ns0:UnitTest>
    <ns0:UnitTest name="W.DmProvider.TransportTests.ConnectLifecycleTests.ExhaustedBudgetBetweenAddressAttemptsStopsBeforeCreatingSecondSocket" storage="/users/wanghongyi/projects/w.dmprovider/tests/w.dmprovider.transporttests/bin/release/net10.0/w.dmprovider.transporttests.dll" id="138c95f5-c9d3-0749-ea98-4c347184abb6">
      <ns0:Execution id="9ab62eed-147e-412c-9d2a-d6e8de9ccde2" />
      <ns0:TestMethod codeBase="/Users/wanghongyi/Projects/W.DmProvider/tests/W.DmProvider.TransportTests/bin/Release/net10.0/W.DmProvider.TransportTests.dll" adapterTypeName="executor://xunit/VsTestRunner2/netcoreapp" className="W.DmProvider.TransportTests.ConnectLifecycleTests" name="ExhaustedBudgetBetweenAddressAttemptsStopsBeforeCreatingSecondSocket" />
    </ns0:UnitTest>
    <ns0:UnitTest name="W.DmProvider.TransportTests.TransportIoTests.ShortSendWritesEveryByteInOrder" storage="/users/wanghongyi/projects/w.dmprovider/tests/w.dmprovider.transporttests/bin/release/net10.0/w.dmprovider.transporttests.dll" id="e5699aea-84c4-1a5a-fb57-e50769898e09">
      <ns0:Execution id="b9ff3242-d6e2-4e98-8408-f8262d5da243" />
      <ns0:TestMethod codeBase="/Users/wanghongyi/Projects/W.DmProvider/tests/W.DmProvider.TransportTests/bin/Release/net10.0/W.DmProvider.TransportTests.dll" adapterTypeName="executor://xunit/VsTestRunner2/netcoreapp" className="W.DmProvider.TransportTests.TransportIoTests" name="ShortSendWritesEveryByteInOrder" />
    </ns0:UnitTest>
    <ns0:UnitTest name="W.DmProvider.TransportTests.ConnectLifecycleTests.ConstructorDoesNotResolveOrConnect" storage="/users/wanghongyi/projects/w.dmprovider/tests/w.dmprovider.transporttests/bin/release/net10.0/w.dmprovider.transporttests.dll" id="456bd525-d46e-206e-9803-c36e224c6009">
      <ns0:Execution id="eef2a537-8179-479e-9c38-a44ab03b39cf" />
      <ns0:TestMethod codeBase="/Users/wanghongyi/Projects/W.DmProvider/tests/W.DmProvider.TransportTests/bin/Release/net10.0/W.DmProvider.TransportTests.dll" adapterTypeName="executor://xunit/VsTestRunner2/netcoreapp" className="W.DmProvider.TransportTests.ConnectLifecycleTests" name="ConstructorDoesNotResolveOrConnect" />
    </ns0:UnitTest>
    <ns0:UnitTest name="W.DmProvider.TransportTests.TransportIoTests.ZeroProgressSendFailsWithoutRetryLoop" storage="/users/wanghongyi/projects/w.dmprovider/tests/w.dmprovider.transporttests/bin/release/net10.0/w.dmprovider.transporttests.dll" id="f4332847-a2cc-64fd-aeee-142d92d5fe0f">
      <ns0:Execution id="750f31fe-c88e-433f-aa04-1c5dcc441cb8" />
      <ns0:TestMethod codeBase="/Users/wanghongyi/Projects/W.DmProvider/tests/W.DmProvider.TransportTests/bin/Release/net10.0/W.DmProvider.TransportTests.dll" adapterTypeName="executor://xunit/VsTestRunner2/netcoreapp" className="W.DmProvider.TransportTests.TransportIoTests" name="ZeroProgressSendFailsWithoutRetryLoop" />
    </ns0:UnitTest>
  </ns0:TestDefinitions>
  <ns0:TestEntries>
    <ns0:TestEntry testId="28a87ee8-fa5f-cbc7-666d-ee897a17737b" executionId="0266272a-4f8b-4c67-8e20-df7bccc83d0e" testListId="8c84fa94-04c1-424b-9868-57a2d4851a1d" />
    <ns0:TestEntry testId="376f6dba-9179-6b21-10be-a395d92b6303" executionId="5696b1a5-5559-4c4b-be21-ff75ffe68037" testListId="8c84fa94-04c1-424b-9868-57a2d4851a1d" />
    <ns0:TestEntry testId="0d1476b1-d5a7-b826-6b71-38229284e333" executionId="b2833a3d-3565-4d2c-b3e2-051531236c72" testListId="8c84fa94-04c1-424b-9868-57a2d4851a1d" />
    <ns0:TestEntry testId="3a3dc3d3-2bfd-cf08-57b7-6ec8ed64fafb" executionId="8f37195f-822d-4bb1-81c9-b05b63259799" testListId="8c84fa94-04c1-424b-9868-57a2d4851a1d" />
    <ns0:TestEntry testId="f4332847-a2cc-64fd-aeee-142d92d5fe0f" executionId="750f31fe-c88e-433f-aa04-1c5dcc441cb8" testListId="8c84fa94-04c1-424b-9868-57a2d4851a1d" />
    <ns0:TestEntry testId="13b7382a-8c36-e3ef-cd8a-83e52541d92b" executionId="b96dfceb-2e58-4b6a-a76b-4de43621ac3f" testListId="8c84fa94-04c1-424b-9868-57a2d4851a1d" />
    <ns0:TestEntry testId="b52007f5-72ab-1c1a-279b-62d81117dae5" executionId="e810b744-8434-49cc-b87f-d71c39d803eb" testListId="8c84fa94-04c1-424b-9868-57a2d4851a1d" />
    <ns0:TestEntry testId="c1af20b7-e71f-cbce-3c12-a6a9cc21358c" executionId="ac5f03ae-6b5c-4c12-874c-d67c80b8a8fd" testListId="8c84fa94-04c1-424b-9868-57a2d4851a1d" />
    <ns0:TestEntry testId="acb30075-fac4-2d18-a847-990b591562c7" executionId="f2c4f67c-0284-4bb8-bcf6-97ba911c1d14" testListId="8c84fa94-04c1-424b-9868-57a2d4851a1d" />
    <ns0:TestEntry testId="8e60808d-65b6-70c4-c1ad-aba666130578" executionId="5ffaeeec-09fa-4fa2-8d41-f97697805d56" testListId="8c84fa94-04c1-424b-9868-57a2d4851a1d" />
    <ns0:TestEntry testId="c040678f-6fc9-98db-31d7-cbe7802b343b" executionId="a5cdb2f8-a76c-4180-9413-6aed1a57bde2" testListId="8c84fa94-04c1-424b-9868-57a2d4851a1d" />
    <ns0:TestEntry testId="25fccf33-a429-7840-ee81-99bc8ac87c0d" executionId="b3601307-24f2-414a-9a6d-b791109dc774" testListId="8c84fa94-04c1-424b-9868-57a2d4851a1d" />
    <ns0:TestEntry testId="9d9eb314-e6d3-74cf-8265-0792d9d1ca7b" executionId="b1e4f310-6229-4ae4-b7b6-429182918475" testListId="8c84fa94-04c1-424b-9868-57a2d4851a1d" />
    <ns0:TestEntry testId="5bdaaa7d-10be-a42e-ca0b-67c247cdf0dc" executionId="b5e1d310-d420-437e-a997-1cc945e1b16b" testListId="8c84fa94-04c1-424b-9868-57a2d4851a1d" />
    <ns0:TestEntry testId="06dcf592-6681-84b0-4163-35a3565579a0" executionId="555c1231-51ed-4d3c-b240-9d14c6844ce4" testListId="8c84fa94-04c1-424b-9868-57a2d4851a1d" />
    <ns0:TestEntry testId="fee1d712-6e52-7178-c498-fd4ae53a5e6f" executionId="c34d4044-94e2-45f2-9748-0c158d7d9715" testListId="8c84fa94-04c1-424b-9868-57a2d4851a1d" />
    <ns0:TestEntry testId="0da046b7-9c6c-3d9d-246a-f6a98e1b9e80" executionId="2005df1d-d5b5-4b9e-acc3-38ad91aeee05" testListId="8c84fa94-04c1-424b-9868-57a2d4851a1d" />
    <ns0:TestEntry testId="62c72aaf-af3c-9914-9d40-1dad81036ab9" executionId="078455bb-ffa2-4c89-a3af-95eb4ef387e1" testListId="8c84fa94-04c1-424b-9868-57a2d4851a1d" />
    <ns0:TestEntry testId="76f30262-27bd-ea7b-b7e6-5668cf66802b" executionId="76c859bc-6fe5-4eac-9904-dfb22aa92a50" testListId="8c84fa94-04c1-424b-9868-57a2d4851a1d" />
    <ns0:TestEntry testId="3aec54db-fbc4-0d2e-457e-18d0d1b734c4" executionId="a2ef94dc-d7ee-4d33-9d4e-c36deaee5116" testListId="8c84fa94-04c1-424b-9868-57a2d4851a1d" />
    <ns0:TestEntry testId="6b68b5a1-044f-adc8-7c2e-a7298d321ea9" executionId="5a00ff23-3f5b-49a3-ab5c-ee2998afc87e" testListId="8c84fa94-04c1-424b-9868-57a2d4851a1d" />
    <ns0:TestEntry testId="5832d2e7-8226-9515-d92b-d375568212b8" executionId="c94dc48d-5b85-4dd4-a5ca-8dd719ed3476" testListId="8c84fa94-04c1-424b-9868-57a2d4851a1d" />
    <ns0:TestEntry testId="ed0ff9e6-0fde-750d-84a5-0f9244aa9173" executionId="ad9a33a9-c43a-4a17-bbc1-9fa41141e923" testListId="8c84fa94-04c1-424b-9868-57a2d4851a1d" />
    <ns0:TestEntry testId="96fcb874-c023-47eb-bc0c-5a431908062a" executionId="5df2c441-9c02-49d4-8caf-74153f74243b" testListId="8c84fa94-04c1-424b-9868-57a2d4851a1d" />
    <ns0:TestEntry testId="385a8cb6-62d8-bf56-0e5a-719459c3d719" executionId="67bf9ffd-98ad-4f5b-957f-e65fd726b602" testListId="8c84fa94-04c1-424b-9868-57a2d4851a1d" />
    <ns0:TestEntry testId="d917b0d7-8307-91ba-0f84-99a7fc3df648" executionId="8d7b395d-4b0d-4fde-81c0-94a7f97e16aa" testListId="8c84fa94-04c1-424b-9868-57a2d4851a1d" />
    <ns0:TestEntry testId="9871a7f8-16b9-ffb3-1949-07c98f29e599" executionId="9544d03f-2fb2-4398-887c-29f6a1ea31ee" testListId="8c84fa94-04c1-424b-9868-57a2d4851a1d" />
    <ns0:TestEntry testId="e1d3e69c-2c60-2b64-46e4-f1beec976756" executionId="b0a6a532-b35f-4c91-87da-949c96a2f3e8" testListId="8c84fa94-04c1-424b-9868-57a2d4851a1d" />
    <ns0:TestEntry testId="12061c73-6164-7f07-bf1a-b5b6bbe4d1cb" executionId="907e157b-ea7f-4e27-83e6-8d943c37e9e9" testListId="8c84fa94-04c1-424b-9868-57a2d4851a1d" />
    <ns0:TestEntry testId="e5699aea-84c4-1a5a-fb57-e50769898e09" executionId="b9ff3242-d6e2-4e98-8408-f8262d5da243" testListId="8c84fa94-04c1-424b-9868-57a2d4851a1d" />
    <ns0:TestEntry testId="86c3d7c3-1361-72c9-d269-8fd95e9d8ae7" executionId="cbfeeb3c-cd97-4c51-a671-ffc048cf7e5c" testListId="8c84fa94-04c1-424b-9868-57a2d4851a1d" />
    <ns0:TestEntry testId="07831d24-991d-1e10-3c52-5f74cd8b93e6" executionId="cf265115-7e4b-41f7-bb3e-08acdd1cbaee" testListId="8c84fa94-04c1-424b-9868-57a2d4851a1d" />
    <ns0:TestEntry testId="5463c68b-963f-6342-379c-37567a592c05" executionId="2872f754-e723-49e5-a0cc-215faf312ad3" testListId="8c84fa94-04c1-424b-9868-57a2d4851a1d" />
    <ns0:TestEntry testId="138c95f5-c9d3-0749-ea98-4c347184abb6" executionId="9ab62eed-147e-412c-9d2a-d6e8de9ccde2" testListId="8c84fa94-04c1-424b-9868-57a2d4851a1d" />
    <ns0:TestEntry testId="f5465b0f-cb12-2494-332b-bfcb8ef74e76" executionId="6f240c82-fd25-4def-8043-4d5ab053a601" testListId="8c84fa94-04c1-424b-9868-57a2d4851a1d" />
    <ns0:TestEntry testId="11fbad25-ea90-270d-0b2e-637e06f8d3cf" executionId="a97f3983-585f-4e8a-a53c-ca76aff88397" testListId="8c84fa94-04c1-424b-9868-57a2d4851a1d" />
    <ns0:TestEntry testId="456bd525-d46e-206e-9803-c36e224c6009" executionId="eef2a537-8179-479e-9c38-a44ab03b39cf" testListId="8c84fa94-04c1-424b-9868-57a2d4851a1d" />
    <ns0:TestEntry testId="b9fc0a91-2a43-df34-5d6f-2b52581ce376" executionId="e6a63cd9-ee98-426f-8e66-a12c83f84b11" testListId="8c84fa94-04c1-424b-9868-57a2d4851a1d" />
  </ns0:TestEntries>
  <ns0:TestLists>
    <ns0:TestList name="Results Not in a List" id="8c84fa94-04c1-424b-9868-57a2d4851a1d" />
    <ns0:TestList name="All Loaded Results" id="19431567-8539-422a-85d7-44ee4e166bda" />
  </ns0:TestLists>
  <ns0:ResultSummary outcome="Completed">
    <ns0:Counters total="38" executed="38" passed="38" failed="0" error="0" timeout="0" aborted="0" inconclusive="0" passedButRunAborted="0" notRunnable="0" notExecuted="0" disconnected="0" warning="0" completed="0" inProgress="0" pending="0" />
    </ns0:ResultSummary>
</ns0:TestRun>