<?xml version='1.0' encoding='utf-8'?>
<ns0:TestRun xmlns:ns0="http://microsoft.com/schemas/VisualStudio/TeamTest/2010" id="992168f1-c130-4c43-bd0b-697bdbe56832" name="@wanghongyideMacBook-Pro 2026-10-03 06:01:29">
  <ns0:Times creation="2026-10-03T06:01:29.0403230+08:00" queuing="2026-10-03T06:01:29.0403230+08:00" start="2026-10-03T06:01:28.7577170+08:00" finish="2026-10-03T06:01:29.0478360+08:00" />
  <ns0:TestSettings name="default" id="4b236e48-39f4-4af9-be27-f1f60819992d">
    <ns0:Deployment runDeploymentRoot="_wanghongyideMacBook-Pro_2026-10-03_06_01_29" />
  </ns0:TestSettings>
  <ns0:Results>
    <ns0:UnitTestResult executionId="1ba2778f-72cf-47bd-97af-8e26eec29467" testId="05b07a3b-d6d8-a3ea-7fc3-94c47d408054" testName="W.DmProvider.ConfigurationTests.ConfigurationTests.NegotiatedSecurityFlagsAreRejectedBeforeLegacyCipherUse" computerName="wanghongyideMacBook-Pro" duration="00:00:00.0002843" startTime="2026-10-03T06:01:29.0119100+08:00" endTime="2026-10-03T06:01:29.0119100+08:00" testType="13cdc9d9-ddb5-4fa4-a97d-d965ccfc6d4b" outcome="Passed" testListId="8c84fa94-04c1-424b-9868-57a2d4851a1d" relativeResultsDirectory="1ba2778f-72cf-47bd-97af-8e26eec29467" />
    <ns0:UnitTestResult executionId="dff32c6d-01b7-4b0b-818b-9a2a0d81e193" testId="1b11932d-78a7-1dbd-cb42-73988218ce02" testName="W.DmProvider.ConfigurationTests.ConfigurationTests.ConnectingEventFailureRestoresClosedState" computerName="wanghongyideMacBook-Pro" duration="00:00:00.0023731" startTime="2026-10-03T06:01:29.0193510+08:00" endTime="2026-10-03T06:01:29.0193510+08:00" testType="13cdc9d9-ddb5-4fa4-a97d-d965ccfc6d4b" outcome="Passed" testListId="8c84fa94-04c1-424b-9868-57a2d4851a1d" relativeResultsDirectory="dff32c6d-01b7-4b0b-818b-9a2a0d81e193" />
    <ns0:UnitTestResult executionId="90c0e4b3-7810-4d4d-a04b-aae61d70e517" testId="5dcd22b8-bb21-5427-3e5c-51a6ac123d71" testName="W.DmProvider.ConfigurationTests.ConfigurationTests.SchemaEntryPointsShareValidationAndQuoteOneIdentifier" computerName="wanghongyideMacBook-Pro" duration="00:00:00.0022158" startTime="2026-10-03T06:01:29.0007370+08:00" endTime="2026-10-03T06:01:29.0007370+08:00" testType="13cdc9d9-ddb5-4fa4-a97d-d965ccfc6d4b" outcome="Passed" testListId="8c84fa94-04c1-424b-9868-57a2d4851a1d" relativeResultsDirectory="90c0e4b3-7810-4d4d-a04b-aae61d70e517" />
    <ns0:UnitTestResult executionId="11b14d1c-c53e-4c3a-995a-514fd40d3c84" testId="c3d0f3b0-4416-4fca-8770-aeda849f36c5" testName="W.DmProvider.ConfigurationTests.ConfigurationTests.UnsupportedAndAdvancedEntrypointsReject" computerName="wanghongyideMacBook-Pro" duration="00:00:00.0015429" startTime="2026-10-03T06:01:29.0169600+08:00" endTime="2026-10-03T06:01:29.0169600+08:00" testType="13cdc9d9-ddb5-4fa4-a97d-d965ccfc6d4b" outcome="Passed" testListId="8c84fa94-04c1-424b-9868-57a2d4851a1d" relativeResultsDirectory="11b14d1c-c53e-4c3a-995a-514fd40d3c84" />
    <ns0:UnitTestResult executionId="3331022c-29bd-46ac-962b-f3a11944752e" testId="e8491816-4754-b3c5-11cb-3e1a1d7e46c4" testName="W.DmProvider.ConfigurationTests.ConfigurationTests.DerivedSetterRollbackAndBaseSetterFailureFamilies" computerName="wanghongyideMacBook-Pro" duration="00:00:00.0004344" startTime="2026-10-03T06:01:29.0285730+08:00" endTime="2026-10-03T06:01:29.0285730+08:00" testType="13cdc9d9-ddb5-4fa4-a97d-d965ccfc6d4b" outcome="Passed" testListId="8c84fa94-04c1-424b-9868-57a2d4851a1d" relativeResultsDirectory="3331022c-29bd-46ac-962b-f3a11944752e" />
    <ns0:UnitTestResult executionId="c1a649c4-0303-480a-a597-847cd2591ded" testId="4348633f-e01a-7b39-99a7-115d0b59b801" testName="W.DmProvider.ConfigurationTests.ConfigurationTests.LegacyMillisecondsAndTypedTimeSpanAgree" computerName="wanghongyideMacBook-Pro" duration="00:00:00.0012541" startTime="2026-10-03T06:01:29.0116180+08:00" endTime="2026-10-03T06:01:29.0116180+08:00" testType="13cdc9d9-ddb5-4fa4-a97d-d965ccfc6d4b" outcome="Passed" testListId="8c84fa94-04c1-424b-9868-57a2d4851a1d" relativeResultsDirectory="c1a649c4-0303-480a-a597-847cd2591ded" />
    <ns0:UnitTestResult executionId="5632794e-c771-4add-bd6d-709fd81294e7" testId="07a69d97-ae1c-c476-2db9-89aff6f88939" testName="W.DmProvider.ConfigurationTests.ConfigurationTests.SecretAndSnapshotsRemainLocal" computerName="wanghongyideMacBook-Pro" duration="00:00:00.0007306" startTime="2026-10-03T06:01:29.0126580+08:00" endTime="2026-10-03T06:01:29.0126580+08:00" testType="13cdc9d9-ddb5-4fa4-a97d-d965ccfc6d4b" outcome="Passed" testListId="8c84fa94-04c1-424b-9868-57a2d4851a1d" relativeResultsDirectory="5632794e-c771-4add-bd6d-709fd81294e7" />
    <ns0:UnitTestResult executionId="75f1fe5a-94e9-4a21-90c6-06056ccbdafe" testId="5a852fb5-ecfe-d947-524a-91cb585f36fa" testName="W.DmProvider.ConfigurationTests.ConfigurationTests.IncompleteAuthenticationRejectsBeforeNetwork" computerName="wanghongyideMacBook-Pro" duration="00:00:00.0146961" startTime="2026-10-03T06:01:28.9986570+08:00" endTime="2026-10-03T06:01:28.9986650+08:00" testType="13cdc9d9-ddb5-4fa4-a97d-d965ccfc6d4b" outcome="Passed" testListId="8c84fa94-04c1-424b-9868-57a2d4851a1d" relativeResultsDirectory="75f1fe5a-94e9-4a21-90c6-06056ccbdafe" />
    <ns0:UnitTestResult executionId="8a0fe3b8-6c5a-4b45-86b3-9e06c1914835" testId="cb11d85d-fcb1-d048-3169-7936e9ba4060" testName="W.DmProvider.ConfigurationTests.ConfigurationTests.FixtureCases" computerName="wanghongyideMacBook-Pro" duration="00:00:00.0095779" startTime="2026-10-03T06:01:29.0103440+08:00" endTime="2026-10-03T06:01:29.0103440+08:00" testType="13cdc9d9-ddb5-4fa4-a97d-d965ccfc6d4b" outcome="Passed" testListId="8c84fa94-04c1-424b-9868-57a2d4851a1d" relativeResultsDirectory="8a0fe3b8-6c5a-4b45-86b3-9e06c1914835" />
    <ns0:UnitTestResult executionId="09a4f202-f912-464b-8557-85809b46c0d8" testId="9e976908-d562-15d3-c81e-1a31020635c8" testName="W.DmProvider.ConfigurationTests.ConfigurationTests.StrictAliasAssignmentAndRecovery" computerName="wanghongyideMacBook-Pro" duration="00:00:00.0002679" startTime="2026-10-03T06:01:29.0285180+08:00" endTime="2026-10-03T06:01:29.0285180+08:00" testType="13cdc9d9-ddb5-4fa4-a97d-d965ccfc6d4b" outcome="Passed" testListId="8c84fa94-04c1-424b-9868-57a2d4851a1d" relativeResultsDirectory="09a4f202-f912-464b-8557-85809b46c0d8" />
    <ns0:UnitTestResult executionId="bac7a288-744c-4c07-8a13-c457308cfa25" testId="af30e4c9-55aa-1a66-e813-43ed28dfd287" testName="W.DmProvider.ConfigurationTests.ConfigurationTests.SafeDefaultsAndStandardUnits" computerName="wanghongyideMacBook-Pro" duration="00:00:00.0027342" startTime="2026-10-03T06:01:29.0154020+08:00" endTime="2026-10-03T06:01:29.0154020+08:00" testType="13cdc9d9-ddb5-4fa4-a97d-d965ccfc6d4b" outcome="Passed" testListId="8c84fa94-04c1-424b-9868-57a2d4851a1d" relativeResultsDirectory="bac7a288-744c-4c07-8a13-c457308cfa25" />
  </ns0:Results>
  <ns0:TestDefinitions>
    <ns0:UnitTest name="W.DmProvider.ConfigurationTests.ConfigurationTests.IncompleteAuthenticationRejectsBeforeNetwork" storage="/users/wanghongyi/projects/w.dmprovider/.local/verification/r3/t19/runs/0.1.0-r3.20261002220119/private/source/tests/w.dmprovider.configurationtests/bin/release/net10.0/w.dmprovider.configurationtests.dll" id="5a852fb5-ecfe-d947-524a-91cb585f36fa">
      <ns0:Execution id="75f1fe5a-94e9-4a21-90c6-06056ccbdafe" />
      <ns0:TestMethod codeBase="/Users/wanghongyi/Projects/W.DmProvider/.local/verification/r3/t19/runs/0.1.0-r3.20261002220119/private/source/tests/W.DmProvider.ConfigurationTests/bin/Release/net10.0/W.DmProvider.ConfigurationTests.dll" adapterTypeName="executor://xunit/VsTestRunner2/netcoreapp" className="W.DmProvider.ConfigurationTests.ConfigurationTests" name="IncompleteAuthenticationRejectsBeforeNetwork" />
    </ns0:UnitTest>
    <ns0:UnitTest name="W.DmProvider.ConfigurationTests.ConfigurationTests.ConnectingEventFailureRestoresClosedState" storage="/users/wanghongyi/projects/w.dmprovider/.local/verification/r3/t19/runs/0.1.0-r3.20261002220119/private/source/tests/w.dmprovider.configurationtests/bin/release/net10.0/w.dmprovider.configurationtests.dll" id="1b11932d-78a7-1dbd-cb42-73988218ce02">
      <ns0:Execution id="dff32c6d-01b7-4b0b-818b-9a2a0d81e193" />
      <ns0:TestMethod codeBase="/Users/wanghongyi/Projects/W.DmProvider/.local/verification/r3/t19/runs/0.1.0-r3.20261002220119/private/source/tests/W.DmProvider.ConfigurationTests/bin/Release/net10.0/W.DmProvider.ConfigurationTests.dll" adapterTypeName="executor://xunit/VsTestRunner2/netcoreapp" className="W.DmProvider.ConfigurationTests.ConfigurationTests" name="ConnectingEventFailureRestoresClosedState" />
    </ns0:UnitTest>
    <ns0:UnitTest name="W.DmProvider.ConfigurationTests.ConfigurationTests.LegacyMillisecondsAndTypedTimeSpanAgree" storage="/users/wanghongyi/projects/w.dmprovider/.local/verification/r3/t19/runs/0.1.0-r3.20261002220119/private/source/tests/w.dmprovider.configurationtests/bin/release/net10.0/w.dmprovider.configurationtests.dll" id="4348633f-e01a-7b39-99a7-115d0b59b801">
      <ns0:Execution id="c1a649c4-0303-480a-a597-847cd2591ded" />
      <ns0:TestMethod codeBase="/Users/wanghongyi/Projects/W.DmProvider/.local/verification/r3/t19/runs/0.1.0-r3.20261002220119/private/source/tests/W.DmProvider.ConfigurationTests/bin/Release/net10.0/W.DmProvider.ConfigurationTests.dll" adapterTypeName="executor://xunit/VsTestRunner2/netcoreapp" className="W.DmProvider.ConfigurationTests.ConfigurationTests" name="LegacyMillisecondsAndTypedTimeSpanAgree" />
    </ns0:UnitTest>
    <ns0:UnitTest name="W.DmProvider.ConfigurationTests.ConfigurationTests.DerivedSetterRollbackAndBaseSetterFailureFamilies" storage="/users/wanghongyi/projects/w.dmprovider/.local/verification/r3/t19/runs/0.1.0-r3.20261002220119/private/source/tests/w.dmprovider.configurationtests/bin/release/net10.0/w.dmprovider.configurationtests.dll" id="e8491816-4754-b3c5-11cb-3e1a1d7e46c4">
      <ns0:Execution id="3331022c-29bd-46ac-962b-f3a11944752e" />
      <ns0:TestMethod codeBase="/Users/wanghongyi/Projects/W.DmProvider/.local/verification/r3/t19/runs/0.1.0-r3.20261002220119/private/source/tests/W.DmProvider.ConfigurationTests/bin/Release/net10.0/W.DmProvider.ConfigurationTests.dll" adapterTypeName="executor://xunit/VsTestRunner2/netcoreapp" className="W.DmProvider.ConfigurationTests.ConfigurationTests" name="DerivedSetterRollbackAndBaseSetterFailureFamilies" />
    </ns0:UnitTest>
    <ns0:UnitTest name="W.DmProvider.ConfigurationTests.ConfigurationTests.SchemaEntryPointsShareValidationAndQuoteOneIdentifier" storage="/users/wanghongyi/projects/w.dmprovider/.local/verification/r3/t19/runs/0.1.0-r3.20261002220119/private/source/tests/w.dmprovider.configurationtests/bin/release/net10.0/w.dmprovider.configurationtests.dll" id="5dcd22b8-bb21-5427-3e5c-51a6ac123d71">
      <ns0:Execution id="90c0e4b3-7810-4d4d-a04b-aae61d70e517" />
      <ns0:TestMethod codeBase="/Users/wanghongyi/Projects/W.DmProvider/.local/verification/r3/t19/runs/0.1.0-r3.20261002220119/private/source/tests/W.DmProvider.ConfigurationTests/bin/Release/net10.0/W.DmProvider.ConfigurationTests.dll" adapterTypeName="executor://xunit/VsTestRunner2/netcoreapp" className="W.DmProvider.ConfigurationTests.ConfigurationTests" name="SchemaEntryPointsShareValidationAndQuoteOneIdentifier" />
    </ns0:UnitTest>
    <ns0:UnitTest name="W.DmProvider.ConfigurationTests.ConfigurationTests.SecretAndSnapshotsRemainLocal" storage="/users/wanghongyi/projects/w.dmprovider/.local/verification/r3/t19/runs/0.1.0-r3.20261002220119/private/source/tests/w.dmprovider.configurationtests/bin/release/net10.0/w.dmprovider.configurationtests.dll" id="07a69d97-ae1c-c476-2db9-89aff6f88939">
      <ns0:Execution id="5632794e-c771-4add-bd6d-709fd81294e7" />
      <ns0:TestMethod codeBase="/Users/wanghongyi/Projects/W.DmProvider/.local/verification/r3/t19/runs/0.1.0-r3.20261002220119/private/source/tests/W.DmProvider.ConfigurationTests/bin/Release/net10.0/W.DmProvider.ConfigurationTests.dll" adapterTypeName="executor://xunit/VsTestRunner2/netcoreapp" className="W.DmProvider.ConfigurationTests.ConfigurationTests" name="SecretAndSnapshotsRemainLocal" />
    </ns0:UnitTest>
    <ns0:UnitTest name="W.DmProvider.ConfigurationTests.ConfigurationTests.FixtureCases" storage="/users/wanghongyi/projects/w.dmprovider/.local/verification/r3/t19/runs/0.1.0-r3.20261002220119/private/source/tests/w.dmprovider.configurationtests/bin/release/net10.0/w.dmprovider.configurationtests.dll" id="cb11d85d-fcb1-d048-3169-7936e9ba4060">
      <ns0:Execution id="8a0fe3b8-6c5a-4b45-86b3-9e06c1914835" />
      <ns0:TestMethod codeBase="/Users/wanghongyi/Projects/W.DmProvider/.local/verification/r3/t19/runs/0.1.0-r3.20261002220119/private/source/tests/W.DmProvider.ConfigurationTests/bin/Release/net10.0/W.DmProvider.ConfigurationTests.dll" adapterTypeName="executor://xunit/VsTestRunner2/netcoreapp" className="W.DmProvider.ConfigurationTests.ConfigurationTests" name="FixtureCases" />
    </ns0:UnitTest>
    <ns0:UnitTest name="W.DmProvider.ConfigurationTests.ConfigurationTests.UnsupportedAndAdvancedEntrypointsReject" storage="/users/wanghongyi/projects/w.dmprovider/.local/verification/r3/t19/runs/0.1.0-r3.20261002220119/private/source/tests/w.dmprovider.configurationtests/bin/release/net10.0/w.dmprovider.configurationtests.dll" id="c3d0f3b0-4416-4fca-8770-aeda849f36c5">
      <ns0:Execution id="11b14d1c-c53e-4c3a-995a-514fd40d3c84" />
      <ns0:TestMethod codeBase="/Users/wanghongyi/Projects/W.DmProvider/.local/verification/r3/t19/runs/0.1.0-r3.20261002220119/private/source/tests/W.DmProvider.ConfigurationTests/bin/Release/net10.0/W.DmProvider.ConfigurationTests.dll" adapterTypeName="executor://xunit/VsTestRunner2/netcoreapp" className="W.DmProvider.ConfigurationTests.ConfigurationTests" name="UnsupportedAndAdvancedEntrypointsReject" />
    </ns0:UnitTest>
    <ns0:UnitTest name="W.DmProvider.ConfigurationTests.ConfigurationTests.NegotiatedSecurityFlagsAreRejectedBeforeLegacyCipherUse" storage="/users/wanghongyi/projects/w.dmprovider/.local/verification/r3/t19/runs/0.1.0-r3.20261002220119/private/source/tests/w.dmprovider.configurationtests/bin/release/net10.0/w.dmprovider.configurationtests.dll" id="05b07a3b-d6d8-a3ea-7fc3-94c47d408054">
      <ns0:Execution id="1ba2778f-72cf-47bd-97af-8e26eec29467" />
      <ns0:TestMethod codeBase="/Users/wanghongyi/Projects/W.DmProvider/.local/verification/r3/t19/runs/0.1.0-r3.20261002220119/private/source/tests/W.DmProvider.ConfigurationTests/bin/Release/net10.0/W.DmProvider.ConfigurationTests.dll" adapterTypeName="executor://xunit/VsTestRunner2/netcoreapp" className="W.DmProvider.ConfigurationTests.ConfigurationTests" name="NegotiatedSecurityFlagsAreRejectedBeforeLegacyCipherUse" />
    </ns0:UnitTest>
    <ns0:UnitTest name="W.DmProvider.ConfigurationTests.ConfigurationTests.StrictAliasAssignmentAndRecovery" storage="/users/wanghongyi/projects/w.dmprovider/.local/verification/r3/t19/runs/0.1.0-r3.20261002220119/private/source/tests/w.dmprovider.configurationtests/bin/release/net10.0/w.dmprovider.configurationtests.dll" id="9e976908-d562-15d3-c81e-1a31020635c8">
      <ns0:Execution id="09a4f202-f912-464b-8557-85809b46c0d8" />
      <ns0:TestMethod codeBase="/Users/wanghongyi/Projects/W.DmProvider/.local/verification/r3/t19/runs/0.1.0-r3.20261002220119/private/source/tests/W.DmProvider.ConfigurationTests/bin/Release/net10.0/W.DmProvider.ConfigurationTests.dll" adapterTypeName="executor://xunit/VsTestRunner2/netcoreapp" className="W.DmProvider.ConfigurationTests.ConfigurationTests" name="StrictAliasAssignmentAndRecovery" />
    </ns0:UnitTest>
    <ns0:UnitTest name="W.DmProvider.ConfigurationTests.ConfigurationTests.SafeDefaultsAndStandardUnits" storage="/users/wanghongyi/projects/w.dmprovider/.local/verification/r3/t19/runs/0.1.0-r3.20261002220119/private/source/tests/w.dmprovider.configurationtests/bin/release/net10.0/w.dmprovider.configurationtests.dll" id="af30e4c9-55aa-1a66-e813-43ed28dfd287">
      <ns0:Execution id="bac7a288-744c-4c07-8a13-c457308cfa25" />
      <ns0:TestMethod codeBase="/Users/wanghongyi/Projects/W.DmProvider/.local/verification/r3/t19/runs/0.1.0-r3.20261002220119/private/source/tests/W.DmProvider.ConfigurationTests/bin/Release/net10.0/W.DmProvider.ConfigurationTests.dll" adapterTypeName="executor://xunit/VsTestRunner2/netcoreapp" className="W.DmProvider.ConfigurationTests.ConfigurationTests" name="SafeDefaultsAndStandardUnits" />
    </ns0:UnitTest>
  </ns0:TestDefinitions>
  <ns0:TestEntries>
    <ns0:TestEntry testId="05b07a3b-d6d8-a3ea-7fc3-94c47d408054" executionId="1ba2778f-72cf-47bd-97af-8e26eec29467" testListId="8c84fa94-04c1-424b-9868-57a2d4851a1d" />
    <ns0:TestEntry testId="1b11932d-78a7-1dbd-cb42-73988218ce02" executionId="dff32c6d-01b7-4b0b-818b-9a2a0d81e193" testListId="8c84fa94-04c1-424b-9868-57a2d4851a1d" />
    <ns0:TestEntry testId="5dcd22b8-bb21-5427-3e5c-51a6ac123d71" executionId="90c0e4b3-7810-4d4d-a04b-aae61d70e517" testListId="8c84fa94-04c1-424b-9868-57a2d4851a1d" />
    <ns0:TestEntry testId="c3d0f3b0-4416-4fca-8770-aeda849f36c5" executionId="11b14d1c-c53e-4c3a-995a-514fd40d3c84" testListId="8c84fa94-04c1-424b-9868-57a2d4851a1d" />
    <ns0:TestEntry testId="e8491816-4754-b3c5-11cb-3e1a1d7e46c4" executionId="3331022c-29bd-46ac-962b-f3a11944752e" testListId="8c84fa94-04c1-424b-9868-57a2d4851a1d" />
    <ns0:TestEntry testId="4348633f-e01a-7b39-99a7-115d0b59b801" executionId="c1a649c4-0303-480a-a597-847cd2591ded" testListId="8c84fa94-04c1-424b-9868-57a2d4851a1d" />
    <ns0:TestEntry testId="07a69d97-ae1c-c476-2db9-89aff6f88939" executionId="5632794e-c771-4add-bd6d-709fd81294e7" testListId="8c84fa94-04c1-424b-9868-57a2d4851a1d" />
    <ns0:TestEntry testId="5a852fb5-ecfe-d947-524a-91cb585f36fa" executionId="75f1fe5a-94e9-4a21-90c6-06056ccbdafe" testListId="8c84fa94-04c1-424b-9868-57a2d4851a1d" />
    <ns0:TestEntry testId="cb11d85d-fcb1-d048-3169-7936e9ba4060" executionId="8a0fe3b8-6c5a-4b45-86b3-9e06c1914835" testListId="8c84fa94-04c1-424b-9868-57a2d4851a1d" />
    <ns0:TestEntry testId="9e976908-d562-15d3-c81e-1a31020635c8" executionId="09a4f202-f912-464b-8557-85809b46c0d8" testListId="8c84fa94-04c1-424b-9868-57a2d4851a1d" />
    <ns0:TestEntry testId="af30e4c9-55aa-1a66-e813-43ed28dfd287" executionId="bac7a288-744c-4c07-8a13-c457308cfa25" testListId="8c84fa94-04c1-424b-9868-57a2d4851a1d" />
  </ns0:TestEntries>
  <ns0:TestLists>
    <ns0:TestList name="Results Not in a List" id="8c84fa94-04c1-424b-9868-57a2d4851a1d" />
    <ns0:TestList name="All Loaded Results" id="19431567-8539-422a-85d7-44ee4e166bda" />
  </ns0:TestLists>
  <ns0:ResultSummary outcome="Completed">
    <ns0:Counters total="11" executed="11" passed="11" failed="0" error="0" timeout="0" aborted="0" inconclusive="0" passedButRunAborted="0" notRunnable="0" notExecuted="0" disconnected="0" warning="0" completed="0" inProgress="0" pending="0" />
    </ns0:ResultSummary>
</ns0:TestRun>